
Allocating common symbols
Common symbol       size              file

PCD8544_y           0x1               ..\obj\tm_stm32f4_pcd8544.o
PCD8544_x           0x1               ..\obj\tm_stm32f4_pcd8544.o
PCD8544_Buffer      0x1f8             ..\obj\tm_stm32f4_pcd8544.o
screen              0xfc0             ..\obj\alfabet.o
current             0x20              ..\obj\alfabet.o
actualNick          0x4               ..\obj\main.o

Discarded input sections

 .text          0x00000000        0x0 ..\obj\stm32f4xx_syscfg.o
 .data          0x00000000        0x0 ..\obj\stm32f4xx_syscfg.o
 .bss           0x00000000        0x0 ..\obj\stm32f4xx_syscfg.o
 .text.SYSCFG_DeInit
                0x00000000       0x1c ..\obj\stm32f4xx_syscfg.o
 .text.SYSCFG_MemoryRemapConfig
                0x00000000       0x20 ..\obj\stm32f4xx_syscfg.o
 .text.SYSCFG_EXTILineConfig
                0x00000000       0x84 ..\obj\stm32f4xx_syscfg.o
 .text.SYSCFG_ETH_MediaInterfaceConfig
                0x00000000       0x1c ..\obj\stm32f4xx_syscfg.o
 .text.SYSCFG_CompensationCellCmd
                0x00000000       0x20 ..\obj\stm32f4xx_syscfg.o
 .text.SYSCFG_GetCompensationCellStatus
                0x00000000       0x30 ..\obj\stm32f4xx_syscfg.o
 .debug_info    0x00000000      0x274 ..\obj\stm32f4xx_syscfg.o
 .debug_abbrev  0x00000000      0x133 ..\obj\stm32f4xx_syscfg.o
 .debug_aranges
                0x00000000       0x48 ..\obj\stm32f4xx_syscfg.o
 .debug_ranges  0x00000000       0x38 ..\obj\stm32f4xx_syscfg.o
 .debug_line    0x00000000      0x20a ..\obj\stm32f4xx_syscfg.o
 .debug_str     0x00000000      0x2e9 ..\obj\stm32f4xx_syscfg.o
 .comment       0x00000000       0x6f ..\obj\stm32f4xx_syscfg.o
 .debug_frame   0x00000000       0xf4 ..\obj\stm32f4xx_syscfg.o
 .ARM.attributes
                0x00000000       0x33 ..\obj\stm32f4xx_syscfg.o
 .text          0x00000000        0x0 ..\obj\stm32f4xx_dac.o
 .data          0x00000000        0x0 ..\obj\stm32f4xx_dac.o
 .bss           0x00000000        0x0 ..\obj\stm32f4xx_dac.o
 .text.DAC_DeInit
                0x00000000       0x1c ..\obj\stm32f4xx_dac.o
 .text.DAC_StructInit
                0x00000000       0x2c ..\obj\stm32f4xx_dac.o
 .text.DAC_SoftwareTriggerCmd
                0x00000000       0x4c ..\obj\stm32f4xx_dac.o
 .text.DAC_DualSoftwareTriggerCmd
                0x00000000       0x38 ..\obj\stm32f4xx_dac.o
 .text.DAC_WaveGenerationCmd
                0x00000000       0x4c ..\obj\stm32f4xx_dac.o
 .text.DAC_SetChannel2Data
                0x00000000       0x34 ..\obj\stm32f4xx_dac.o
 .text.DAC_SetDualChannelData
                0x00000000       0x58 ..\obj\stm32f4xx_dac.o
 .text.DAC_GetDataOutputValue
                0x00000000       0x30 ..\obj\stm32f4xx_dac.o
 .text.DAC_DMACmd
                0x00000000       0x4c ..\obj\stm32f4xx_dac.o
 .text.DAC_ITConfig
                0x00000000       0x4c ..\obj\stm32f4xx_dac.o
 .text.DAC_GetFlagStatus
                0x00000000       0x3c ..\obj\stm32f4xx_dac.o
 .text.DAC_ClearFlag
                0x00000000       0x24 ..\obj\stm32f4xx_dac.o
 .text.DAC_GetITStatus
                0x00000000       0x54 ..\obj\stm32f4xx_dac.o
 .text.DAC_ClearITPendingBit
                0x00000000       0x24 ..\obj\stm32f4xx_dac.o
 .text          0x00000000        0x0 ..\obj\music.o
 .bss           0x00000000        0x0 ..\obj\music.o
 .text          0x00000000        0x0 ..\obj\startup_stm32f4xx.o
 .data          0x00000000        0x0 ..\obj\startup_stm32f4xx.o
 .bss           0x00000000        0x0 ..\obj\startup_stm32f4xx.o
 .text          0x00000000        0x0 ..\obj\main.o
 .text          0x00000000        0x0 ..\obj\stm32f4xx_rcc.o
 .data          0x00000000       0x10 ..\obj\stm32f4xx_rcc.o
 .bss           0x00000000        0x0 ..\obj\stm32f4xx_rcc.o
 .text.RCC_DeInit
                0x00000000       0x50 ..\obj\stm32f4xx_rcc.o
 .text.RCC_HSEConfig
                0x00000000       0x24 ..\obj\stm32f4xx_rcc.o
 .text.RCC_WaitForHSEStartUp
                0x00000000       0x50 ..\obj\stm32f4xx_rcc.o
 .text.RCC_AdjustHSICalibrationValue
                0x00000000       0x3c ..\obj\stm32f4xx_rcc.o
 .text.RCC_HSICmd
                0x00000000       0x20 ..\obj\stm32f4xx_rcc.o
 .text.RCC_LSEConfig
                0x00000000       0x40 ..\obj\stm32f4xx_rcc.o
 .text.RCC_LSICmd
                0x00000000       0x20 ..\obj\stm32f4xx_rcc.o
 .text.RCC_PLLConfig
                0x00000000       0x3c ..\obj\stm32f4xx_rcc.o
 .text.RCC_PLLCmd
                0x00000000       0x20 ..\obj\stm32f4xx_rcc.o
 .text.RCC_PLLI2SConfig
                0x00000000       0x28 ..\obj\stm32f4xx_rcc.o
 .text.RCC_PLLI2SCmd
                0x00000000       0x20 ..\obj\stm32f4xx_rcc.o
 .text.RCC_ClockSecuritySystemCmd
                0x00000000       0x20 ..\obj\stm32f4xx_rcc.o
 .text.RCC_MCO1Config
                0x00000000       0x3c ..\obj\stm32f4xx_rcc.o
 .text.RCC_MCO2Config
                0x00000000       0x3c ..\obj\stm32f4xx_rcc.o
 .text.RCC_SYSCLKConfig
                0x00000000       0x38 ..\obj\stm32f4xx_rcc.o
 .text.RCC_GetSYSCLKSource
                0x00000000       0x1c ..\obj\stm32f4xx_rcc.o
 .text.RCC_HCLKConfig
                0x00000000       0x38 ..\obj\stm32f4xx_rcc.o
 .text.RCC_PCLK1Config
                0x00000000       0x38 ..\obj\stm32f4xx_rcc.o
 .text.RCC_PCLK2Config
                0x00000000       0x38 ..\obj\stm32f4xx_rcc.o
 .text.RCC_GetClocksFreq
                0x00000000      0x154 ..\obj\stm32f4xx_rcc.o
 .text.RCC_RTCCLKConfig
                0x00000000       0x5c ..\obj\stm32f4xx_rcc.o
 .text.RCC_RTCCLKCmd
                0x00000000       0x20 ..\obj\stm32f4xx_rcc.o
 .text.RCC_BackupResetCmd
                0x00000000       0x20 ..\obj\stm32f4xx_rcc.o
 .text.RCC_I2SCLKConfig
                0x00000000       0x1c ..\obj\stm32f4xx_rcc.o
 .text.RCC_AHB2PeriphClockCmd
                0x00000000       0x3c ..\obj\stm32f4xx_rcc.o
 .text.RCC_AHB3PeriphClockCmd
                0x00000000       0x3c ..\obj\stm32f4xx_rcc.o
 .text.RCC_APB2PeriphClockCmd
                0x00000000       0x3c ..\obj\stm32f4xx_rcc.o
 .text.RCC_AHB1PeriphResetCmd
                0x00000000       0x3c ..\obj\stm32f4xx_rcc.o
 .text.RCC_AHB2PeriphResetCmd
                0x00000000       0x3c ..\obj\stm32f4xx_rcc.o
 .text.RCC_AHB3PeriphResetCmd
                0x00000000       0x3c ..\obj\stm32f4xx_rcc.o
 .text.RCC_APB1PeriphResetCmd
                0x00000000       0x3c ..\obj\stm32f4xx_rcc.o
 .text.RCC_APB2PeriphResetCmd
                0x00000000       0x3c ..\obj\stm32f4xx_rcc.o
 .text.RCC_AHB1PeriphClockLPModeCmd
                0x00000000       0x3c ..\obj\stm32f4xx_rcc.o
 .text.RCC_AHB2PeriphClockLPModeCmd
                0x00000000       0x3c ..\obj\stm32f4xx_rcc.o
 .text.RCC_AHB3PeriphClockLPModeCmd
                0x00000000       0x3c ..\obj\stm32f4xx_rcc.o
 .text.RCC_APB1PeriphClockLPModeCmd
                0x00000000       0x3c ..\obj\stm32f4xx_rcc.o
 .text.RCC_APB2PeriphClockLPModeCmd
                0x00000000       0x3c ..\obj\stm32f4xx_rcc.o
 .text.RCC_ITConfig
                0x00000000       0x4c ..\obj\stm32f4xx_rcc.o
 .text.RCC_GetFlagStatus
                0x00000000       0x74 ..\obj\stm32f4xx_rcc.o
 .text.RCC_ClearFlag
                0x00000000       0x1c ..\obj\stm32f4xx_rcc.o
 .text.RCC_GetITStatus
                0x00000000       0x34 ..\obj\stm32f4xx_rcc.o
 .text.RCC_ClearITPendingBit
                0x00000000       0x20 ..\obj\stm32f4xx_rcc.o
 .text          0x00000000        0x0 ..\obj\alfabet.o
 .text.WriteSCORE
                0x00000000       0xe4 ..\obj\alfabet.o
 .text.WriteEND
                0x00000000       0xbc ..\obj\alfabet.o
 .text.DrawSnake
                0x00000000      0x678 ..\obj\alfabet.o
 .text          0x00000000        0x0 ..\obj\tm_stm32f4_spi.o
 .data          0x00000000        0x0 ..\obj\tm_stm32f4_spi.o
 .bss           0x00000000        0x0 ..\obj\tm_stm32f4_spi.o
 .text.TM_SPI_InitWithMode
                0x00000000       0x80 ..\obj\tm_stm32f4_spi.o
 .text.TM_SPI_InitFull
                0x00000000       0x88 ..\obj\tm_stm32f4_spi.o
 .text.TM_SPI_GetPrescalerFromMaxFrequency
                0x00000000       0x68 ..\obj\tm_stm32f4_spi.o
 .text.TM_SPI_SetDataSize
                0x00000000       0x78 ..\obj\tm_stm32f4_spi.o
 .text.TM_SPI_SendMulti
                0x00000000       0x98 ..\obj\tm_stm32f4_spi.o
 .text.TM_SPI_WriteMulti
                0x00000000       0x88 ..\obj\tm_stm32f4_spi.o
 .text.TM_SPI_ReadMulti
                0x00000000       0x94 ..\obj\tm_stm32f4_spi.o
 .text.TM_SPI_SendMulti16
                0x00000000       0x98 ..\obj\tm_stm32f4_spi.o
 .text.TM_SPI_WriteMulti16
                0x00000000       0x88 ..\obj\tm_stm32f4_spi.o
 .text.TM_SPI_ReadMulti16
                0x00000000       0x90 ..\obj\tm_stm32f4_spi.o
 .text          0x00000000        0x0 ..\obj\tm_stm32f4_rng.o
 .data          0x00000000        0x0 ..\obj\tm_stm32f4_rng.o
 .bss           0x00000000        0x0 ..\obj\tm_stm32f4_rng.o
 .text.TM_RNG_DeInit
                0x00000000       0x2c ..\obj\tm_stm32f4_rng.o
 .text          0x00000000        0x0 ..\obj\stm32f4xx_gpio.o
 .data          0x00000000        0x0 ..\obj\stm32f4xx_gpio.o
 .bss           0x00000000        0x0 ..\obj\stm32f4xx_gpio.o
 .text.GPIO_DeInit
                0x00000000      0x120 ..\obj\stm32f4xx_gpio.o
 .text.GPIO_StructInit
                0x00000000       0x34 ..\obj\stm32f4xx_gpio.o
 .text.GPIO_PinLockConfig
                0x00000000       0x44 ..\obj\stm32f4xx_gpio.o
 .text.GPIO_ReadInputData
                0x00000000       0x18 ..\obj\stm32f4xx_gpio.o
 .text.GPIO_ReadOutputDataBit
                0x00000000       0x34 ..\obj\stm32f4xx_gpio.o
 .text.GPIO_ReadOutputData
                0x00000000       0x18 ..\obj\stm32f4xx_gpio.o
 .text.GPIO_WriteBit
                0x00000000       0x30 ..\obj\stm32f4xx_gpio.o
 .text.GPIO_Write
                0x00000000       0x1c ..\obj\stm32f4xx_gpio.o
 .text.GPIO_ToggleBits
                0x00000000       0x24 ..\obj\stm32f4xx_gpio.o
 .text.GPIO_PinAFConfig
                0x00000000       0x90 ..\obj\stm32f4xx_gpio.o
 .text          0x00000000        0x0 ..\obj\system_stm32f4xx.o
 .data          0x00000000       0x14 ..\obj\system_stm32f4xx.o
 .bss           0x00000000        0x0 ..\obj\system_stm32f4xx.o
 .text.SystemCoreClockUpdate
                0x00000000       0xf8 ..\obj\system_stm32f4xx.o
 .text          0x00000000        0x0 ..\obj\stm32f4xx_spi.o
 .data          0x00000000        0x0 ..\obj\stm32f4xx_spi.o
 .bss           0x00000000        0x0 ..\obj\stm32f4xx_spi.o
 .text.SPI_I2S_DeInit
                0x00000000       0x74 ..\obj\stm32f4xx_spi.o
 .text.I2S_Init
                0x00000000      0x1b4 ..\obj\stm32f4xx_spi.o
 .text.I2S_StructInit
                0x00000000       0x38 ..\obj\stm32f4xx_spi.o
 .text.SPI_Cmd  0x00000000       0x40 ..\obj\stm32f4xx_spi.o
 .text.I2S_Cmd  0x00000000       0x40 ..\obj\stm32f4xx_spi.o
 .text.SPI_DataSizeConfig
                0x00000000       0x38 ..\obj\stm32f4xx_spi.o
 .text.SPI_BiDirectionalLineConfig
                0x00000000       0x40 ..\obj\stm32f4xx_spi.o
 .text.SPI_NSSInternalSoftwareConfig
                0x00000000       0x44 ..\obj\stm32f4xx_spi.o
 .text.SPI_SSOutputCmd
                0x00000000       0x40 ..\obj\stm32f4xx_spi.o
 .text.SPI_TIModeCmd
                0x00000000       0x40 ..\obj\stm32f4xx_spi.o
 .text.I2S_FullDuplexConfig
                0x00000000       0x9c ..\obj\stm32f4xx_spi.o
 .text.SPI_I2S_ReceiveData
                0x00000000       0x18 ..\obj\stm32f4xx_spi.o
 .text.SPI_I2S_SendData
                0x00000000       0x1c ..\obj\stm32f4xx_spi.o
 .text.SPI_CalculateCRC
                0x00000000       0x40 ..\obj\stm32f4xx_spi.o
 .text.SPI_TransmitCRC
                0x00000000       0x24 ..\obj\stm32f4xx_spi.o
 .text.SPI_GetCRC
                0x00000000       0x30 ..\obj\stm32f4xx_spi.o
 .text.SPI_GetCRCPolynomial
                0x00000000       0x18 ..\obj\stm32f4xx_spi.o
 .text.SPI_I2S_DMACmd
                0x00000000       0x48 ..\obj\stm32f4xx_spi.o
 .text.SPI_I2S_ITConfig
                0x00000000       0x60 ..\obj\stm32f4xx_spi.o
 .text.SPI_I2S_GetFlagStatus
                0x00000000       0x38 ..\obj\stm32f4xx_spi.o
 .text.SPI_I2S_ClearFlag
                0x00000000       0x20 ..\obj\stm32f4xx_spi.o
 .text.SPI_I2S_GetITStatus
                0x00000000       0x74 ..\obj\stm32f4xx_spi.o
 .text.SPI_I2S_ClearITPendingBit
                0x00000000       0x34 ..\obj\stm32f4xx_spi.o
 .text          0x00000000        0x0 ..\obj\misc.o
 .data          0x00000000        0x0 ..\obj\misc.o
 .bss           0x00000000        0x0 ..\obj\misc.o
 .text.NVIC_SetVectorTable
                0x00000000       0x2c ..\obj\misc.o
 .text.NVIC_SystemLPConfig
                0x00000000       0x40 ..\obj\misc.o
 .text.SysTick_CLKSourceConfig
                0x00000000       0x38 ..\obj\misc.o
 .text          0x00000000        0x0 ..\obj\tm_stm32f4_gpio.o
 .data          0x00000000        0x0 ..\obj\tm_stm32f4_gpio.o
 .text.TM_GPIO_Init
                0x00000000       0x48 ..\obj\tm_stm32f4_gpio.o
 .text.TM_GPIO_DeInit
                0x00000000       0x80 ..\obj\tm_stm32f4_gpio.o
 .text.TM_GPIO_SetPinAsInput
                0x00000000       0x50 ..\obj\tm_stm32f4_gpio.o
 .text.TM_GPIO_SetPinAsOutput
                0x00000000       0x5c ..\obj\tm_stm32f4_gpio.o
 .text.TM_GPIO_SetPinAsAnalog
                0x00000000       0x4c ..\obj\tm_stm32f4_gpio.o
 .text.TM_GPIO_SetPinAsAlternate
                0x00000000       0x60 ..\obj\tm_stm32f4_gpio.o
 .text.TM_GPIO_SetPullResistor
                0x00000000       0x64 ..\obj\tm_stm32f4_gpio.o
 .text.TM_GPIO_Lock
                0x00000000       0x38 ..\obj\tm_stm32f4_gpio.o
 .text.TM_GPIO_GetPinSource
                0x00000000       0x30 ..\obj\tm_stm32f4_gpio.o
 .text.TM_GPIO_INT_DisableClock
                0x00000000       0x30 ..\obj\tm_stm32f4_gpio.o
 .text.TM_GPIO_GetUsedPins
                0x00000000       0x24 ..\obj\tm_stm32f4_gpio.o
 .text.TM_GPIO_GetFreePins
                0x00000000       0x28 ..\obj\tm_stm32f4_gpio.o
 .text          0x00000000        0x0 ..\obj\stm32f4xx_tim.o
 .data          0x00000000        0x0 ..\obj\stm32f4xx_tim.o
 .bss           0x00000000        0x0 ..\obj\stm32f4xx_tim.o
 .text.TIM_DeInit
                0x00000000      0x1c0 ..\obj\stm32f4xx_tim.o
 .text.TIM_TimeBaseStructInit
                0x00000000       0x34 ..\obj\stm32f4xx_tim.o
 .text.TIM_PrescalerConfig
                0x00000000       0x28 ..\obj\stm32f4xx_tim.o
 .text.TIM_CounterModeConfig
                0x00000000       0x38 ..\obj\stm32f4xx_tim.o
 .text.TIM_SetAutoreload
                0x00000000       0x1c ..\obj\stm32f4xx_tim.o
 .text.TIM_GetCounter
                0x00000000       0x18 ..\obj\stm32f4xx_tim.o
 .text.TIM_GetPrescaler
                0x00000000       0x18 ..\obj\stm32f4xx_tim.o
 .text.TIM_UpdateDisableConfig
                0x00000000       0x40 ..\obj\stm32f4xx_tim.o
 .text.TIM_UpdateRequestConfig
                0x00000000       0x40 ..\obj\stm32f4xx_tim.o
 .text.TIM_ARRPreloadConfig
                0x00000000       0x40 ..\obj\stm32f4xx_tim.o
 .text.TIM_SelectOnePulseMode
                0x00000000       0x38 ..\obj\stm32f4xx_tim.o
 .text.TIM_SetClockDivision
                0x00000000       0x38 ..\obj\stm32f4xx_tim.o
 .text.TIM_OC1Init
                0x00000000       0xf4 ..\obj\stm32f4xx_tim.o
 .text.TIM_OC2Init
                0x00000000      0x110 ..\obj\stm32f4xx_tim.o
 .text.TIM_OC3Init
                0x00000000      0x10c ..\obj\stm32f4xx_tim.o
 .text.TIM_OC4Init
                0x00000000       0xcc ..\obj\stm32f4xx_tim.o
 .text.TIM_OCStructInit
                0x00000000       0x44 ..\obj\stm32f4xx_tim.o
 .text.TIM_SelectOCxM
                0x00000000       0xb0 ..\obj\stm32f4xx_tim.o
 .text.TIM_SetCompare1
                0x00000000       0x1c ..\obj\stm32f4xx_tim.o
 .text.TIM_SetCompare2
                0x00000000       0x1c ..\obj\stm32f4xx_tim.o
 .text.TIM_SetCompare3
                0x00000000       0x1c ..\obj\stm32f4xx_tim.o
 .text.TIM_SetCompare4
                0x00000000       0x1c ..\obj\stm32f4xx_tim.o
 .text.TIM_ForcedOC1Config
                0x00000000       0x38 ..\obj\stm32f4xx_tim.o
 .text.TIM_ForcedOC2Config
                0x00000000       0x3c ..\obj\stm32f4xx_tim.o
 .text.TIM_ForcedOC3Config
                0x00000000       0x38 ..\obj\stm32f4xx_tim.o
 .text.TIM_ForcedOC4Config
                0x00000000       0x3c ..\obj\stm32f4xx_tim.o
 .text.TIM_OC1PreloadConfig
                0x00000000       0x38 ..\obj\stm32f4xx_tim.o
 .text.TIM_OC2PreloadConfig
                0x00000000       0x3c ..\obj\stm32f4xx_tim.o
 .text.TIM_OC3PreloadConfig
                0x00000000       0x38 ..\obj\stm32f4xx_tim.o
 .text.TIM_OC4PreloadConfig
                0x00000000       0x3c ..\obj\stm32f4xx_tim.o
 .text.TIM_OC1FastConfig
                0x00000000       0x38 ..\obj\stm32f4xx_tim.o
 .text.TIM_OC2FastConfig
                0x00000000       0x3c ..\obj\stm32f4xx_tim.o
 .text.TIM_OC3FastConfig
                0x00000000       0x38 ..\obj\stm32f4xx_tim.o
 .text.TIM_OC4FastConfig
                0x00000000       0x3c ..\obj\stm32f4xx_tim.o
 .text.TIM_ClearOC1Ref
                0x00000000       0x38 ..\obj\stm32f4xx_tim.o
 .text.TIM_ClearOC2Ref
                0x00000000       0x3c ..\obj\stm32f4xx_tim.o
 .text.TIM_ClearOC3Ref
                0x00000000       0x38 ..\obj\stm32f4xx_tim.o
 .text.TIM_ClearOC4Ref
                0x00000000       0x3c ..\obj\stm32f4xx_tim.o
 .text.TIM_OC1PolarityConfig
                0x00000000       0x38 ..\obj\stm32f4xx_tim.o
 .text.TIM_OC1NPolarityConfig
                0x00000000       0x38 ..\obj\stm32f4xx_tim.o
 .text.TIM_OC2PolarityConfig
                0x00000000       0x3c ..\obj\stm32f4xx_tim.o
 .text.TIM_OC2NPolarityConfig
                0x00000000       0x3c ..\obj\stm32f4xx_tim.o
 .text.TIM_OC3PolarityConfig
                0x00000000       0x3c ..\obj\stm32f4xx_tim.o
 .text.TIM_OC3NPolarityConfig
                0x00000000       0x3c ..\obj\stm32f4xx_tim.o
 .text.TIM_OC4PolarityConfig
                0x00000000       0x3c ..\obj\stm32f4xx_tim.o
 .text.TIM_CCxCmd
                0x00000000       0x54 ..\obj\stm32f4xx_tim.o
 .text.TIM_CCxNCmd
                0x00000000       0x54 ..\obj\stm32f4xx_tim.o
 .text.TIM_ICInit
                0x00000000       0xa8 ..\obj\stm32f4xx_tim.o
 .text.TIM_ICStructInit
                0x00000000       0x30 ..\obj\stm32f4xx_tim.o
 .text.TIM_PWMIConfig
                0x00000000       0xb8 ..\obj\stm32f4xx_tim.o
 .text.TIM_GetCapture1
                0x00000000       0x18 ..\obj\stm32f4xx_tim.o
 .text.TIM_GetCapture2
                0x00000000       0x18 ..\obj\stm32f4xx_tim.o
 .text.TIM_GetCapture3
                0x00000000       0x18 ..\obj\stm32f4xx_tim.o
 .text.TIM_GetCapture4
                0x00000000       0x18 ..\obj\stm32f4xx_tim.o
 .text.TIM_SetIC1Prescaler
                0x00000000       0x38 ..\obj\stm32f4xx_tim.o
 .text.TIM_SetIC2Prescaler
                0x00000000       0x3c ..\obj\stm32f4xx_tim.o
 .text.TIM_SetIC3Prescaler
                0x00000000       0x38 ..\obj\stm32f4xx_tim.o
 .text.TIM_SetIC4Prescaler
                0x00000000       0x3c ..\obj\stm32f4xx_tim.o
 .text.TIM_BDTRConfig
                0x00000000       0x50 ..\obj\stm32f4xx_tim.o
 .text.TIM_BDTRStructInit
                0x00000000       0x3c ..\obj\stm32f4xx_tim.o
 .text.TIM_CtrlPWMOutputs
                0x00000000       0x4c ..\obj\stm32f4xx_tim.o
 .text.TIM_SelectCOM
                0x00000000       0x40 ..\obj\stm32f4xx_tim.o
 .text.TIM_CCPreloadControl
                0x00000000       0x40 ..\obj\stm32f4xx_tim.o
 .text.TIM_GenerateEvent
                0x00000000       0x1c ..\obj\stm32f4xx_tim.o
 .text.TIM_GetFlagStatus
                0x00000000       0x38 ..\obj\stm32f4xx_tim.o
 .text.TIM_DMAConfig
                0x00000000       0x28 ..\obj\stm32f4xx_tim.o
 .text.TIM_DMACmd
                0x00000000       0x48 ..\obj\stm32f4xx_tim.o
 .text.TIM_SelectCCDMA
                0x00000000       0x40 ..\obj\stm32f4xx_tim.o
 .text.TIM_InternalClockConfig
                0x00000000       0x24 ..\obj\stm32f4xx_tim.o
 .text.TIM_ITRxExternalClockConfig
                0x00000000       0x30 ..\obj\stm32f4xx_tim.o
 .text.TIM_TIxExternalClockConfig
                0x00000000       0x5c ..\obj\stm32f4xx_tim.o
 .text.TIM_ETRClockMode1Config
                0x00000000       0x60 ..\obj\stm32f4xx_tim.o
 .text.TIM_ETRClockMode2Config
                0x00000000       0x40 ..\obj\stm32f4xx_tim.o
 .text.TIM_SelectInputTrigger
                0x00000000       0x38 ..\obj\stm32f4xx_tim.o
 .text.TIM_SelectOutputTrigger
                0x00000000       0x38 ..\obj\stm32f4xx_tim.o
 .text.TIM_SelectSlaveMode
                0x00000000       0x38 ..\obj\stm32f4xx_tim.o
 .text.TIM_SelectMasterSlaveMode
                0x00000000       0x38 ..\obj\stm32f4xx_tim.o
 .text.TIM_ETRConfig
                0x00000000       0x54 ..\obj\stm32f4xx_tim.o
 .text.TIM_EncoderInterfaceConfig
                0x00000000       0x98 ..\obj\stm32f4xx_tim.o
 .text.TIM_SelectHallSensor
                0x00000000       0x40 ..\obj\stm32f4xx_tim.o
 .text.TIM_RemapConfig
                0x00000000       0x20 ..\obj\stm32f4xx_tim.o
 .text.TI1_Config
                0x00000000       0x84 ..\obj\stm32f4xx_tim.o
 .text.TI2_Config
                0x00000000       0x98 ..\obj\stm32f4xx_tim.o
 .text.TI3_Config
                0x00000000       0x90 ..\obj\stm32f4xx_tim.o
 .text.TI4_Config
                0x00000000       0x9c ..\obj\stm32f4xx_tim.o
 .text          0x00000000        0x0 ..\obj\tm_stm32f4_pcd8544.o
 .data          0x00000000        0x0 ..\obj\tm_stm32f4_pcd8544.o
 .rodata        0x00000000      0x386 ..\obj\tm_stm32f4_pcd8544.o
 .text.PCD8544_SetContrast
                0x00000000       0x40 ..\obj\tm_stm32f4_pcd8544.o
 .text.PCD8544_Invert
                0x00000000       0x2c ..\obj\tm_stm32f4_pcd8544.o
 .text.PCD8544_Putc
                0x00000000      0x158 ..\obj\tm_stm32f4_pcd8544.o
 .text.PCD8544_Puts
                0x00000000       0x34 ..\obj\tm_stm32f4_pcd8544.o
 .text.PCD8544_DrawLine
                0x00000000      0x1a4 ..\obj\tm_stm32f4_pcd8544.o
 .text.PCD8544_DrawRectangle
                0x00000000       0x70 ..\obj\tm_stm32f4_pcd8544.o
 .text.PCD8544_DrawFilledRectangle
                0x00000000       0x48 ..\obj\tm_stm32f4_pcd8544.o
 .text.PCD8544_DrawCircle
                0x00000000      0x1cc ..\obj\tm_stm32f4_pcd8544.o
 .text.PCD8544_DrawFilledCircle
                0x00000000      0x1d8 ..\obj\tm_stm32f4_pcd8544.o

Memory Configuration

Name             Origin             Length             Attributes
rom              0x08000000         0x00100000         xr
ram              0x20000000         0x00020000         xrw
ram1             0x10000000         0x00010000         xrw
*default*        0x00000000         0xffffffff

Linker script and memory map

                0x20020000                _eram = 0x20020000

.text           0x08000000     0xd3c8
 *(.isr_vector .isr_vector.*)
 .isr_vector    0x08000000      0x188 ..\obj\startup_stm32f4xx.o
                0x08000000                g_pfnVectors
 *(.text .text.* .gnu.linkonce.t.*)
 .text.DAC_Init
                0x08000188       0x64 ..\obj\stm32f4xx_dac.o
                0x08000188                DAC_Init
 .text.DAC_Cmd  0x080001ec       0x48 ..\obj\stm32f4xx_dac.o
                0x080001ec                DAC_Cmd
 .text.DAC_SetChannel1Data
                0x08000234       0x34 ..\obj\stm32f4xx_dac.o
                0x08000234                DAC_SetChannel1Data
 .text.Default_Reset_Handler
                0x08000268       0x5c ..\obj\startup_stm32f4xx.o
                0x08000268                Default_Reset_Handler
                0x08000268                Reset_Handler
 .text.Default_Handler
                0x080002c4        0x8 ..\obj\startup_stm32f4xx.o
                0x080002c4                RTC_Alarm_IRQHandler
                0x080002c4                HASH_RNG_IRQHandler
                0x080002c4                EXTI2_IRQHandler
                0x080002c4                TIM8_CC_IRQHandler
                0x080002c4                DebugMon_Handler
                0x080002c4                TIM1_CC_IRQHandler
                0x080002c4                DMA2_Stream5_IRQHandler
                0x080002c4                HardFault_Handler
                0x080002c4                DMA1_Stream5_IRQHandler
                0x080002c4                SysTick_Handler
                0x080002c4                PVD_IRQHandler
                0x080002c4                SDIO_IRQHandler
                0x080002c4                TAMP_STAMP_IRQHandler
                0x080002c4                PendSV_Handler
                0x080002c4                NMI_Handler
                0x080002c4                CAN2_RX1_IRQHandler
                0x080002c4                EXTI3_IRQHandler
                0x080002c4                TIM8_TRG_COM_TIM14_IRQHandler
                0x080002c4                TIM1_UP_TIM10_IRQHandler
                0x080002c4                TIM8_UP_TIM13_IRQHandler
                0x080002c4                I2C3_ER_IRQHandler
                0x080002c4                EXTI0_IRQHandler
                0x080002c4                I2C2_EV_IRQHandler
                0x080002c4                DMA1_Stream2_IRQHandler
                0x080002c4                CAN1_RX0_IRQHandler
                0x080002c4                FPU_IRQHandler
                0x080002c4                OTG_HS_WKUP_IRQHandler
                0x080002c4                UsageFault_Handler
                0x080002c4                CAN2_SCE_IRQHandler
                0x080002c4                DMA2_Stream2_IRQHandler
                0x080002c4                SPI1_IRQHandler
                0x080002c4                TIM6_DAC_IRQHandler
                0x080002c4                TIM1_BRK_TIM9_IRQHandler
                0x080002c4                DCMI_IRQHandler
                0x080002c4                CAN2_RX0_IRQHandler
                0x080002c4                DMA2_Stream3_IRQHandler
                0x080002c4                USART6_IRQHandler
                0x080002c4                USART3_IRQHandler
                0x080002c4                CRYP_IRQHandler
                0x080002c4                CAN1_RX1_IRQHandler
                0x080002c4                UART5_IRQHandler
                0x080002c4                DMA2_Stream0_IRQHandler
                0x080002c4                TIM4_IRQHandler
                0x080002c4                I2C1_EV_IRQHandler
                0x080002c4                DMA1_Stream6_IRQHandler
                0x080002c4                DMA1_Stream1_IRQHandler
                0x080002c4                UART4_IRQHandler
                0x080002c4                RCC_IRQHandler
                0x080002c4                TIM8_BRK_TIM12_IRQHandler
                0x080002c4                EXTI15_10_IRQHandler
                0x080002c4                ADC_IRQHandler
                0x080002c4                DMA1_Stream7_IRQHandler
                0x080002c4                TIM7_IRQHandler
                0x080002c4                CAN2_TX_IRQHandler
                0x080002c4                DMA2_Stream7_IRQHandler
                0x080002c4                I2C3_EV_IRQHandler
                0x080002c4                EXTI9_5_IRQHandler
                0x080002c4                RTC_WKUP_IRQHandler
                0x080002c4                ETH_WKUP_IRQHandler
                0x080002c4                SPI2_IRQHandler
                0x080002c4                OTG_HS_EP1_IN_IRQHandler
                0x080002c4                MemManage_Handler
                0x080002c4                DMA1_Stream0_IRQHandler
                0x080002c4                CAN1_TX_IRQHandler
                0x080002c4                SVC_Handler
                0x080002c4                EXTI4_IRQHandler
                0x080002c4                FSMC_IRQHandler
                0x080002c4                ETH_IRQHandler
                0x080002c4                OTG_HS_EP1_OUT_IRQHandler
                0x080002c4                WWDG_IRQHandler
                0x080002c4                OTG_FS_WKUP_IRQHandler
                0x080002c4                TIM1_TRG_COM_TIM11_IRQHandler
                0x080002c4                OTG_HS_IRQHandler
                0x080002c4                EXTI1_IRQHandler
                0x080002c4                USART2_IRQHandler
                0x080002c4                I2C2_ER_IRQHandler
                0x080002c4                DMA2_Stream1_IRQHandler
                0x080002c4                CAN1_SCE_IRQHandler
                0x080002c4                FLASH_IRQHandler
                0x080002c4                DMA2_Stream4_IRQHandler
                0x080002c4                BusFault_Handler
                0x080002c4                USART1_IRQHandler
                0x080002c4                OTG_FS_IRQHandler
                0x080002c4                SPI3_IRQHandler
                0x080002c4                DMA1_Stream4_IRQHandler
                0x080002c4                I2C1_ER_IRQHandler
                0x080002c4                DMA2_Stream6_IRQHandler
                0x080002c4                DMA1_Stream3_IRQHandler
 .text.INITSYS  0x080002cc      0x218 ..\obj\main.o
                0x080002cc                INITSYS
 .text.TetrisButtons
                0x080004e4       0xf4 ..\obj\main.o
                0x080004e4                TetrisButtons
 .text.MenuButtons
                0x080005d8       0xf4 ..\obj\main.o
                0x080005d8                MenuButtons
 .text.TIM3_IRQHandler
                0x080006cc       0xa0 ..\obj\main.o
                0x080006cc                TIM3_IRQHandler
 .text.TIM2_IRQHandler
                0x0800076c      0x600 ..\obj\main.o
                0x0800076c                TIM2_IRQHandler
 .text.TIM5_IRQHandler
                0x08000d6c       0x5c ..\obj\main.o
                0x08000d6c                TIM5_IRQHandler
 .text.main     0x08000dc8      0x2f0 ..\obj\main.o
                0x08000dc8                main
 .text.RCC_AHB1PeriphClockCmd
                0x080010b8       0x3c ..\obj\stm32f4xx_rcc.o
                0x080010b8                RCC_AHB1PeriphClockCmd
 .text.RCC_APB1PeriphClockCmd
                0x080010f4       0x3c ..\obj\stm32f4xx_rcc.o
                0x080010f4                RCC_APB1PeriphClockCmd
 .text.AddToRank
                0x08001130       0x98 ..\obj\alfabet.o
                0x08001130                AddToRank
 .text.FillRank
                0x080011c8       0x68 ..\obj\alfabet.o
                0x080011c8                FillRank
 .text.Pow      0x08001230       0x30 ..\obj\alfabet.o
                0x08001230                Pow
 .text.DrawRank
                0x08001260      0x288 ..\obj\alfabet.o
                0x08001260                DrawRank
 .text.Abs      0x080014e8       0x20 ..\obj\alfabet.o
                0x080014e8                Abs
 .text.DrawA    0x08001508      0x14c ..\obj\alfabet.o
                0x08001508                DrawA
 .text.DrawB    0x08001654       0x94 ..\obj\alfabet.o
                0x08001654                DrawB
 .text.DrawC    0x080016e8       0xb4 ..\obj\alfabet.o
                0x080016e8                DrawC
 .text.DrawD    0x0800179c       0x64 ..\obj\alfabet.o
                0x0800179c                DrawD
 .text.DrawE    0x08001800       0xe8 ..\obj\alfabet.o
                0x08001800                DrawE
 .text.DrawF    0x080018e8       0xb4 ..\obj\alfabet.o
                0x080018e8                DrawF
 .text.DrawG    0x0800199c       0xa4 ..\obj\alfabet.o
                0x0800199c                DrawG
 .text.DrawH    0x08001a40       0xb8 ..\obj\alfabet.o
                0x08001a40                DrawH
 .text.DrawI    0x08001af8       0x5c ..\obj\alfabet.o
                0x08001af8                DrawI
 .text.DrawJ    0x08001b54       0xbc ..\obj\alfabet.o
                0x08001b54                DrawJ
 .text.DrawK    0x08001c10      0x124 ..\obj\alfabet.o
                0x08001c10                DrawK
 .text.DrawL    0x08001d34       0x88 ..\obj\alfabet.o
                0x08001d34                DrawL
 .text.DrawM    0x08001dbc      0x1a0 ..\obj\alfabet.o
                0x08001dbc                DrawM
 .text.DrawN    0x08001f5c      0x20c ..\obj\alfabet.o
                0x08001f5c                DrawN
 .text.DrawO    0x08002168       0xec ..\obj\alfabet.o
                0x08002168                DrawO
 .text.DrawP    0x08002254       0xe8 ..\obj\alfabet.o
                0x08002254                DrawP
 .text.DrawQ    0x0800233c       0xa0 ..\obj\alfabet.o
                0x0800233c                DrawQ
 .text.DrawR    0x080023dc      0x120 ..\obj\alfabet.o
                0x080023dc                DrawR
 .text.DrawS    0x080024fc      0x11c ..\obj\alfabet.o
                0x080024fc                DrawS
 .text.DrawT    0x08002618       0x58 ..\obj\alfabet.o
                0x08002618                DrawT
 .text.DrawU    0x08002670       0xbc ..\obj\alfabet.o
                0x08002670                DrawU
 .text.DrawV    0x0800272c      0x1c0 ..\obj\alfabet.o
                0x0800272c                DrawV
 .text.DrawW    0x080028ec      0x1e0 ..\obj\alfabet.o
                0x080028ec                DrawW
 .text.DrawX    0x08002acc      0x29c ..\obj\alfabet.o
                0x08002acc                DrawX
 .text.DrawY    0x08002d68      0x1b4 ..\obj\alfabet.o
                0x08002d68                DrawY
 .text.DrawZ    0x08002f1c      0x200 ..\obj\alfabet.o
                0x08002f1c                DrawZ
 .text.DrawDoubleDot
                0x0800311c       0x4c ..\obj\alfabet.o
                0x0800311c                DrawDoubleDot
 .text.DrawLetter
                0x08003168      0x1fc ..\obj\alfabet.o
                0x08003168                DrawLetter
 .text.Draw0    0x08003364       0x24 ..\obj\alfabet.o
                0x08003364                Draw0
 .text.Draw1    0x08003388       0x88 ..\obj\alfabet.o
                0x08003388                Draw1
 .text.Draw2    0x08003410      0x11c ..\obj\alfabet.o
                0x08003410                Draw2
 .text.Draw3    0x0800352c       0xec ..\obj\alfabet.o
                0x0800352c                Draw3
 .text.Draw4    0x08003618       0xe8 ..\obj\alfabet.o
                0x08003618                Draw4
 .text.Draw5    0x08003700       0x24 ..\obj\alfabet.o
                0x08003700                Draw5
 .text.Draw6    0x08003724      0x120 ..\obj\alfabet.o
                0x08003724                Draw6
 .text.Draw7    0x08003844       0x84 ..\obj\alfabet.o
                0x08003844                Draw7
 .text.Draw8    0x080038c8       0x58 ..\obj\alfabet.o
                0x080038c8                Draw8
 .text.Draw9    0x08003920       0x5c ..\obj\alfabet.o
                0x08003920                Draw9
 .text.DrawTetrisBorder
                0x0800397c       0x88 ..\obj\alfabet.o
                0x0800397c                DrawTetrisBorder
 .text.DrawChangePointerUP
                0x08003a04       0xe8 ..\obj\alfabet.o
                0x08003a04                DrawChangePointerUP
 .text.ClearChangePointerUP
                0x08003aec       0xe8 ..\obj\alfabet.o
                0x08003aec                ClearChangePointerUP
 .text.DrawChangePointerDOWN
                0x08003bd4       0xec ..\obj\alfabet.o
                0x08003bd4                DrawChangePointerDOWN
 .text.ClearChangePointerDOWN
                0x08003cc0       0xec ..\obj\alfabet.o
                0x08003cc0                ClearChangePointerDOWN
 .text.DrawPointer
                0x08003dac       0xd0 ..\obj\alfabet.o
                0x08003dac                DrawPointer
 .text.ClearPointer
                0x08003e7c       0x34 ..\obj\alfabet.o
                0x08003e7c                ClearPointer
 .text.DrawChunk
                0x08003eb0       0xc8 ..\obj\alfabet.o
                0x08003eb0                DrawChunk
 .text.ClearChunk
                0x08003f78       0xc8 ..\obj\alfabet.o
                0x08003f78                ClearChunk
 .text.ClearChunk2
                0x08004040       0xe4 ..\obj\alfabet.o
                0x08004040                ClearChunk2
 .text.DrawShapeSquare
                0x08004124       0xb0 ..\obj\alfabet.o
                0x08004124                DrawShapeSquare
 .text.DrawShapeRectangleH
                0x080041d4       0xb0 ..\obj\alfabet.o
                0x080041d4                DrawShapeRectangleH
 .text.DrawShapeRectangleV
                0x08004284       0xb0 ..\obj\alfabet.o
                0x08004284                DrawShapeRectangleV
 .text.DrawShapeLH
                0x08004334       0xb8 ..\obj\alfabet.o
                0x08004334                DrawShapeLH
 .text.DrawShapeLHInv
                0x080043ec       0xa4 ..\obj\alfabet.o
                0x080043ec                DrawShapeLHInv
 .text.DrawShapeLHMir
                0x08004490       0xb8 ..\obj\alfabet.o
                0x08004490                DrawShapeLHMir
 .text.DrawShapeLHInvMir
                0x08004548       0xa4 ..\obj\alfabet.o
                0x08004548                DrawShapeLHInvMir
 .text.DrawShapeLV
                0x080045ec       0xb8 ..\obj\alfabet.o
                0x080045ec                DrawShapeLV
 .text.DrawShapeLVInv
                0x080046a4       0xb8 ..\obj\alfabet.o
                0x080046a4                DrawShapeLVInv
 .text.DrawShapeLVMir
                0x0800475c       0xa4 ..\obj\alfabet.o
                0x0800475c                DrawShapeLVMir
 .text.DrawShapeLVInvMir
                0x08004800       0xa4 ..\obj\alfabet.o
                0x08004800                DrawShapeLVInvMir
 .text.DrawShapeTH
                0x080048a4       0xb4 ..\obj\alfabet.o
                0x080048a4                DrawShapeTH
 .text.DrawShapeTHInv
                0x08004958       0xb4 ..\obj\alfabet.o
                0x08004958                DrawShapeTHInv
 .text.DrawShapeTV
                0x08004a0c       0xb4 ..\obj\alfabet.o
                0x08004a0c                DrawShapeTV
 .text.DrawShapeTVInv
                0x08004ac0       0xb4 ..\obj\alfabet.o
                0x08004ac0                DrawShapeTVInv
 .text.DrawShapeZH
                0x08004b74       0xc4 ..\obj\alfabet.o
                0x08004b74                DrawShapeZH
 .text.DrawShapeZHInv
                0x08004c38       0xc8 ..\obj\alfabet.o
                0x08004c38                DrawShapeZHInv
 .text.DrawShapeZV
                0x08004d00       0xb0 ..\obj\alfabet.o
                0x08004d00                DrawShapeZV
 .text.DrawShapeZVInv
                0x08004db0       0xb0 ..\obj\alfabet.o
                0x08004db0                DrawShapeZVInv
 .text.WriteFUNCTOSTART
                0x08004e60      0x108 ..\obj\alfabet.o
                0x08004e60                WriteFUNCTOSTART
 .text.WriteNEWGAME
                0x08004f68       0xa8 ..\obj\alfabet.o
                0x08004f68                WriteNEWGAME
 .text.WriteRANK
                0x08005010       0x64 ..\obj\alfabet.o
                0x08005010                WriteRANK
 .text.WriteEXIT
                0x08005074       0x64 ..\obj\alfabet.o
                0x08005074                WriteEXIT
 .text.WriteTETRIS
                0x080050d8       0x90 ..\obj\alfabet.o
                0x080050d8                WriteTETRIS
 .text.WriteGAMEOVER
                0x08005168       0xcc ..\obj\alfabet.o
                0x08005168                WriteGAMEOVER
 .text.WriteSETNICK
                0x08005234       0xa8 ..\obj\alfabet.o
                0x08005234                WriteSETNICK
 .text.TetrisMenu
                0x080052dc      0x1f8 ..\obj\alfabet.o
                0x080052dc                TetrisMenu
 .text.MoveScreenDownFrom
                0x080054d4       0x9c ..\obj\alfabet.o
                0x080054d4                MoveScreenDownFrom
 .text.CheckHorizontal
                0x08005570       0xb0 ..\obj\alfabet.o
                0x08005570                CheckHorizontal
 .text.ClearRow
                0x08005620       0x44 ..\obj\alfabet.o
                0x08005620                ClearRow
 .text.ClearScreen
                0x08005664       0x5c ..\obj\alfabet.o
                0x08005664                ClearScreen
 .text.DrawScreen
                0x080056c0       0x74 ..\obj\alfabet.o
                0x080056c0                DrawScreen
 .text.FillREC  0x08005734       0x88 ..\obj\alfabet.o
                0x08005734                FillREC
 .text.DrawNumber
                0x080057bc       0xd8 ..\obj\alfabet.o
                0x080057bc                DrawNumber
 .text.ParseScore
                0x08005894      0x444 ..\obj\alfabet.o
                0x08005894                ParseScore
 .text.MoveRight
                0x08005cd8     0x198c ..\obj\alfabet.o
                0x08005cd8                MoveRight
 .text.MoveLeft
                0x08007664     0x1728 ..\obj\alfabet.o
                0x08007664                MoveLeft
 .text.MoveDown
                0x08008d8c     0x19d0 ..\obj\alfabet.o
                0x08008d8c                MoveDown
 .text.SpawnBlock
                0x0800a75c      0xc24 ..\obj\alfabet.o
                0x0800a75c                SpawnBlock
 .text.Turn     0x0800b380      0xf54 ..\obj\alfabet.o
                0x0800b380                Turn
 .text.TM_SPI_Init
                0x0800c2d4       0x7c ..\obj\tm_stm32f4_spi.o
                0x0800c2d4                TM_SPI_Init
 .text.TM_SPI_InitCustomPinsCallback
                0x0800c350       0x18 ..\obj\tm_stm32f4_spi.o
                0x0800c350                TM_SPI_InitCustomPinsCallback
 .text.TM_SPIx_Init
                0x0800c368      0x11c ..\obj\tm_stm32f4_spi.o
 .text.TM_SPI1_INT_InitPins
                0x0800c484       0x60 ..\obj\tm_stm32f4_spi.o
                0x0800c484                TM_SPI1_INT_InitPins
 .text.TM_SPI2_INT_InitPins
                0x0800c4e4       0x98 ..\obj\tm_stm32f4_spi.o
                0x0800c4e4                TM_SPI2_INT_InitPins
 .text.TM_SPI3_INT_InitPins
                0x0800c57c       0x64 ..\obj\tm_stm32f4_spi.o
                0x0800c57c                TM_SPI3_INT_InitPins
 .text.TM_RNG_Init
                0x0800c5e0       0x2c ..\obj\tm_stm32f4_rng.o
                0x0800c5e0                TM_RNG_Init
 .text.TM_RNG_Get
                0x0800c60c       0x24 ..\obj\tm_stm32f4_rng.o
                0x0800c60c                TM_RNG_Get
 .text.GPIO_Init
                0x0800c630      0x11c ..\obj\stm32f4xx_gpio.o
                0x0800c630                GPIO_Init
 .text.GPIO_ReadInputDataBit
                0x0800c74c       0x34 ..\obj\stm32f4xx_gpio.o
                0x0800c74c                GPIO_ReadInputDataBit
 .text.GPIO_SetBits
                0x0800c780       0x1c ..\obj\stm32f4xx_gpio.o
                0x0800c780                GPIO_SetBits
 .text.GPIO_ResetBits
                0x0800c79c       0x1c ..\obj\stm32f4xx_gpio.o
                0x0800c79c                GPIO_ResetBits
 .text.SystemInit
                0x0800c7b8       0x5c ..\obj\system_stm32f4xx.o
                0x0800c7b8                SystemInit
 .text.SetSysClock
                0x0800c814       0xf4 ..\obj\system_stm32f4xx.o
 .text.SPI_Init
                0x0800c908       0x88 ..\obj\stm32f4xx_spi.o
                0x0800c908                SPI_Init
 .text.SPI_StructInit
                0x0800c990       0x48 ..\obj\stm32f4xx_spi.o
                0x0800c990                SPI_StructInit
 .text.NVIC_PriorityGroupConfig
                0x0800c9d8       0x24 ..\obj\misc.o
                0x0800c9d8                NVIC_PriorityGroupConfig
 .text.NVIC_Init
                0x0800c9fc       0xc0 ..\obj\misc.o
                0x0800c9fc                NVIC_Init
 .text.TM_GPIO_InitAlternate
                0x0800cabc       0xa8 ..\obj\tm_stm32f4_gpio.o
                0x0800cabc                TM_GPIO_InitAlternate
 .text.TM_GPIO_GetPortSource
                0x0800cb64       0x20 ..\obj\tm_stm32f4_gpio.o
                0x0800cb64                TM_GPIO_GetPortSource
 .text.TM_GPIO_INT_EnableClock
                0x0800cb84       0x30 ..\obj\tm_stm32f4_gpio.o
                0x0800cb84                TM_GPIO_INT_EnableClock
 .text.TM_GPIO_INT_Init
                0x0800cbb4      0x10c ..\obj\tm_stm32f4_gpio.o
                0x0800cbb4                TM_GPIO_INT_Init
 .text.TIM_TimeBaseInit
                0x0800ccc0       0xd4 ..\obj\stm32f4xx_tim.o
                0x0800ccc0                TIM_TimeBaseInit
 .text.TIM_SetCounter
                0x0800cd94       0x1c ..\obj\stm32f4xx_tim.o
                0x0800cd94                TIM_SetCounter
 .text.TIM_Cmd  0x0800cdb0       0x40 ..\obj\stm32f4xx_tim.o
                0x0800cdb0                TIM_Cmd
 .text.TIM_ITConfig
                0x0800cdf0       0x48 ..\obj\stm32f4xx_tim.o
                0x0800cdf0                TIM_ITConfig
 .text.TIM_ClearFlag
                0x0800ce38       0x20 ..\obj\stm32f4xx_tim.o
                0x0800ce38                TIM_ClearFlag
 .text.TIM_GetITStatus
                0x0800ce58       0x54 ..\obj\stm32f4xx_tim.o
                0x0800ce58                TIM_GetITStatus
 .text.TIM_ClearITPendingBit
                0x0800ceac       0x20 ..\obj\stm32f4xx_tim.o
                0x0800ceac                TIM_ClearITPendingBit
 .text.TM_SPI_Send
                0x0800cecc       0x74 ..\obj\tm_stm32f4_pcd8544.o
 .text.PCD8544_InitIO
                0x0800cf40       0x7c ..\obj\tm_stm32f4_pcd8544.o
                0x0800cf40                PCD8544_InitIO
 .text.PCD8544_send
                0x0800cfbc       0x38 ..\obj\tm_stm32f4_pcd8544.o
                0x0800cfbc                PCD8544_send
 .text.PCD8544_Pin
                0x0800cff4       0x64 ..\obj\tm_stm32f4_pcd8544.o
                0x0800cff4                PCD8544_Pin
 .text.PCD8544_Delay
                0x0800d058       0x28 ..\obj\tm_stm32f4_pcd8544.o
                0x0800d058                PCD8544_Delay
 .text.PCD8544_Init
                0x0800d080       0x7c ..\obj\tm_stm32f4_pcd8544.o
                0x0800d080                PCD8544_Init
 .text.PCD8544_Write
                0x0800d0fc       0x40 ..\obj\tm_stm32f4_pcd8544.o
                0x0800d0fc                PCD8544_Write
 .text.PCD8544_DrawPixel
                0x0800d13c       0xbc ..\obj\tm_stm32f4_pcd8544.o
                0x0800d13c                PCD8544_DrawPixel
 .text.PCD8544_Clear
                0x0800d1f8       0x4c ..\obj\tm_stm32f4_pcd8544.o
                0x0800d1f8                PCD8544_Clear
 .text.PCD8544_Home
                0x0800d244       0x18 ..\obj\tm_stm32f4_pcd8544.o
                0x0800d244                PCD8544_Home
 .text.PCD8544_Refresh
                0x0800d25c       0xc4 ..\obj\tm_stm32f4_pcd8544.o
                0x0800d25c                PCD8544_Refresh
 .text.PCD8544_UpdateArea
                0x0800d320       0x78 ..\obj\tm_stm32f4_pcd8544.o
                0x0800d320                PCD8544_UpdateArea
 .text.PCD8544_GotoXY
                0x0800d398       0x30 ..\obj\tm_stm32f4_pcd8544.o
                0x0800d398                PCD8544_GotoXY
 *(.glue_7t)
 .glue_7t       0x0800d3c8        0x0 linker stubs
 *(.glue_7)
 .glue_7        0x0800d3c8        0x0 linker stubs
 *(.rodata .rodata* .gnu.linkonce.r.*)

.vfp11_veneer   0x0800d3c8        0x0
 .vfp11_veneer  0x0800d3c8        0x0 linker stubs

.v4_bx          0x0800d3c8        0x0
 .v4_bx         0x0800d3c8        0x0 linker stubs

.iplt           0x0800d3c8        0x0
 .iplt          0x0800d3c8        0x0 ..\obj\stm32f4xx_syscfg.o

.rel.dyn        0x0800d3c8        0x0
 .rel.iplt      0x0800d3c8        0x0 ..\obj\stm32f4xx_syscfg.o

.ARM.extab
 *(.ARM.extab* .gnu.linkonce.armextab.*)
                0x0800d3c8                __exidx_start = .

.ARM.exidx
 *(.ARM.exidx* .gnu.linkonce.armexidx.*)
                0x0800d3c8                __exidx_end = .
                0x0800d3c8                . = ALIGN (0x4)
                0x0800d3c8                _etext = .
                0x0800d3c8                _sidata = .

.data           0x20000000    0x19354 load address 0x0800d3c8
                0x20000000                _sdata = .
 *(.data .data.*)
 .data          0x20000000    0x19330 ..\obj\music.o
                0x20000000                music
 .data          0x20019330       0x1c ..\obj\main.o
                0x20019330                spawn
                0x20019331                movement
                0x20019334                choiceX
                0x20019338                a1
                0x2001933c                a2
                0x20019340                a3
                0x20019344                a4
                0x20019348                letterPos
 .data          0x2001934c        0x8 ..\obj\alfabet.o
                0x2001934c                z
                0x20019350                shape
                0x20019354                . = ALIGN (0x4)
                0x20019354                _edata = .

.igot.plt       0x20019354        0x0 load address 0x0802671c
 .igot.plt      0x20019354        0x0 ..\obj\stm32f4xx_syscfg.o

.bss            0x20019354     0x1258 load address 0x0802671c
                0x20019354                _sbss = .
 *(.bss .bss.*)
 .bss           0x20019354       0x1c ..\obj\main.o
                0x20019354                right
                0x20019355                left
                0x20019356                down
                0x20019357                turn
                0x20019358                next
                0x20019359                prev
                0x2001935a                select
                0x2001935b                back
                0x2001935c                func
                0x2001935d                end
                0x20019360                choice
                0x20019364                coll
                0x20019368                soundPlayer
                0x2001936c                letterSelect
 .bss           0x20019370       0x40 ..\obj\alfabet.o
                0x20019370                collision
                0x20019371                gameOver
                0x20019374                score
                0x20019378                rank
 .bss           0x200193b0       0x16 ..\obj\tm_stm32f4_gpio.o
 .bss           0x200193c6        0x4 ..\obj\tm_stm32f4_pcd8544.o
                0x200193c6                PCD8544_UpdateXmin
                0x200193c7                PCD8544_UpdateXmax
                0x200193c8                PCD8544_UpdateYmin
                0x200193c9                PCD8544_UpdateYmax
 *(COMMON)
 *fill*         0x200193ca        0x2 
 COMMON         0x200193cc        0x4 ..\obj\main.o
                0x200193cc                actualNick
 COMMON         0x200193d0      0xfe0 ..\obj\alfabet.o
                0x200193d0                screen
                0x2001a390                current
 COMMON         0x2001a3b0      0x1fc ..\obj\tm_stm32f4_pcd8544.o
                0x2001a3b0                PCD8544_y
                0x2001a3b1                PCD8544_x
                0x2001a3b4                PCD8544_Buffer
                0x2001a5ac                . = ALIGN (0x4)
                0x2001a5ac                _ebss = .

.co_stack       0x2001a5ac      0x804 load address 0x08027974
                0x2001a5b0                . = ALIGN (0x8)
 *fill*         0x2001a5ac        0x4 
 *(.co_stack .co_stack.*)
 .co_stack      0x2001a5b0      0x800 ..\obj\startup_stm32f4xx.o
                0x2001a5b0                pulStack
                0x2001adb0                . = ALIGN (0x4)
                0x2001adb0                _end = .
LOAD ..\obj\stm32f4xx_syscfg.o
LOAD ..\obj\stm32f4xx_dac.o
LOAD ..\obj\music.o
LOAD ..\obj\startup_stm32f4xx.o
LOAD ..\obj\main.o
LOAD ..\obj\stm32f4xx_rcc.o
LOAD ..\obj\alfabet.o
LOAD ..\obj\tm_stm32f4_spi.o
LOAD ..\obj\tm_stm32f4_rng.o
LOAD ..\obj\stm32f4xx_gpio.o
LOAD ..\obj\system_stm32f4xx.o
LOAD ..\obj\stm32f4xx_spi.o
LOAD ..\obj\misc.o
LOAD ..\obj\tm_stm32f4_gpio.o
LOAD ..\obj\stm32f4xx_tim.o
LOAD ..\obj\tm_stm32f4_pcd8544.o
START GROUP
LOAD c:/program files (x86)/gnu tools arm embedded/5.4 2016q3/bin/../lib/gcc/arm-none-eabi/5.4.1/armv7e-m\libgcc.a
LOAD c:/program files (x86)/gnu tools arm embedded/5.4 2016q3/bin/../lib/gcc/arm-none-eabi/5.4.1/../../../../arm-none-eabi/lib/armv7e-m\libg.a
LOAD c:/program files (x86)/gnu tools arm embedded/5.4 2016q3/bin/../lib/gcc/arm-none-eabi/5.4.1/../../../../arm-none-eabi/lib/armv7e-m\libc.a
END GROUP
OUTPUT(te.elf elf32-littlearm)

.debug_info     0x00000000     0xa4c5
 .debug_info    0x00000000      0x642 ..\obj\stm32f4xx_dac.o
 .debug_info    0x00000642       0xd3 ..\obj\music.o
 .debug_info    0x00000715       0xf2 ..\obj\startup_stm32f4xx.o
 .debug_info    0x00000807      0xa6f ..\obj\main.o
 .debug_info    0x00001276      0xc63 ..\obj\stm32f4xx_rcc.o
 .debug_info    0x00001ed9     0x2be9 ..\obj\alfabet.o
 .debug_info    0x00004ac2      0xaa5 ..\obj\tm_stm32f4_spi.o
 .debug_info    0x00005567      0x2cd ..\obj\tm_stm32f4_rng.o
 .debug_info    0x00005834      0x61a ..\obj\stm32f4xx_gpio.o
 .debug_info    0x00005e4e      0x5c5 ..\obj\system_stm32f4xx.o
 .debug_info    0x00006413      0xb0f ..\obj\stm32f4xx_spi.o
 .debug_info    0x00006f22      0x556 ..\obj\misc.o
 .debug_info    0x00007478      0x83d ..\obj\tm_stm32f4_gpio.o
 .debug_info    0x00007cb5     0x1c69 ..\obj\stm32f4xx_tim.o
 .debug_info    0x0000991e      0xba7 ..\obj\tm_stm32f4_pcd8544.o

.debug_abbrev   0x00000000     0x154e
 .debug_abbrev  0x00000000      0x17e ..\obj\stm32f4xx_dac.o
 .debug_abbrev  0x0000017e       0x79 ..\obj\music.o
 .debug_abbrev  0x000001f7       0xb0 ..\obj\startup_stm32f4xx.o
 .debug_abbrev  0x000002a7      0x1d4 ..\obj\main.o
 .debug_abbrev  0x0000047b      0x1e5 ..\obj\stm32f4xx_rcc.o
 .debug_abbrev  0x00000660      0x207 ..\obj\alfabet.o
 .debug_abbrev  0x00000867      0x1e6 ..\obj\tm_stm32f4_spi.o
 .debug_abbrev  0x00000a4d       0xc9 ..\obj\tm_stm32f4_rng.o
 .debug_abbrev  0x00000b16      0x1a7 ..\obj\stm32f4xx_gpio.o
 .debug_abbrev  0x00000cbd      0x138 ..\obj\system_stm32f4xx.o
 .debug_abbrev  0x00000df5      0x169 ..\obj\stm32f4xx_spi.o
 .debug_abbrev  0x00000f5e      0x147 ..\obj\misc.o
 .debug_abbrev  0x000010a5      0x151 ..\obj\tm_stm32f4_gpio.o
 .debug_abbrev  0x000011f6      0x189 ..\obj\stm32f4xx_tim.o
 .debug_abbrev  0x0000137f      0x1cf ..\obj\tm_stm32f4_pcd8544.o

.debug_aranges  0x00000000      0xcb8
 .debug_aranges
                0x00000000       0xa0 ..\obj\stm32f4xx_dac.o
 .debug_aranges
                0x000000a0       0x18 ..\obj\music.o
 .debug_aranges
                0x000000b8       0x28 ..\obj\startup_stm32f4xx.o
 .debug_aranges
                0x000000e0       0x50 ..\obj\main.o
 .debug_aranges
                0x00000130      0x178 ..\obj\stm32f4xx_rcc.o
 .debug_aranges
                0x000002a8      0x318 ..\obj\alfabet.o
 .debug_aranges
                0x000005c0       0x98 ..\obj\tm_stm32f4_spi.o
 .debug_aranges
                0x00000658       0x30 ..\obj\tm_stm32f4_rng.o
 .debug_aranges
                0x00000688       0x88 ..\obj\stm32f4xx_gpio.o
 .debug_aranges
                0x00000710       0x30 ..\obj\system_stm32f4xx.o
 .debug_aranges
                0x00000740       0xe0 ..\obj\stm32f4xx_spi.o
 .debug_aranges
                0x00000820       0x40 ..\obj\misc.o
 .debug_aranges
                0x00000860       0x98 ..\obj\tm_stm32f4_gpio.o
 .debug_aranges
                0x000008f8      0x2f8 ..\obj\stm32f4xx_tim.o
 .debug_aranges
                0x00000bf0       0xc8 ..\obj\tm_stm32f4_pcd8544.o

.debug_ranges   0x00000000      0xbc0
 .debug_ranges  0x00000000       0x90 ..\obj\stm32f4xx_dac.o
 .debug_ranges  0x00000090       0x18 ..\obj\startup_stm32f4xx.o
 .debug_ranges  0x000000a8       0x40 ..\obj\main.o
 .debug_ranges  0x000000e8      0x168 ..\obj\stm32f4xx_rcc.o
 .debug_ranges  0x00000250      0x308 ..\obj\alfabet.o
 .debug_ranges  0x00000558       0x88 ..\obj\tm_stm32f4_spi.o
 .debug_ranges  0x000005e0       0x20 ..\obj\tm_stm32f4_rng.o
 .debug_ranges  0x00000600       0x78 ..\obj\stm32f4xx_gpio.o
 .debug_ranges  0x00000678       0x20 ..\obj\system_stm32f4xx.o
 .debug_ranges  0x00000698       0xd0 ..\obj\stm32f4xx_spi.o
 .debug_ranges  0x00000768       0x30 ..\obj\misc.o
 .debug_ranges  0x00000798       0x88 ..\obj\tm_stm32f4_gpio.o
 .debug_ranges  0x00000820      0x2e8 ..\obj\stm32f4xx_tim.o
 .debug_ranges  0x00000b08       0xb8 ..\obj\tm_stm32f4_pcd8544.o

.debug_line     0x00000000     0x54a1
 .debug_line    0x00000000      0x346 ..\obj\stm32f4xx_dac.o
 .debug_line    0x00000346      0x179 ..\obj\music.o
 .debug_line    0x000004bf       0x96 ..\obj\startup_stm32f4xx.o
 .debug_line    0x00000555      0x3c4 ..\obj\main.o
 .debug_line    0x00000919      0x599 ..\obj\stm32f4xx_rcc.o
 .debug_line    0x00000eb2     0x205e ..\obj\alfabet.o
 .debug_line    0x00002f10      0x4b2 ..\obj\tm_stm32f4_spi.o
 .debug_line    0x000033c2      0x1be ..\obj\tm_stm32f4_rng.o
 .debug_line    0x00003580      0x354 ..\obj\stm32f4xx_gpio.o
 .debug_line    0x000038d4      0x1ec ..\obj\system_stm32f4xx.o
 .debug_line    0x00003ac0      0x44d ..\obj\stm32f4xx_spi.o
 .debug_line    0x00003f0d      0x232 ..\obj\misc.o
 .debug_line    0x0000413f      0x366 ..\obj\tm_stm32f4_gpio.o
 .debug_line    0x000044a5      0xab5 ..\obj\stm32f4xx_tim.o
 .debug_line    0x00004f5a      0x547 ..\obj\tm_stm32f4_pcd8544.o

.debug_str      0x00000000     0x3407
 .debug_str     0x00000000      0x3ce ..\obj\stm32f4xx_dac.o
                                0x448 (size before relaxing)
 .debug_str     0x000003ce       0x2c ..\obj\music.o
                                0x166 (size before relaxing)
 .debug_str     0x000003fa       0xa5 ..\obj\startup_stm32f4xx.o
                                0x13c (size before relaxing)
 .debug_str     0x0000049f      0x94f ..\obj\main.o
                                0xbc5 (size before relaxing)
 .debug_str     0x00000dee      0x631 ..\obj\stm32f4xx_rcc.o
                                0x845 (size before relaxing)
 .debug_str     0x0000141f      0x493 ..\obj\alfabet.o
                                0x5e2 (size before relaxing)
 .debug_str     0x000018b2      0x413 ..\obj\tm_stm32f4_spi.o
                                0x73e (size before relaxing)
 .debug_str     0x00001cc5       0x5f ..\obj\tm_stm32f4_rng.o
                                0x297 (size before relaxing)
 .debug_str     0x00001d24      0x17d ..\obj\stm32f4xx_gpio.o
                                0x498 (size before relaxing)
 .debug_str     0x00001ea1      0x10d ..\obj\system_stm32f4xx.o
                                0x39f (size before relaxing)
 .debug_str     0x00001fae      0x2d5 ..\obj\stm32f4xx_spi.o
                                0x67f (size before relaxing)
 .debug_str     0x00002283      0x156 ..\obj\misc.o
                                0x3c3 (size before relaxing)
 .debug_str     0x000023d9      0x210 ..\obj\tm_stm32f4_gpio.o
                                0x596 (size before relaxing)
 .debug_str     0x000025e9      0xa7b ..\obj\stm32f4xx_tim.o
                                0xdc5 (size before relaxing)
 .debug_str     0x00003064      0x3a3 ..\obj\tm_stm32f4_pcd8544.o
                                0x7c5 (size before relaxing)

.comment        0x00000000       0x6e
 .comment       0x00000000       0x6e ..\obj\stm32f4xx_dac.o
                                 0x6f (size before relaxing)
 .comment       0x0000006e       0x6f ..\obj\music.o
 .comment       0x0000006e       0x6f ..\obj\startup_stm32f4xx.o
 .comment       0x0000006e       0x6f ..\obj\main.o
 .comment       0x0000006e       0x6f ..\obj\stm32f4xx_rcc.o
 .comment       0x0000006e       0x6f ..\obj\alfabet.o
 .comment       0x0000006e       0x6f ..\obj\tm_stm32f4_spi.o
 .comment       0x0000006e       0x6f ..\obj\tm_stm32f4_rng.o
 .comment       0x0000006e       0x6f ..\obj\stm32f4xx_gpio.o
 .comment       0x0000006e       0x6f ..\obj\system_stm32f4xx.o
 .comment       0x0000006e       0x6f ..\obj\stm32f4xx_spi.o
 .comment       0x0000006e       0x6f ..\obj\misc.o
 .comment       0x0000006e       0x6f ..\obj\tm_stm32f4_gpio.o
 .comment       0x0000006e       0x6f ..\obj\stm32f4xx_tim.o
 .comment       0x0000006e       0x6f ..\obj\tm_stm32f4_pcd8544.o

.ARM.attributes
                0x00000000       0x33
 .ARM.attributes
                0x00000000       0x33 ..\obj\stm32f4xx_dac.o
 .ARM.attributes
                0x00000033       0x33 ..\obj\music.o
 .ARM.attributes
                0x00000066       0x33 ..\obj\startup_stm32f4xx.o
 .ARM.attributes
                0x00000099       0x33 ..\obj\main.o
 .ARM.attributes
                0x000000cc       0x33 ..\obj\stm32f4xx_rcc.o
 .ARM.attributes
                0x000000ff       0x33 ..\obj\alfabet.o
 .ARM.attributes
                0x00000132       0x33 ..\obj\tm_stm32f4_spi.o
 .ARM.attributes
                0x00000165       0x33 ..\obj\tm_stm32f4_rng.o
 .ARM.attributes
                0x00000198       0x33 ..\obj\stm32f4xx_gpio.o
 .ARM.attributes
                0x000001cb       0x33 ..\obj\system_stm32f4xx.o
 .ARM.attributes
                0x000001fe       0x33 ..\obj\stm32f4xx_spi.o
 .ARM.attributes
                0x00000231       0x33 ..\obj\misc.o
 .ARM.attributes
                0x00000264       0x33 ..\obj\tm_stm32f4_gpio.o
 .ARM.attributes
                0x00000297       0x33 ..\obj\stm32f4xx_tim.o
 .ARM.attributes
                0x000002ca       0x33 ..\obj\tm_stm32f4_pcd8544.o

.debug_frame    0x00000000     0x377c
 .debug_frame   0x00000000      0x2ac ..\obj\stm32f4xx_dac.o
 .debug_frame   0x000002ac       0x4c ..\obj\startup_stm32f4xx.o
 .debug_frame   0x000002f8       0xec ..\obj\main.o
 .debug_frame   0x000003e4      0x6d4 ..\obj\stm32f4xx_rcc.o
 .debug_frame   0x00000ab8      0xe54 ..\obj\alfabet.o
 .debug_frame   0x0000190c      0x270 ..\obj\tm_stm32f4_spi.o
 .debug_frame   0x00001b7c       0x70 ..\obj\tm_stm32f4_rng.o
 .debug_frame   0x00001bec      0x23c ..\obj\stm32f4xx_gpio.o
 .debug_frame   0x00001e28       0x7c ..\obj\system_stm32f4xx.o
 .debug_frame   0x00001ea4      0x3f4 ..\obj\stm32f4xx_spi.o
 .debug_frame   0x00002298       0xd8 ..\obj\misc.o
 .debug_frame   0x00002370      0x274 ..\obj\tm_stm32f4_gpio.o
 .debug_frame   0x000025e4      0xe54 ..\obj\stm32f4xx_tim.o
 .debug_frame   0x00003438      0x344 ..\obj\tm_stm32f4_pcd8544.o
