
Allocating common symbols
Common symbol       size              file

PCD8544_y           0x1               ..\obj\tm_stm32f4_pcd8544.o
PCD8544_x           0x1               ..\obj\tm_stm32f4_pcd8544.o
PCD8544_Buffer      0x1f8             ..\obj\tm_stm32f4_pcd8544.o
screen              0xfc0             ..\obj\alfabet.o
current             0x20              ..\obj\alfabet.o

Discarded input sections

 .text          0x00000000        0x0 ..\obj\startup_stm32f4xx.o
 .data          0x00000000        0x0 ..\obj\startup_stm32f4xx.o
 .bss           0x00000000        0x0 ..\obj\startup_stm32f4xx.o
 .text          0x00000000        0x0 ..\obj\main.o
 .text          0x00000000        0x0 ..\obj\stm32f4xx_rcc.o
 .data          0x00000000       0x10 ..\obj\stm32f4xx_rcc.o
 .bss           0x00000000        0x0 ..\obj\stm32f4xx_rcc.o
 .text.RCC_DeInit
                0x00000000       0x50 ..\obj\stm32f4xx_rcc.o
 .text.RCC_HSEConfig
                0x00000000       0x24 ..\obj\stm32f4xx_rcc.o
 .text.RCC_WaitForHSEStartUp
                0x00000000       0x50 ..\obj\stm32f4xx_rcc.o
 .text.RCC_AdjustHSICalibrationValue
                0x00000000       0x3c ..\obj\stm32f4xx_rcc.o
 .text.RCC_HSICmd
                0x00000000       0x20 ..\obj\stm32f4xx_rcc.o
 .text.RCC_LSEConfig
                0x00000000       0x40 ..\obj\stm32f4xx_rcc.o
 .text.RCC_LSICmd
                0x00000000       0x20 ..\obj\stm32f4xx_rcc.o
 .text.RCC_PLLConfig
                0x00000000       0x3c ..\obj\stm32f4xx_rcc.o
 .text.RCC_PLLCmd
                0x00000000       0x20 ..\obj\stm32f4xx_rcc.o
 .text.RCC_PLLI2SConfig
                0x00000000       0x28 ..\obj\stm32f4xx_rcc.o
 .text.RCC_PLLI2SCmd
                0x00000000       0x20 ..\obj\stm32f4xx_rcc.o
 .text.RCC_ClockSecuritySystemCmd
                0x00000000       0x20 ..\obj\stm32f4xx_rcc.o
 .text.RCC_MCO1Config
                0x00000000       0x3c ..\obj\stm32f4xx_rcc.o
 .text.RCC_MCO2Config
                0x00000000       0x3c ..\obj\stm32f4xx_rcc.o
 .text.RCC_SYSCLKConfig
                0x00000000       0x38 ..\obj\stm32f4xx_rcc.o
 .text.RCC_GetSYSCLKSource
                0x00000000       0x1c ..\obj\stm32f4xx_rcc.o
 .text.RCC_HCLKConfig
                0x00000000       0x38 ..\obj\stm32f4xx_rcc.o
 .text.RCC_PCLK1Config
                0x00000000       0x38 ..\obj\stm32f4xx_rcc.o
 .text.RCC_PCLK2Config
                0x00000000       0x38 ..\obj\stm32f4xx_rcc.o
 .text.RCC_GetClocksFreq
                0x00000000      0x154 ..\obj\stm32f4xx_rcc.o
 .text.RCC_RTCCLKConfig
                0x00000000       0x5c ..\obj\stm32f4xx_rcc.o
 .text.RCC_RTCCLKCmd
                0x00000000       0x20 ..\obj\stm32f4xx_rcc.o
 .text.RCC_BackupResetCmd
                0x00000000       0x20 ..\obj\stm32f4xx_rcc.o
 .text.RCC_I2SCLKConfig
                0x00000000       0x1c ..\obj\stm32f4xx_rcc.o
 .text.RCC_AHB2PeriphClockCmd
                0x00000000       0x3c ..\obj\stm32f4xx_rcc.o
 .text.RCC_AHB3PeriphClockCmd
                0x00000000       0x3c ..\obj\stm32f4xx_rcc.o
 .text.RCC_APB2PeriphClockCmd
                0x00000000       0x3c ..\obj\stm32f4xx_rcc.o
 .text.RCC_AHB1PeriphResetCmd
                0x00000000       0x3c ..\obj\stm32f4xx_rcc.o
 .text.RCC_AHB2PeriphResetCmd
                0x00000000       0x3c ..\obj\stm32f4xx_rcc.o
 .text.RCC_AHB3PeriphResetCmd
                0x00000000       0x3c ..\obj\stm32f4xx_rcc.o
 .text.RCC_APB1PeriphResetCmd
                0x00000000       0x3c ..\obj\stm32f4xx_rcc.o
 .text.RCC_APB2PeriphResetCmd
                0x00000000       0x3c ..\obj\stm32f4xx_rcc.o
 .text.RCC_AHB1PeriphClockLPModeCmd
                0x00000000       0x3c ..\obj\stm32f4xx_rcc.o
 .text.RCC_AHB2PeriphClockLPModeCmd
                0x00000000       0x3c ..\obj\stm32f4xx_rcc.o
 .text.RCC_AHB3PeriphClockLPModeCmd
                0x00000000       0x3c ..\obj\stm32f4xx_rcc.o
 .text.RCC_APB1PeriphClockLPModeCmd
                0x00000000       0x3c ..\obj\stm32f4xx_rcc.o
 .text.RCC_APB2PeriphClockLPModeCmd
                0x00000000       0x3c ..\obj\stm32f4xx_rcc.o
 .text.RCC_ITConfig
                0x00000000       0x4c ..\obj\stm32f4xx_rcc.o
 .text.RCC_GetFlagStatus
                0x00000000       0x74 ..\obj\stm32f4xx_rcc.o
 .text.RCC_ClearFlag
                0x00000000       0x1c ..\obj\stm32f4xx_rcc.o
 .text.RCC_GetITStatus
                0x00000000       0x34 ..\obj\stm32f4xx_rcc.o
 .text.RCC_ClearITPendingBit
                0x00000000       0x20 ..\obj\stm32f4xx_rcc.o
 .text          0x00000000        0x0 ..\obj\alfabet.o
 .text.Rand     0x00000000       0x3c ..\obj\alfabet.o
 .text.DrawN    0x00000000      0x184 ..\obj\alfabet.o
 .text.DrawW    0x00000000      0x180 ..\obj\alfabet.o
 .text.DrawK    0x00000000      0x124 ..\obj\alfabet.o
 .text.DrawX    0x00000000      0x1bc ..\obj\alfabet.o
 .text.DrawI    0x00000000       0x5c ..\obj\alfabet.o
 .text.DrawT    0x00000000       0x54 ..\obj\alfabet.o
 .text.Draw1    0x00000000       0x88 ..\obj\alfabet.o
 .text.Draw2    0x00000000      0x11c ..\obj\alfabet.o
 .text.Draw3    0x00000000       0xec ..\obj\alfabet.o
 .text.Draw4    0x00000000       0xe4 ..\obj\alfabet.o
 .text.Draw5    0x00000000       0x20 ..\obj\alfabet.o
 .text.Draw6    0x00000000      0x120 ..\obj\alfabet.o
 .text.Draw7    0x00000000       0x80 ..\obj\alfabet.o
 .text.Draw8    0x00000000       0x54 ..\obj\alfabet.o
 .text.Draw9    0x00000000       0x5c ..\obj\alfabet.o
 .text.DrawPointer
                0x00000000       0xe4 ..\obj\alfabet.o
 .text.WriteGOSIA
                0x00000000       0x70 ..\obj\alfabet.o
 .text.WriteNEWGAME
                0x00000000       0x98 ..\obj\alfabet.o
 .text.WriteRANK
                0x00000000       0x5c ..\obj\alfabet.o
 .text.WriteEXIT
                0x00000000       0x5c ..\obj\alfabet.o
 .text.WriteEND
                0x00000000       0xac ..\obj\alfabet.o
 .text.WriteTETRIS
                0x00000000       0x84 ..\obj\alfabet.o
 .text.TETMenu  0x00000000       0x3c ..\obj\alfabet.o
 .text.DrawSnake
                0x00000000      0x678 ..\obj\alfabet.o
 .text.DrawTETLogo
                0x00000000       0x14 ..\obj\alfabet.o
 .text.ClearScreen
                0x00000000       0x54 ..\obj\alfabet.o
 .text          0x00000000        0x0 ..\obj\tm_stm32f4_spi.o
 .data          0x00000000        0x0 ..\obj\tm_stm32f4_spi.o
 .bss           0x00000000        0x0 ..\obj\tm_stm32f4_spi.o
 .text.TM_SPI_InitWithMode
                0x00000000       0x80 ..\obj\tm_stm32f4_spi.o
 .text.TM_SPI_InitFull
                0x00000000       0x88 ..\obj\tm_stm32f4_spi.o
 .text.TM_SPI_GetPrescalerFromMaxFrequency
                0x00000000       0x68 ..\obj\tm_stm32f4_spi.o
 .text.TM_SPI_SetDataSize
                0x00000000       0x78 ..\obj\tm_stm32f4_spi.o
 .text.TM_SPI_SendMulti
                0x00000000       0x98 ..\obj\tm_stm32f4_spi.o
 .text.TM_SPI_WriteMulti
                0x00000000       0x88 ..\obj\tm_stm32f4_spi.o
 .text.TM_SPI_ReadMulti
                0x00000000       0x94 ..\obj\tm_stm32f4_spi.o
 .text.TM_SPI_SendMulti16
                0x00000000       0x98 ..\obj\tm_stm32f4_spi.o
 .text.TM_SPI_WriteMulti16
                0x00000000       0x88 ..\obj\tm_stm32f4_spi.o
 .text.TM_SPI_ReadMulti16
                0x00000000       0x90 ..\obj\tm_stm32f4_spi.o
 .text          0x00000000        0x0 ..\obj\tm_stm32f4_rng.o
 .data          0x00000000        0x0 ..\obj\tm_stm32f4_rng.o
 .bss           0x00000000        0x0 ..\obj\tm_stm32f4_rng.o
 .text.TM_RNG_DeInit
                0x00000000       0x2c ..\obj\tm_stm32f4_rng.o
 .text          0x00000000        0x0 ..\obj\stm32f4xx_gpio.o
 .data          0x00000000        0x0 ..\obj\stm32f4xx_gpio.o
 .bss           0x00000000        0x0 ..\obj\stm32f4xx_gpio.o
 .text.GPIO_DeInit
                0x00000000      0x120 ..\obj\stm32f4xx_gpio.o
 .text.GPIO_StructInit
                0x00000000       0x34 ..\obj\stm32f4xx_gpio.o
 .text.GPIO_PinLockConfig
                0x00000000       0x44 ..\obj\stm32f4xx_gpio.o
 .text.GPIO_ReadInputData
                0x00000000       0x18 ..\obj\stm32f4xx_gpio.o
 .text.GPIO_ReadOutputDataBit
                0x00000000       0x34 ..\obj\stm32f4xx_gpio.o
 .text.GPIO_ReadOutputData
                0x00000000       0x18 ..\obj\stm32f4xx_gpio.o
 .text.GPIO_WriteBit
                0x00000000       0x30 ..\obj\stm32f4xx_gpio.o
 .text.GPIO_Write
                0x00000000       0x1c ..\obj\stm32f4xx_gpio.o
 .text.GPIO_ToggleBits
                0x00000000       0x24 ..\obj\stm32f4xx_gpio.o
 .text.GPIO_PinAFConfig
                0x00000000       0x90 ..\obj\stm32f4xx_gpio.o
 .text          0x00000000        0x0 ..\obj\system_stm32f4xx.o
 .data          0x00000000       0x14 ..\obj\system_stm32f4xx.o
 .bss           0x00000000        0x0 ..\obj\system_stm32f4xx.o
 .text.SystemCoreClockUpdate
                0x00000000       0xf8 ..\obj\system_stm32f4xx.o
 .text          0x00000000        0x0 ..\obj\stm32f4xx_spi.o
 .data          0x00000000        0x0 ..\obj\stm32f4xx_spi.o
 .bss           0x00000000        0x0 ..\obj\stm32f4xx_spi.o
 .text.SPI_I2S_DeInit
                0x00000000       0x74 ..\obj\stm32f4xx_spi.o
 .text.I2S_Init
                0x00000000      0x1b4 ..\obj\stm32f4xx_spi.o
 .text.I2S_StructInit
                0x00000000       0x38 ..\obj\stm32f4xx_spi.o
 .text.SPI_Cmd  0x00000000       0x40 ..\obj\stm32f4xx_spi.o
 .text.I2S_Cmd  0x00000000       0x40 ..\obj\stm32f4xx_spi.o
 .text.SPI_DataSizeConfig
                0x00000000       0x38 ..\obj\stm32f4xx_spi.o
 .text.SPI_BiDirectionalLineConfig
                0x00000000       0x40 ..\obj\stm32f4xx_spi.o
 .text.SPI_NSSInternalSoftwareConfig
                0x00000000       0x44 ..\obj\stm32f4xx_spi.o
 .text.SPI_SSOutputCmd
                0x00000000       0x40 ..\obj\stm32f4xx_spi.o
 .text.SPI_TIModeCmd
                0x00000000       0x40 ..\obj\stm32f4xx_spi.o
 .text.I2S_FullDuplexConfig
                0x00000000       0x9c ..\obj\stm32f4xx_spi.o
 .text.SPI_I2S_ReceiveData
                0x00000000       0x18 ..\obj\stm32f4xx_spi.o
 .text.SPI_I2S_SendData
                0x00000000       0x1c ..\obj\stm32f4xx_spi.o
 .text.SPI_CalculateCRC
                0x00000000       0x40 ..\obj\stm32f4xx_spi.o
 .text.SPI_TransmitCRC
                0x00000000       0x24 ..\obj\stm32f4xx_spi.o
 .text.SPI_GetCRC
                0x00000000       0x30 ..\obj\stm32f4xx_spi.o
 .text.SPI_GetCRCPolynomial
                0x00000000       0x18 ..\obj\stm32f4xx_spi.o
 .text.SPI_I2S_DMACmd
                0x00000000       0x48 ..\obj\stm32f4xx_spi.o
 .text.SPI_I2S_ITConfig
                0x00000000       0x60 ..\obj\stm32f4xx_spi.o
 .text.SPI_I2S_GetFlagStatus
                0x00000000       0x38 ..\obj\stm32f4xx_spi.o
 .text.SPI_I2S_ClearFlag
                0x00000000       0x20 ..\obj\stm32f4xx_spi.o
 .text.SPI_I2S_GetITStatus
                0x00000000       0x74 ..\obj\stm32f4xx_spi.o
 .text.SPI_I2S_ClearITPendingBit
                0x00000000       0x34 ..\obj\stm32f4xx_spi.o
 .text          0x00000000        0x0 ..\obj\misc.o
 .data          0x00000000        0x0 ..\obj\misc.o
 .bss           0x00000000        0x0 ..\obj\misc.o
 .text.NVIC_SetVectorTable
                0x00000000       0x2c ..\obj\misc.o
 .text.NVIC_SystemLPConfig
                0x00000000       0x40 ..\obj\misc.o
 .text.SysTick_CLKSourceConfig
                0x00000000       0x38 ..\obj\misc.o
 .text          0x00000000        0x0 ..\obj\tm_stm32f4_gpio.o
 .data          0x00000000        0x0 ..\obj\tm_stm32f4_gpio.o
 .text.TM_GPIO_Init
                0x00000000       0x48 ..\obj\tm_stm32f4_gpio.o
 .text.TM_GPIO_DeInit
                0x00000000       0x80 ..\obj\tm_stm32f4_gpio.o
 .text.TM_GPIO_SetPinAsInput
                0x00000000       0x50 ..\obj\tm_stm32f4_gpio.o
 .text.TM_GPIO_SetPinAsOutput
                0x00000000       0x5c ..\obj\tm_stm32f4_gpio.o
 .text.TM_GPIO_SetPinAsAnalog
                0x00000000       0x4c ..\obj\tm_stm32f4_gpio.o
 .text.TM_GPIO_SetPinAsAlternate
                0x00000000       0x60 ..\obj\tm_stm32f4_gpio.o
 .text.TM_GPIO_SetPullResistor
                0x00000000       0x64 ..\obj\tm_stm32f4_gpio.o
 .text.TM_GPIO_Lock
                0x00000000       0x38 ..\obj\tm_stm32f4_gpio.o
 .text.TM_GPIO_GetPinSource
                0x00000000       0x30 ..\obj\tm_stm32f4_gpio.o
 .text.TM_GPIO_INT_DisableClock
                0x00000000       0x30 ..\obj\tm_stm32f4_gpio.o
 .text.TM_GPIO_GetUsedPins
                0x00000000       0x24 ..\obj\tm_stm32f4_gpio.o
 .text.TM_GPIO_GetFreePins
                0x00000000       0x28 ..\obj\tm_stm32f4_gpio.o
 .text          0x00000000        0x0 ..\obj\stm32f4xx_tim.o
 .data          0x00000000        0x0 ..\obj\stm32f4xx_tim.o
 .bss           0x00000000        0x0 ..\obj\stm32f4xx_tim.o
 .text.TIM_DeInit
                0x00000000      0x1c0 ..\obj\stm32f4xx_tim.o
 .text.TIM_TimeBaseStructInit
                0x00000000       0x34 ..\obj\stm32f4xx_tim.o
 .text.TIM_PrescalerConfig
                0x00000000       0x28 ..\obj\stm32f4xx_tim.o
 .text.TIM_CounterModeConfig
                0x00000000       0x38 ..\obj\stm32f4xx_tim.o
 .text.TIM_SetAutoreload
                0x00000000       0x1c ..\obj\stm32f4xx_tim.o
 .text.TIM_GetCounter
                0x00000000       0x18 ..\obj\stm32f4xx_tim.o
 .text.TIM_GetPrescaler
                0x00000000       0x18 ..\obj\stm32f4xx_tim.o
 .text.TIM_UpdateDisableConfig
                0x00000000       0x40 ..\obj\stm32f4xx_tim.o
 .text.TIM_UpdateRequestConfig
                0x00000000       0x40 ..\obj\stm32f4xx_tim.o
 .text.TIM_ARRPreloadConfig
                0x00000000       0x40 ..\obj\stm32f4xx_tim.o
 .text.TIM_SelectOnePulseMode
                0x00000000       0x38 ..\obj\stm32f4xx_tim.o
 .text.TIM_SetClockDivision
                0x00000000       0x38 ..\obj\stm32f4xx_tim.o
 .text.TIM_OC1Init
                0x00000000       0xf4 ..\obj\stm32f4xx_tim.o
 .text.TIM_OC2Init
                0x00000000      0x110 ..\obj\stm32f4xx_tim.o
 .text.TIM_OC3Init
                0x00000000      0x10c ..\obj\stm32f4xx_tim.o
 .text.TIM_OC4Init
                0x00000000       0xcc ..\obj\stm32f4xx_tim.o
 .text.TIM_OCStructInit
                0x00000000       0x44 ..\obj\stm32f4xx_tim.o
 .text.TIM_SelectOCxM
                0x00000000       0xb0 ..\obj\stm32f4xx_tim.o
 .text.TIM_SetCompare1
                0x00000000       0x1c ..\obj\stm32f4xx_tim.o
 .text.TIM_SetCompare2
                0x00000000       0x1c ..\obj\stm32f4xx_tim.o
 .text.TIM_SetCompare3
                0x00000000       0x1c ..\obj\stm32f4xx_tim.o
 .text.TIM_SetCompare4
                0x00000000       0x1c ..\obj\stm32f4xx_tim.o
 .text.TIM_ForcedOC1Config
                0x00000000       0x38 ..\obj\stm32f4xx_tim.o
 .text.TIM_ForcedOC2Config
                0x00000000       0x3c ..\obj\stm32f4xx_tim.o
 .text.TIM_ForcedOC3Config
                0x00000000       0x38 ..\obj\stm32f4xx_tim.o
 .text.TIM_ForcedOC4Config
                0x00000000       0x3c ..\obj\stm32f4xx_tim.o
 .text.TIM_OC1PreloadConfig
                0x00000000       0x38 ..\obj\stm32f4xx_tim.o
 .text.TIM_OC2PreloadConfig
                0x00000000       0x3c ..\obj\stm32f4xx_tim.o
 .text.TIM_OC3PreloadConfig
                0x00000000       0x38 ..\obj\stm32f4xx_tim.o
 .text.TIM_OC4PreloadConfig
                0x00000000       0x3c ..\obj\stm32f4xx_tim.o
 .text.TIM_OC1FastConfig
                0x00000000       0x38 ..\obj\stm32f4xx_tim.o
 .text.TIM_OC2FastConfig
                0x00000000       0x3c ..\obj\stm32f4xx_tim.o
 .text.TIM_OC3FastConfig
                0x00000000       0x38 ..\obj\stm32f4xx_tim.o
 .text.TIM_OC4FastConfig
                0x00000000       0x3c ..\obj\stm32f4xx_tim.o
 .text.TIM_ClearOC1Ref
                0x00000000       0x38 ..\obj\stm32f4xx_tim.o
 .text.TIM_ClearOC2Ref
                0x00000000       0x3c ..\obj\stm32f4xx_tim.o
 .text.TIM_ClearOC3Ref
                0x00000000       0x38 ..\obj\stm32f4xx_tim.o
 .text.TIM_ClearOC4Ref
                0x00000000       0x3c ..\obj\stm32f4xx_tim.o
 .text.TIM_OC1PolarityConfig
                0x00000000       0x38 ..\obj\stm32f4xx_tim.o
 .text.TIM_OC1NPolarityConfig
                0x00000000       0x38 ..\obj\stm32f4xx_tim.o
 .text.TIM_OC2PolarityConfig
                0x00000000       0x3c ..\obj\stm32f4xx_tim.o
 .text.TIM_OC2NPolarityConfig
                0x00000000       0x3c ..\obj\stm32f4xx_tim.o
 .text.TIM_OC3PolarityConfig
                0x00000000       0x3c ..\obj\stm32f4xx_tim.o
 .text.TIM_OC3NPolarityConfig
                0x00000000       0x3c ..\obj\stm32f4xx_tim.o
 .text.TIM_OC4PolarityConfig
                0x00000000       0x3c ..\obj\stm32f4xx_tim.o
 .text.TIM_CCxCmd
                0x00000000       0x54 ..\obj\stm32f4xx_tim.o
 .text.TIM_CCxNCmd
                0x00000000       0x54 ..\obj\stm32f4xx_tim.o
 .text.TIM_ICInit
                0x00000000       0xa8 ..\obj\stm32f4xx_tim.o
 .text.TIM_ICStructInit
                0x00000000       0x30 ..\obj\stm32f4xx_tim.o
 .text.TIM_PWMIConfig
                0x00000000       0xb8 ..\obj\stm32f4xx_tim.o
 .text.TIM_GetCapture1
                0x00000000       0x18 ..\obj\stm32f4xx_tim.o
 .text.TIM_GetCapture2
                0x00000000       0x18 ..\obj\stm32f4xx_tim.o
 .text.TIM_GetCapture3
                0x00000000       0x18 ..\obj\stm32f4xx_tim.o
 .text.TIM_GetCapture4
                0x00000000       0x18 ..\obj\stm32f4xx_tim.o
 .text.TIM_SetIC1Prescaler
                0x00000000       0x38 ..\obj\stm32f4xx_tim.o
 .text.TIM_SetIC2Prescaler
                0x00000000       0x3c ..\obj\stm32f4xx_tim.o
 .text.TIM_SetIC3Prescaler
                0x00000000       0x38 ..\obj\stm32f4xx_tim.o
 .text.TIM_SetIC4Prescaler
                0x00000000       0x3c ..\obj\stm32f4xx_tim.o
 .text.TIM_BDTRConfig
                0x00000000       0x50 ..\obj\stm32f4xx_tim.o
 .text.TIM_BDTRStructInit
                0x00000000       0x3c ..\obj\stm32f4xx_tim.o
 .text.TIM_CtrlPWMOutputs
                0x00000000       0x4c ..\obj\stm32f4xx_tim.o
 .text.TIM_SelectCOM
                0x00000000       0x40 ..\obj\stm32f4xx_tim.o
 .text.TIM_CCPreloadControl
                0x00000000       0x40 ..\obj\stm32f4xx_tim.o
 .text.TIM_GenerateEvent
                0x00000000       0x1c ..\obj\stm32f4xx_tim.o
 .text.TIM_GetFlagStatus
                0x00000000       0x38 ..\obj\stm32f4xx_tim.o
 .text.TIM_DMAConfig
                0x00000000       0x28 ..\obj\stm32f4xx_tim.o
 .text.TIM_DMACmd
                0x00000000       0x48 ..\obj\stm32f4xx_tim.o
 .text.TIM_SelectCCDMA
                0x00000000       0x40 ..\obj\stm32f4xx_tim.o
 .text.TIM_InternalClockConfig
                0x00000000       0x24 ..\obj\stm32f4xx_tim.o
 .text.TIM_ITRxExternalClockConfig
                0x00000000       0x30 ..\obj\stm32f4xx_tim.o
 .text.TIM_TIxExternalClockConfig
                0x00000000       0x5c ..\obj\stm32f4xx_tim.o
 .text.TIM_ETRClockMode1Config
                0x00000000       0x60 ..\obj\stm32f4xx_tim.o
 .text.TIM_ETRClockMode2Config
                0x00000000       0x40 ..\obj\stm32f4xx_tim.o
 .text.TIM_SelectInputTrigger
                0x00000000       0x38 ..\obj\stm32f4xx_tim.o
 .text.TIM_SelectOutputTrigger
                0x00000000       0x38 ..\obj\stm32f4xx_tim.o
 .text.TIM_SelectSlaveMode
                0x00000000       0x38 ..\obj\stm32f4xx_tim.o
 .text.TIM_SelectMasterSlaveMode
                0x00000000       0x38 ..\obj\stm32f4xx_tim.o
 .text.TIM_ETRConfig
                0x00000000       0x54 ..\obj\stm32f4xx_tim.o
 .text.TIM_EncoderInterfaceConfig
                0x00000000       0x98 ..\obj\stm32f4xx_tim.o
 .text.TIM_SelectHallSensor
                0x00000000       0x40 ..\obj\stm32f4xx_tim.o
 .text.TIM_RemapConfig
                0x00000000       0x20 ..\obj\stm32f4xx_tim.o
 .text.TI1_Config
                0x00000000       0x84 ..\obj\stm32f4xx_tim.o
 .text.TI2_Config
                0x00000000       0x98 ..\obj\stm32f4xx_tim.o
 .text.TI3_Config
                0x00000000       0x90 ..\obj\stm32f4xx_tim.o
 .text.TI4_Config
                0x00000000       0x9c ..\obj\stm32f4xx_tim.o
 .text          0x00000000        0x0 ..\obj\tm_stm32f4_pcd8544.o
 .data          0x00000000        0x0 ..\obj\tm_stm32f4_pcd8544.o
 .rodata        0x00000000      0x386 ..\obj\tm_stm32f4_pcd8544.o
 .text.PCD8544_SetContrast
                0x00000000       0x40 ..\obj\tm_stm32f4_pcd8544.o
 .text.PCD8544_Invert
                0x00000000       0x2c ..\obj\tm_stm32f4_pcd8544.o
 .text.PCD8544_Putc
                0x00000000      0x158 ..\obj\tm_stm32f4_pcd8544.o
 .text.PCD8544_Puts
                0x00000000       0x34 ..\obj\tm_stm32f4_pcd8544.o
 .text.PCD8544_DrawLine
                0x00000000      0x1a4 ..\obj\tm_stm32f4_pcd8544.o
 .text.PCD8544_DrawRectangle
                0x00000000       0x70 ..\obj\tm_stm32f4_pcd8544.o
 .text.PCD8544_DrawFilledRectangle
                0x00000000       0x48 ..\obj\tm_stm32f4_pcd8544.o
 .text.PCD8544_DrawCircle
                0x00000000      0x1cc ..\obj\tm_stm32f4_pcd8544.o
 .text.PCD8544_DrawFilledCircle
                0x00000000      0x1d8 ..\obj\tm_stm32f4_pcd8544.o

Memory Configuration

Name             Origin             Length             Attributes
rom              0x08000000         0x00100000         xr
ram              0x20000000         0x00020000         xrw
ram1             0x10000000         0x00010000         xrw
*default*        0x00000000         0xffffffff

Linker script and memory map

                0x20020000                _eram = 0x20020000

.text           0x08000000     0x99bc
 *(.isr_vector .isr_vector.*)
 .isr_vector    0x08000000      0x188 ..\obj\startup_stm32f4xx.o
                0x08000000                g_pfnVectors
 *(.text .text.* .gnu.linkonce.t.*)
 .text.Default_Reset_Handler
                0x08000188       0x5c ..\obj\startup_stm32f4xx.o
                0x08000188                Default_Reset_Handler
                0x08000188                Reset_Handler
 .text.Default_Handler
                0x080001e4        0x8 ..\obj\startup_stm32f4xx.o
                0x080001e4                RTC_Alarm_IRQHandler
                0x080001e4                HASH_RNG_IRQHandler
                0x080001e4                EXTI2_IRQHandler
                0x080001e4                TIM8_CC_IRQHandler
                0x080001e4                DebugMon_Handler
                0x080001e4                TIM1_CC_IRQHandler
                0x080001e4                DMA2_Stream5_IRQHandler
                0x080001e4                HardFault_Handler
                0x080001e4                DMA1_Stream5_IRQHandler
                0x080001e4                SysTick_Handler
                0x080001e4                PVD_IRQHandler
                0x080001e4                SDIO_IRQHandler
                0x080001e4                TAMP_STAMP_IRQHandler
                0x080001e4                PendSV_Handler
                0x080001e4                NMI_Handler
                0x080001e4                CAN2_RX1_IRQHandler
                0x080001e4                EXTI3_IRQHandler
                0x080001e4                TIM8_TRG_COM_TIM14_IRQHandler
                0x080001e4                TIM1_UP_TIM10_IRQHandler
                0x080001e4                TIM8_UP_TIM13_IRQHandler
                0x080001e4                I2C3_ER_IRQHandler
                0x080001e4                EXTI0_IRQHandler
                0x080001e4                I2C2_EV_IRQHandler
                0x080001e4                DMA1_Stream2_IRQHandler
                0x080001e4                CAN1_RX0_IRQHandler
                0x080001e4                FPU_IRQHandler
                0x080001e4                OTG_HS_WKUP_IRQHandler
                0x080001e4                UsageFault_Handler
                0x080001e4                CAN2_SCE_IRQHandler
                0x080001e4                DMA2_Stream2_IRQHandler
                0x080001e4                SPI1_IRQHandler
                0x080001e4                TIM6_DAC_IRQHandler
                0x080001e4                TIM1_BRK_TIM9_IRQHandler
                0x080001e4                DCMI_IRQHandler
                0x080001e4                CAN2_RX0_IRQHandler
                0x080001e4                DMA2_Stream3_IRQHandler
                0x080001e4                USART6_IRQHandler
                0x080001e4                USART3_IRQHandler
                0x080001e4                CRYP_IRQHandler
                0x080001e4                CAN1_RX1_IRQHandler
                0x080001e4                UART5_IRQHandler
                0x080001e4                DMA2_Stream0_IRQHandler
                0x080001e4                TIM4_IRQHandler
                0x080001e4                I2C1_EV_IRQHandler
                0x080001e4                DMA1_Stream6_IRQHandler
                0x080001e4                DMA1_Stream1_IRQHandler
                0x080001e4                UART4_IRQHandler
                0x080001e4                RCC_IRQHandler
                0x080001e4                TIM8_BRK_TIM12_IRQHandler
                0x080001e4                EXTI15_10_IRQHandler
                0x080001e4                ADC_IRQHandler
                0x080001e4                DMA1_Stream7_IRQHandler
                0x080001e4                TIM7_IRQHandler
                0x080001e4                CAN2_TX_IRQHandler
                0x080001e4                TIM5_IRQHandler
                0x080001e4                DMA2_Stream7_IRQHandler
                0x080001e4                I2C3_EV_IRQHandler
                0x080001e4                EXTI9_5_IRQHandler
                0x080001e4                RTC_WKUP_IRQHandler
                0x080001e4                ETH_WKUP_IRQHandler
                0x080001e4                SPI2_IRQHandler
                0x080001e4                OTG_HS_EP1_IN_IRQHandler
                0x080001e4                MemManage_Handler
                0x080001e4                DMA1_Stream0_IRQHandler
                0x080001e4                CAN1_TX_IRQHandler
                0x080001e4                SVC_Handler
                0x080001e4                EXTI4_IRQHandler
                0x080001e4                FSMC_IRQHandler
                0x080001e4                ETH_IRQHandler
                0x080001e4                OTG_HS_EP1_OUT_IRQHandler
                0x080001e4                WWDG_IRQHandler
                0x080001e4                OTG_FS_WKUP_IRQHandler
                0x080001e4                TIM1_TRG_COM_TIM11_IRQHandler
                0x080001e4                OTG_HS_IRQHandler
                0x080001e4                EXTI1_IRQHandler
                0x080001e4                USART2_IRQHandler
                0x080001e4                I2C2_ER_IRQHandler
                0x080001e4                DMA2_Stream1_IRQHandler
                0x080001e4                CAN1_SCE_IRQHandler
                0x080001e4                FLASH_IRQHandler
                0x080001e4                DMA2_Stream4_IRQHandler
                0x080001e4                BusFault_Handler
                0x080001e4                USART1_IRQHandler
                0x080001e4                OTG_FS_IRQHandler
                0x080001e4                SPI3_IRQHandler
                0x080001e4                DMA1_Stream4_IRQHandler
                0x080001e4                I2C1_ER_IRQHandler
                0x080001e4                DMA2_Stream6_IRQHandler
                0x080001e4                DMA1_Stream3_IRQHandler
 .text.MoveScreenDownFrom
                0x080001ec       0x9c ..\obj\main.o
                0x080001ec                MoveScreenDownFrom
 .text.CheckHorizontal
                0x08000288       0x94 ..\obj\main.o
                0x08000288                CheckHorizontal
 .text.ClearRow
                0x0800031c       0x40 ..\obj\main.o
                0x0800031c                ClearRow
 .text.ButtonNoticer
                0x0800035c       0xf0 ..\obj\main.o
                0x0800035c                ButtonNoticer
 .text.TIM3_IRQHandler
                0x0800044c      0x13c ..\obj\main.o
                0x0800044c                TIM3_IRQHandler
 .text.TIM2_IRQHandler
                0x08000588       0xd0 ..\obj\main.o
                0x08000588                TIM2_IRQHandler
 .text.main     0x08000658      0x18c ..\obj\main.o
                0x08000658                main
 .text.RCC_AHB1PeriphClockCmd
                0x080007e4       0x3c ..\obj\stm32f4xx_rcc.o
                0x080007e4                RCC_AHB1PeriphClockCmd
 .text.RCC_APB1PeriphClockCmd
                0x08000820       0x3c ..\obj\stm32f4xx_rcc.o
                0x08000820                RCC_APB1PeriphClockCmd
 .text.Abs      0x0800085c       0x20 ..\obj\alfabet.o
                0x0800085c                Abs
 .text.DrawS    0x0800087c      0x11c ..\obj\alfabet.o
                0x0800087c                DrawS
 .text.DrawC    0x08000998       0xb4 ..\obj\alfabet.o
                0x08000998                DrawC
 .text.DrawO    0x08000a4c       0xe8 ..\obj\alfabet.o
                0x08000a4c                DrawO
 .text.DrawR    0x08000b34      0x11c ..\obj\alfabet.o
                0x08000b34                DrawR
 .text.DrawE    0x08000c50       0xe8 ..\obj\alfabet.o
                0x08000c50                DrawE
 .text.DrawDoubleDot
                0x08000d38       0x4c ..\obj\alfabet.o
                0x08000d38                DrawDoubleDot
 .text.DrawG    0x08000d84       0xa0 ..\obj\alfabet.o
                0x08000d84                DrawG
 .text.DrawA    0x08000e24      0x14c ..\obj\alfabet.o
                0x08000e24                DrawA
 .text.DrawM    0x08000f70      0x174 ..\obj\alfabet.o
                0x08000f70                DrawM
 .text.DrawV    0x080010e4      0x140 ..\obj\alfabet.o
                0x080010e4                DrawV
 .text.Draw0    0x08001224       0x20 ..\obj\alfabet.o
                0x08001224                Draw0
 .text.DrawTetrisBorder
                0x08001244       0x88 ..\obj\alfabet.o
                0x08001244                DrawTetrisBorder
 .text.DrawChunk
                0x080012cc       0xc8 ..\obj\alfabet.o
                0x080012cc                DrawChunk
 .text.ClearChunk
                0x08001394       0xc8 ..\obj\alfabet.o
                0x08001394                ClearChunk
 .text.DrawShapeSquare
                0x0800145c       0xb0 ..\obj\alfabet.o
                0x0800145c                DrawShapeSquare
 .text.DrawShapeRectangleH
                0x0800150c       0xb0 ..\obj\alfabet.o
                0x0800150c                DrawShapeRectangleH
 .text.DrawShapeRectangleV
                0x080015bc       0xb0 ..\obj\alfabet.o
                0x080015bc                DrawShapeRectangleV
 .text.DrawShapeLH
                0x0800166c       0xb8 ..\obj\alfabet.o
                0x0800166c                DrawShapeLH
 .text.DrawShapeLHInv
                0x08001724       0xa4 ..\obj\alfabet.o
                0x08001724                DrawShapeLHInv
 .text.DrawShapeLHMir
                0x080017c8       0xb8 ..\obj\alfabet.o
                0x080017c8                DrawShapeLHMir
 .text.DrawShapeLHInvMir
                0x08001880       0xa4 ..\obj\alfabet.o
                0x08001880                DrawShapeLHInvMir
 .text.DrawShapeLV
                0x08001924       0xb8 ..\obj\alfabet.o
                0x08001924                DrawShapeLV
 .text.DrawShapeLVInv
                0x080019dc       0xb8 ..\obj\alfabet.o
                0x080019dc                DrawShapeLVInv
 .text.DrawShapeLVMir
                0x08001a94       0xa4 ..\obj\alfabet.o
                0x08001a94                DrawShapeLVMir
 .text.DrawShapeLVInvMir
                0x08001b38       0xa4 ..\obj\alfabet.o
                0x08001b38                DrawShapeLVInvMir
 .text.DrawShapeTH
                0x08001bdc       0xb4 ..\obj\alfabet.o
                0x08001bdc                DrawShapeTH
 .text.DrawShapeTHInv
                0x08001c90       0xb4 ..\obj\alfabet.o
                0x08001c90                DrawShapeTHInv
 .text.DrawShapeTV
                0x08001d44       0xb4 ..\obj\alfabet.o
                0x08001d44                DrawShapeTV
 .text.DrawShapeTVInv
                0x08001df8       0xb4 ..\obj\alfabet.o
                0x08001df8                DrawShapeTVInv
 .text.DrawShapeZH
                0x08001eac       0xc4 ..\obj\alfabet.o
                0x08001eac                DrawShapeZH
 .text.DrawShapeZHInv
                0x08001f70       0xc8 ..\obj\alfabet.o
                0x08001f70                DrawShapeZHInv
 .text.DrawShapeZV
                0x08002038       0xb0 ..\obj\alfabet.o
                0x08002038                DrawShapeZV
 .text.DrawShapeZVInv
                0x080020e8       0xb0 ..\obj\alfabet.o
                0x080020e8                DrawShapeZVInv
 .text.WriteSCORE
                0x08002198       0xd4 ..\obj\alfabet.o
                0x08002198                WriteSCORE
 .text.WriteGAMEOVER
                0x0800226c       0xbc ..\obj\alfabet.o
                0x0800226c                WriteGAMEOVER
 .text.DrawScreen
                0x08002328       0x74 ..\obj\alfabet.o
                0x08002328                DrawScreen
 .text.ClearREC
                0x0800239c       0x80 ..\obj\alfabet.o
                0x0800239c                ClearREC
 .text.GameOver
                0x0800241c       0x4c ..\obj\alfabet.o
                0x0800241c                GameOver
 .text.MoveRight
                0x08002468     0x1980 ..\obj\alfabet.o
                0x08002468                MoveRight
 .text.MoveLeft
                0x08003de8     0x171c ..\obj\alfabet.o
                0x08003de8                MoveLeft
 .text.MoveDown
                0x08005504     0x191c ..\obj\alfabet.o
                0x08005504                MoveDown
 .text.SpawnBlock
                0x08006e20      0xb48 ..\obj\alfabet.o
                0x08006e20                SpawnBlock
 .text.Turn     0x08007968      0xf60 ..\obj\alfabet.o
                0x08007968                Turn
 .text.TM_SPI_Init
                0x080088c8       0x7c ..\obj\tm_stm32f4_spi.o
                0x080088c8                TM_SPI_Init
 .text.TM_SPI_InitCustomPinsCallback
                0x08008944       0x18 ..\obj\tm_stm32f4_spi.o
                0x08008944                TM_SPI_InitCustomPinsCallback
 .text.TM_SPIx_Init
                0x0800895c      0x11c ..\obj\tm_stm32f4_spi.o
 .text.TM_SPI1_INT_InitPins
                0x08008a78       0x60 ..\obj\tm_stm32f4_spi.o
                0x08008a78                TM_SPI1_INT_InitPins
 .text.TM_SPI2_INT_InitPins
                0x08008ad8       0x98 ..\obj\tm_stm32f4_spi.o
                0x08008ad8                TM_SPI2_INT_InitPins
 .text.TM_SPI3_INT_InitPins
                0x08008b70       0x64 ..\obj\tm_stm32f4_spi.o
                0x08008b70                TM_SPI3_INT_InitPins
 .text.TM_RNG_Init
                0x08008bd4       0x2c ..\obj\tm_stm32f4_rng.o
                0x08008bd4                TM_RNG_Init
 .text.TM_RNG_Get
                0x08008c00       0x24 ..\obj\tm_stm32f4_rng.o
                0x08008c00                TM_RNG_Get
 .text.GPIO_Init
                0x08008c24      0x11c ..\obj\stm32f4xx_gpio.o
                0x08008c24                GPIO_Init
 .text.GPIO_ReadInputDataBit
                0x08008d40       0x34 ..\obj\stm32f4xx_gpio.o
                0x08008d40                GPIO_ReadInputDataBit
 .text.GPIO_SetBits
                0x08008d74       0x1c ..\obj\stm32f4xx_gpio.o
                0x08008d74                GPIO_SetBits
 .text.GPIO_ResetBits
                0x08008d90       0x1c ..\obj\stm32f4xx_gpio.o
                0x08008d90                GPIO_ResetBits
 .text.SystemInit
                0x08008dac       0x5c ..\obj\system_stm32f4xx.o
                0x08008dac                SystemInit
 .text.SetSysClock
                0x08008e08       0xf4 ..\obj\system_stm32f4xx.o
 .text.SPI_Init
                0x08008efc       0x88 ..\obj\stm32f4xx_spi.o
                0x08008efc                SPI_Init
 .text.SPI_StructInit
                0x08008f84       0x48 ..\obj\stm32f4xx_spi.o
                0x08008f84                SPI_StructInit
 .text.NVIC_PriorityGroupConfig
                0x08008fcc       0x24 ..\obj\misc.o
                0x08008fcc                NVIC_PriorityGroupConfig
 .text.NVIC_Init
                0x08008ff0       0xc0 ..\obj\misc.o
                0x08008ff0                NVIC_Init
 .text.TM_GPIO_InitAlternate
                0x080090b0       0xa8 ..\obj\tm_stm32f4_gpio.o
                0x080090b0                TM_GPIO_InitAlternate
 .text.TM_GPIO_GetPortSource
                0x08009158       0x20 ..\obj\tm_stm32f4_gpio.o
                0x08009158                TM_GPIO_GetPortSource
 .text.TM_GPIO_INT_EnableClock
                0x08009178       0x30 ..\obj\tm_stm32f4_gpio.o
                0x08009178                TM_GPIO_INT_EnableClock
 .text.TM_GPIO_INT_Init
                0x080091a8      0x10c ..\obj\tm_stm32f4_gpio.o
                0x080091a8                TM_GPIO_INT_Init
 .text.TIM_TimeBaseInit
                0x080092b4       0xd4 ..\obj\stm32f4xx_tim.o
                0x080092b4                TIM_TimeBaseInit
 .text.TIM_SetCounter
                0x08009388       0x1c ..\obj\stm32f4xx_tim.o
                0x08009388                TIM_SetCounter
 .text.TIM_Cmd  0x080093a4       0x40 ..\obj\stm32f4xx_tim.o
                0x080093a4                TIM_Cmd
 .text.TIM_ITConfig
                0x080093e4       0x48 ..\obj\stm32f4xx_tim.o
                0x080093e4                TIM_ITConfig
 .text.TIM_ClearFlag
                0x0800942c       0x20 ..\obj\stm32f4xx_tim.o
                0x0800942c                TIM_ClearFlag
 .text.TIM_GetITStatus
                0x0800944c       0x54 ..\obj\stm32f4xx_tim.o
                0x0800944c                TIM_GetITStatus
 .text.TIM_ClearITPendingBit
                0x080094a0       0x20 ..\obj\stm32f4xx_tim.o
                0x080094a0                TIM_ClearITPendingBit
 .text.TM_SPI_Send
                0x080094c0       0x74 ..\obj\tm_stm32f4_pcd8544.o
 .text.PCD8544_InitIO
                0x08009534       0x7c ..\obj\tm_stm32f4_pcd8544.o
                0x08009534                PCD8544_InitIO
 .text.PCD8544_send
                0x080095b0       0x38 ..\obj\tm_stm32f4_pcd8544.o
                0x080095b0                PCD8544_send
 .text.PCD8544_Pin
                0x080095e8       0x64 ..\obj\tm_stm32f4_pcd8544.o
                0x080095e8                PCD8544_Pin
 .text.PCD8544_Delay
                0x0800964c       0x28 ..\obj\tm_stm32f4_pcd8544.o
                0x0800964c                PCD8544_Delay
 .text.PCD8544_Init
                0x08009674       0x7c ..\obj\tm_stm32f4_pcd8544.o
                0x08009674                PCD8544_Init
 .text.PCD8544_Write
                0x080096f0       0x40 ..\obj\tm_stm32f4_pcd8544.o
                0x080096f0                PCD8544_Write
 .text.PCD8544_DrawPixel
                0x08009730       0xbc ..\obj\tm_stm32f4_pcd8544.o
                0x08009730                PCD8544_DrawPixel
 .text.PCD8544_Clear
                0x080097ec       0x4c ..\obj\tm_stm32f4_pcd8544.o
                0x080097ec                PCD8544_Clear
 .text.PCD8544_Home
                0x08009838       0x18 ..\obj\tm_stm32f4_pcd8544.o
                0x08009838                PCD8544_Home
 .text.PCD8544_Refresh
                0x08009850       0xc4 ..\obj\tm_stm32f4_pcd8544.o
                0x08009850                PCD8544_Refresh
 .text.PCD8544_UpdateArea
                0x08009914       0x78 ..\obj\tm_stm32f4_pcd8544.o
                0x08009914                PCD8544_UpdateArea
 .text.PCD8544_GotoXY
                0x0800998c       0x30 ..\obj\tm_stm32f4_pcd8544.o
                0x0800998c                PCD8544_GotoXY
 *(.glue_7t)
 .glue_7t       0x080099bc        0x0 linker stubs
 *(.glue_7)
 .glue_7        0x080099bc        0x0 linker stubs
 *(.rodata .rodata* .gnu.linkonce.r.*)

.vfp11_veneer   0x080099bc        0x0
 .vfp11_veneer  0x080099bc        0x0 linker stubs

.v4_bx          0x080099bc        0x0
 .v4_bx         0x080099bc        0x0 linker stubs

.iplt           0x080099bc        0x0
 .iplt          0x080099bc        0x0 ..\obj\startup_stm32f4xx.o

.rel.dyn        0x080099bc        0x0
 .rel.iplt      0x080099bc        0x0 ..\obj\startup_stm32f4xx.o

.ARM.extab
 *(.ARM.extab* .gnu.linkonce.armextab.*)
                0x080099bc                __exidx_start = .

.ARM.exidx
 *(.ARM.exidx* .gnu.linkonce.armexidx.*)
                0x080099bc                __exidx_end = .
                0x080099bc                . = ALIGN (0x4)
                0x080099bc                _etext = .
                0x080099bc                _sidata = .

.data           0x20000000        0xc load address 0x080099bc
                0x20000000                _sdata = .
 *(.data .data.*)
 .data          0x20000000        0x1 ..\obj\main.o
                0x20000000                spawn
 *fill*         0x20000001        0x3 
 .data          0x20000004        0x8 ..\obj\alfabet.o
                0x20000004                z
                0x20000008                shape
                0x2000000c                . = ALIGN (0x4)
                0x2000000c                _edata = .

.igot.plt       0x2000000c        0x0 load address 0x080099c8
 .igot.plt      0x2000000c        0x0 ..\obj\startup_stm32f4xx.o

.bss            0x2000000c     0x1208 load address 0x080099c8
                0x2000000c                _sbss = .
 *(.bss .bss.*)
 .bss           0x2000000c        0xc ..\obj\main.o
                0x2000000c                i
                0x20000010                right
                0x20000011                left
                0x20000012                down
                0x20000013                turn
                0x20000014                score
 .bss           0x20000018        0x2 ..\obj\alfabet.o
                0x20000018                collision
                0x20000019                gameOver
 *fill*         0x2000001a        0x2 
 .bss           0x2000001c       0x16 ..\obj\tm_stm32f4_gpio.o
 .bss           0x20000032        0x4 ..\obj\tm_stm32f4_pcd8544.o
                0x20000032                PCD8544_UpdateXmin
                0x20000033                PCD8544_UpdateXmax
                0x20000034                PCD8544_UpdateYmin
                0x20000035                PCD8544_UpdateYmax
 *(COMMON)
 *fill*         0x20000036        0x2 
 COMMON         0x20000038      0xfe0 ..\obj\alfabet.o
                0x20000038                screen
                0x20000ff8                current
 COMMON         0x20001018      0x1fc ..\obj\tm_stm32f4_pcd8544.o
                0x20001018                PCD8544_y
                0x20001019                PCD8544_x
                0x2000101c                PCD8544_Buffer
                0x20001214                . = ALIGN (0x4)
                0x20001214                _ebss = .

.co_stack       0x20001214      0x804 load address 0x0800abd0
                0x20001218                . = ALIGN (0x8)
 *fill*         0x20001214        0x4 
 *(.co_stack .co_stack.*)
 .co_stack      0x20001218      0x800 ..\obj\startup_stm32f4xx.o
                0x20001218                pulStack
                0x20001a18                . = ALIGN (0x4)
                0x20001a18                _end = .
LOAD ..\obj\startup_stm32f4xx.o
LOAD ..\obj\main.o
LOAD ..\obj\stm32f4xx_rcc.o
LOAD ..\obj\alfabet.o
LOAD ..\obj\tm_stm32f4_spi.o
LOAD ..\obj\tm_stm32f4_rng.o
LOAD ..\obj\stm32f4xx_gpio.o
LOAD ..\obj\system_stm32f4xx.o
LOAD ..\obj\stm32f4xx_spi.o
LOAD ..\obj\misc.o
LOAD ..\obj\tm_stm32f4_gpio.o
LOAD ..\obj\stm32f4xx_tim.o
LOAD ..\obj\tm_stm32f4_pcd8544.o
START GROUP
LOAD c:/program files (x86)/gnu tools arm embedded/5.4 2016q3/bin/../lib/gcc/arm-none-eabi/5.4.1/armv7e-m\libgcc.a
LOAD c:/program files (x86)/gnu tools arm embedded/5.4 2016q3/bin/../lib/gcc/arm-none-eabi/5.4.1/../../../../arm-none-eabi/lib/armv7e-m\libg.a
LOAD c:/program files (x86)/gnu tools arm embedded/5.4 2016q3/bin/../lib/gcc/arm-none-eabi/5.4.1/../../../../arm-none-eabi/lib/armv7e-m\libc.a
END GROUP
OUTPUT(te.elf elf32-littlearm)

.debug_info     0x00000000     0x8f96
 .debug_info    0x00000000       0xf2 ..\obj\startup_stm32f4xx.o
 .debug_info    0x000000f2      0xa0b ..\obj\main.o
 .debug_info    0x00000afd      0xc63 ..\obj\stm32f4xx_rcc.o
 .debug_info    0x00001760     0x1e33 ..\obj\alfabet.o
 .debug_info    0x00003593      0xaa5 ..\obj\tm_stm32f4_spi.o
 .debug_info    0x00004038      0x2cd ..\obj\tm_stm32f4_rng.o
 .debug_info    0x00004305      0x61a ..\obj\stm32f4xx_gpio.o
 .debug_info    0x0000491f      0x5c5 ..\obj\system_stm32f4xx.o
 .debug_info    0x00004ee4      0xb0f ..\obj\stm32f4xx_spi.o
 .debug_info    0x000059f3      0x556 ..\obj\misc.o
 .debug_info    0x00005f49      0x83d ..\obj\tm_stm32f4_gpio.o
 .debug_info    0x00006786     0x1c69 ..\obj\stm32f4xx_tim.o
 .debug_info    0x000083ef      0xba7 ..\obj\tm_stm32f4_pcd8544.o

.debug_abbrev   0x00000000     0x13e5
 .debug_abbrev  0x00000000       0xb0 ..\obj\startup_stm32f4xx.o
 .debug_abbrev  0x000000b0      0x203 ..\obj\main.o
 .debug_abbrev  0x000002b3      0x1e5 ..\obj\stm32f4xx_rcc.o
 .debug_abbrev  0x00000498      0x266 ..\obj\alfabet.o
 .debug_abbrev  0x000006fe      0x1e6 ..\obj\tm_stm32f4_spi.o
 .debug_abbrev  0x000008e4       0xc9 ..\obj\tm_stm32f4_rng.o
 .debug_abbrev  0x000009ad      0x1a7 ..\obj\stm32f4xx_gpio.o
 .debug_abbrev  0x00000b54      0x138 ..\obj\system_stm32f4xx.o
 .debug_abbrev  0x00000c8c      0x169 ..\obj\stm32f4xx_spi.o
 .debug_abbrev  0x00000df5      0x147 ..\obj\misc.o
 .debug_abbrev  0x00000f3c      0x151 ..\obj\tm_stm32f4_gpio.o
 .debug_abbrev  0x0000108d      0x189 ..\obj\stm32f4xx_tim.o
 .debug_abbrev  0x00001216      0x1cf ..\obj\tm_stm32f4_pcd8544.o

.debug_aranges  0x00000000      0xb38
 .debug_aranges
                0x00000000       0x28 ..\obj\startup_stm32f4xx.o
 .debug_aranges
                0x00000028       0x50 ..\obj\main.o
 .debug_aranges
                0x00000078      0x178 ..\obj\stm32f4xx_rcc.o
 .debug_aranges
                0x000001f0      0x250 ..\obj\alfabet.o
 .debug_aranges
                0x00000440       0x98 ..\obj\tm_stm32f4_spi.o
 .debug_aranges
                0x000004d8       0x30 ..\obj\tm_stm32f4_rng.o
 .debug_aranges
                0x00000508       0x88 ..\obj\stm32f4xx_gpio.o
 .debug_aranges
                0x00000590       0x30 ..\obj\system_stm32f4xx.o
 .debug_aranges
                0x000005c0       0xe0 ..\obj\stm32f4xx_spi.o
 .debug_aranges
                0x000006a0       0x40 ..\obj\misc.o
 .debug_aranges
                0x000006e0       0x98 ..\obj\tm_stm32f4_gpio.o
 .debug_aranges
                0x00000778      0x2f8 ..\obj\stm32f4xx_tim.o
 .debug_aranges
                0x00000a70       0xc8 ..\obj\tm_stm32f4_pcd8544.o

.debug_ranges   0x00000000      0xa68
 .debug_ranges  0x00000000       0x18 ..\obj\startup_stm32f4xx.o
 .debug_ranges  0x00000018       0x40 ..\obj\main.o
 .debug_ranges  0x00000058      0x168 ..\obj\stm32f4xx_rcc.o
 .debug_ranges  0x000001c0      0x240 ..\obj\alfabet.o
 .debug_ranges  0x00000400       0x88 ..\obj\tm_stm32f4_spi.o
 .debug_ranges  0x00000488       0x20 ..\obj\tm_stm32f4_rng.o
 .debug_ranges  0x000004a8       0x78 ..\obj\stm32f4xx_gpio.o
 .debug_ranges  0x00000520       0x20 ..\obj\system_stm32f4xx.o
 .debug_ranges  0x00000540       0xd0 ..\obj\stm32f4xx_spi.o
 .debug_ranges  0x00000610       0x30 ..\obj\misc.o
 .debug_ranges  0x00000640       0x88 ..\obj\tm_stm32f4_gpio.o
 .debug_ranges  0x000006c8      0x2e8 ..\obj\stm32f4xx_tim.o
 .debug_ranges  0x000009b0       0xb8 ..\obj\tm_stm32f4_pcd8544.o

.debug_line     0x00000000     0x4785
 .debug_line    0x00000000       0x96 ..\obj\startup_stm32f4xx.o
 .debug_line    0x00000096      0x320 ..\obj\main.o
 .debug_line    0x000003b6      0x599 ..\obj\stm32f4xx_rcc.o
 .debug_line    0x0000094f     0x18a5 ..\obj\alfabet.o
 .debug_line    0x000021f4      0x4b2 ..\obj\tm_stm32f4_spi.o
 .debug_line    0x000026a6      0x1be ..\obj\tm_stm32f4_rng.o
 .debug_line    0x00002864      0x354 ..\obj\stm32f4xx_gpio.o
 .debug_line    0x00002bb8      0x1ec ..\obj\system_stm32f4xx.o
 .debug_line    0x00002da4      0x44d ..\obj\stm32f4xx_spi.o
 .debug_line    0x000031f1      0x232 ..\obj\misc.o
 .debug_line    0x00003423      0x366 ..\obj\tm_stm32f4_gpio.o
 .debug_line    0x00003789      0xab5 ..\obj\stm32f4xx_tim.o
 .debug_line    0x0000423e      0x547 ..\obj\tm_stm32f4_pcd8544.o

.debug_str      0x00000000     0x2fa7
 .debug_str     0x00000000      0x12a ..\obj\startup_stm32f4xx.o
                                0x13c (size before relaxing)
 .debug_str     0x0000012a      0x9b1 ..\obj\main.o
                                0xb1d (size before relaxing)
 .debug_str     0x00000adb      0x644 ..\obj\stm32f4xx_rcc.o
                                0x845 (size before relaxing)
 .debug_str     0x0000111f      0x329 ..\obj\alfabet.o
                                0x5af (size before relaxing)
 .debug_str     0x00001448      0x413 ..\obj\tm_stm32f4_spi.o
                                0x73e (size before relaxing)
 .debug_str     0x0000185b       0x5f ..\obj\tm_stm32f4_rng.o
                                0x297 (size before relaxing)
 .debug_str     0x000018ba      0x182 ..\obj\stm32f4xx_gpio.o
                                0x498 (size before relaxing)
 .debug_str     0x00001a3c      0x10d ..\obj\system_stm32f4xx.o
                                0x39f (size before relaxing)
 .debug_str     0x00001b49      0x2e2 ..\obj\stm32f4xx_spi.o
                                0x67f (size before relaxing)
 .debug_str     0x00001e2b      0x156 ..\obj\misc.o
                                0x3c3 (size before relaxing)
 .debug_str     0x00001f81      0x210 ..\obj\tm_stm32f4_gpio.o
                                0x596 (size before relaxing)
 .debug_str     0x00002191      0xa73 ..\obj\stm32f4xx_tim.o
                                0xdc5 (size before relaxing)
 .debug_str     0x00002c04      0x3a3 ..\obj\tm_stm32f4_pcd8544.o
                                0x7c5 (size before relaxing)

.comment        0x00000000       0x6e
 .comment       0x00000000       0x6e ..\obj\startup_stm32f4xx.o
                                 0x6f (size before relaxing)
 .comment       0x0000006e       0x6f ..\obj\main.o
 .comment       0x0000006e       0x6f ..\obj\stm32f4xx_rcc.o
 .comment       0x0000006e       0x6f ..\obj\alfabet.o
 .comment       0x0000006e       0x6f ..\obj\tm_stm32f4_spi.o
 .comment       0x0000006e       0x6f ..\obj\tm_stm32f4_rng.o
 .comment       0x0000006e       0x6f ..\obj\stm32f4xx_gpio.o
 .comment       0x0000006e       0x6f ..\obj\system_stm32f4xx.o
 .comment       0x0000006e       0x6f ..\obj\stm32f4xx_spi.o
 .comment       0x0000006e       0x6f ..\obj\misc.o
 .comment       0x0000006e       0x6f ..\obj\tm_stm32f4_gpio.o
 .comment       0x0000006e       0x6f ..\obj\stm32f4xx_tim.o
 .comment       0x0000006e       0x6f ..\obj\tm_stm32f4_pcd8544.o

.ARM.attributes
                0x00000000       0x33
 .ARM.attributes
                0x00000000       0x33 ..\obj\startup_stm32f4xx.o
 .ARM.attributes
                0x00000033       0x33 ..\obj\main.o
 .ARM.attributes
                0x00000066       0x33 ..\obj\stm32f4xx_rcc.o
 .ARM.attributes
                0x00000099       0x33 ..\obj\alfabet.o
 .ARM.attributes
                0x000000cc       0x33 ..\obj\tm_stm32f4_spi.o
 .ARM.attributes
                0x000000ff       0x33 ..\obj\tm_stm32f4_rng.o
 .ARM.attributes
                0x00000132       0x33 ..\obj\stm32f4xx_gpio.o
 .ARM.attributes
                0x00000165       0x33 ..\obj\system_stm32f4xx.o
 .ARM.attributes
                0x00000198       0x33 ..\obj\stm32f4xx_spi.o
 .ARM.attributes
                0x000001cb       0x33 ..\obj\misc.o
 .ARM.attributes
                0x000001fe       0x33 ..\obj\tm_stm32f4_gpio.o
 .ARM.attributes
                0x00000231       0x33 ..\obj\stm32f4xx_tim.o
 .ARM.attributes
                0x00000264       0x33 ..\obj\tm_stm32f4_pcd8544.o

.debug_frame    0x00000000     0x30fc
 .debug_frame   0x00000000       0x4c ..\obj\startup_stm32f4xx.o
 .debug_frame   0x0000004c       0xf0 ..\obj\main.o
 .debug_frame   0x0000013c      0x6d4 ..\obj\stm32f4xx_rcc.o
 .debug_frame   0x00000810      0xa7c ..\obj\alfabet.o
 .debug_frame   0x0000128c      0x270 ..\obj\tm_stm32f4_spi.o
 .debug_frame   0x000014fc       0x70 ..\obj\tm_stm32f4_rng.o
 .debug_frame   0x0000156c      0x23c ..\obj\stm32f4xx_gpio.o
 .debug_frame   0x000017a8       0x7c ..\obj\system_stm32f4xx.o
 .debug_frame   0x00001824      0x3f4 ..\obj\stm32f4xx_spi.o
 .debug_frame   0x00001c18       0xd8 ..\obj\misc.o
 .debug_frame   0x00001cf0      0x274 ..\obj\tm_stm32f4_gpio.o
 .debug_frame   0x00001f64      0xe54 ..\obj\stm32f4xx_tim.o
 .debug_frame   0x00002db8      0x344 ..\obj\tm_stm32f4_pcd8544.o
