
Allocating common symbols
Common symbol       size              file

PCD8544_y           0x1               ..\obj\tm_stm32f4_pcd8544.o
PCD8544_x           0x1               ..\obj\tm_stm32f4_pcd8544.o
PCD8544_Buffer      0x1f8             ..\obj\tm_stm32f4_pcd8544.o
screen              0xfc0             ..\obj\TetrisLogic.o
current             0x20              ..\obj\TetrisLogic.o
actualNick          0x4               ..\obj\main.o

Discarded input sections

 .text          0x00000000        0x0 ..\obj\stm32f4xx_syscfg.o
 .data          0x00000000        0x0 ..\obj\stm32f4xx_syscfg.o
 .bss           0x00000000        0x0 ..\obj\stm32f4xx_syscfg.o
 .text.SYSCFG_DeInit
                0x00000000       0x1c ..\obj\stm32f4xx_syscfg.o
 .text.SYSCFG_MemoryRemapConfig
                0x00000000       0x20 ..\obj\stm32f4xx_syscfg.o
 .text.SYSCFG_EXTILineConfig
                0x00000000       0x84 ..\obj\stm32f4xx_syscfg.o
 .text.SYSCFG_ETH_MediaInterfaceConfig
                0x00000000       0x1c ..\obj\stm32f4xx_syscfg.o
 .text.SYSCFG_CompensationCellCmd
                0x00000000       0x20 ..\obj\stm32f4xx_syscfg.o
 .text.SYSCFG_GetCompensationCellStatus
                0x00000000       0x30 ..\obj\stm32f4xx_syscfg.o
 .debug_info    0x00000000      0x274 ..\obj\stm32f4xx_syscfg.o
 .debug_abbrev  0x00000000      0x133 ..\obj\stm32f4xx_syscfg.o
 .debug_aranges
                0x00000000       0x48 ..\obj\stm32f4xx_syscfg.o
 .debug_ranges  0x00000000       0x38 ..\obj\stm32f4xx_syscfg.o
 .debug_line    0x00000000      0x21c ..\obj\stm32f4xx_syscfg.o
 .debug_str     0x00000000      0x2ef ..\obj\stm32f4xx_syscfg.o
 .comment       0x00000000       0x6f ..\obj\stm32f4xx_syscfg.o
 .debug_frame   0x00000000       0xf4 ..\obj\stm32f4xx_syscfg.o
 .ARM.attributes
                0x00000000       0x33 ..\obj\stm32f4xx_syscfg.o
 .text          0x00000000        0x0 ..\obj\TetrisLogic.o
 .text.WriteSCORE
                0x00000000       0xe4 ..\obj\TetrisLogic.o
 .text.WriteEND
                0x00000000       0xbc ..\obj\TetrisLogic.o
 .text.DrawSnake
                0x00000000      0x678 ..\obj\TetrisLogic.o
 .text          0x00000000        0x0 ..\obj\stm32f4xx_dac.o
 .data          0x00000000        0x0 ..\obj\stm32f4xx_dac.o
 .bss           0x00000000        0x0 ..\obj\stm32f4xx_dac.o
 .text.DAC_DeInit
                0x00000000       0x1c ..\obj\stm32f4xx_dac.o
 .text.DAC_StructInit
                0x00000000       0x2c ..\obj\stm32f4xx_dac.o
 .text.DAC_SoftwareTriggerCmd
                0x00000000       0x4c ..\obj\stm32f4xx_dac.o
 .text.DAC_DualSoftwareTriggerCmd
                0x00000000       0x38 ..\obj\stm32f4xx_dac.o
 .text.DAC_WaveGenerationCmd
                0x00000000       0x4c ..\obj\stm32f4xx_dac.o
 .text.DAC_SetChannel2Data
                0x00000000       0x34 ..\obj\stm32f4xx_dac.o
 .text.DAC_SetDualChannelData
                0x00000000       0x58 ..\obj\stm32f4xx_dac.o
 .text.DAC_GetDataOutputValue
                0x00000000       0x30 ..\obj\stm32f4xx_dac.o
 .text.DAC_DMACmd
                0x00000000       0x4c ..\obj\stm32f4xx_dac.o
 .text.DAC_ITConfig
                0x00000000       0x4c ..\obj\stm32f4xx_dac.o
 .text.DAC_GetFlagStatus
                0x00000000       0x3c ..\obj\stm32f4xx_dac.o
 .text.DAC_ClearFlag
                0x00000000       0x24 ..\obj\stm32f4xx_dac.o
 .text.DAC_GetITStatus
                0x00000000       0x54 ..\obj\stm32f4xx_dac.o
 .text.DAC_ClearITPendingBit
                0x00000000       0x24 ..\obj\stm32f4xx_dac.o
 .text          0x00000000        0x0 ..\obj\music.o
 .bss           0x00000000        0x0 ..\obj\music.o
 .text          0x00000000        0x0 ..\obj\startup_stm32f4xx.o
 .data          0x00000000        0x0 ..\obj\startup_stm32f4xx.o
 .bss           0x00000000        0x0 ..\obj\startup_stm32f4xx.o
 .text          0x00000000        0x0 ..\obj\main.o
 .text          0x00000000        0x0 ..\obj\stm32f4xx_rcc.o
 .data          0x00000000       0x10 ..\obj\stm32f4xx_rcc.o
 .bss           0x00000000        0x0 ..\obj\stm32f4xx_rcc.o
 .text.RCC_DeInit
                0x00000000       0x50 ..\obj\stm32f4xx_rcc.o
 .text.RCC_HSEConfig
                0x00000000       0x24 ..\obj\stm32f4xx_rcc.o
 .text.RCC_WaitForHSEStartUp
                0x00000000       0x50 ..\obj\stm32f4xx_rcc.o
 .text.RCC_AdjustHSICalibrationValue
                0x00000000       0x3c ..\obj\stm32f4xx_rcc.o
 .text.RCC_HSICmd
                0x00000000       0x20 ..\obj\stm32f4xx_rcc.o
 .text.RCC_LSEConfig
                0x00000000       0x40 ..\obj\stm32f4xx_rcc.o
 .text.RCC_LSICmd
                0x00000000       0x20 ..\obj\stm32f4xx_rcc.o
 .text.RCC_PLLConfig
                0x00000000       0x3c ..\obj\stm32f4xx_rcc.o
 .text.RCC_PLLCmd
                0x00000000       0x20 ..\obj\stm32f4xx_rcc.o
 .text.RCC_PLLI2SConfig
                0x00000000       0x28 ..\obj\stm32f4xx_rcc.o
 .text.RCC_PLLI2SCmd
                0x00000000       0x20 ..\obj\stm32f4xx_rcc.o
 .text.RCC_ClockSecuritySystemCmd
                0x00000000       0x20 ..\obj\stm32f4xx_rcc.o
 .text.RCC_MCO1Config
                0x00000000       0x3c ..\obj\stm32f4xx_rcc.o
 .text.RCC_MCO2Config
                0x00000000       0x3c ..\obj\stm32f4xx_rcc.o
 .text.RCC_SYSCLKConfig
                0x00000000       0x38 ..\obj\stm32f4xx_rcc.o
 .text.RCC_GetSYSCLKSource
                0x00000000       0x1c ..\obj\stm32f4xx_rcc.o
 .text.RCC_HCLKConfig
                0x00000000       0x38 ..\obj\stm32f4xx_rcc.o
 .text.RCC_PCLK1Config
                0x00000000       0x38 ..\obj\stm32f4xx_rcc.o
 .text.RCC_PCLK2Config
                0x00000000       0x38 ..\obj\stm32f4xx_rcc.o
 .text.RCC_GetClocksFreq
                0x00000000      0x154 ..\obj\stm32f4xx_rcc.o
 .text.RCC_RTCCLKConfig
                0x00000000       0x5c ..\obj\stm32f4xx_rcc.o
 .text.RCC_RTCCLKCmd
                0x00000000       0x20 ..\obj\stm32f4xx_rcc.o
 .text.RCC_BackupResetCmd
                0x00000000       0x20 ..\obj\stm32f4xx_rcc.o
 .text.RCC_I2SCLKConfig
                0x00000000       0x1c ..\obj\stm32f4xx_rcc.o
 .text.RCC_AHB2PeriphClockCmd
                0x00000000       0x3c ..\obj\stm32f4xx_rcc.o
 .text.RCC_AHB3PeriphClockCmd
                0x00000000       0x3c ..\obj\stm32f4xx_rcc.o
 .text.RCC_APB2PeriphClockCmd
                0x00000000       0x3c ..\obj\stm32f4xx_rcc.o
 .text.RCC_AHB1PeriphResetCmd
                0x00000000       0x3c ..\obj\stm32f4xx_rcc.o
 .text.RCC_AHB2PeriphResetCmd
                0x00000000       0x3c ..\obj\stm32f4xx_rcc.o
 .text.RCC_AHB3PeriphResetCmd
                0x00000000       0x3c ..\obj\stm32f4xx_rcc.o
 .text.RCC_APB1PeriphResetCmd
                0x00000000       0x3c ..\obj\stm32f4xx_rcc.o
 .text.RCC_APB2PeriphResetCmd
                0x00000000       0x3c ..\obj\stm32f4xx_rcc.o
 .text.RCC_AHB1PeriphClockLPModeCmd
                0x00000000       0x3c ..\obj\stm32f4xx_rcc.o
 .text.RCC_AHB2PeriphClockLPModeCmd
                0x00000000       0x3c ..\obj\stm32f4xx_rcc.o
 .text.RCC_AHB3PeriphClockLPModeCmd
                0x00000000       0x3c ..\obj\stm32f4xx_rcc.o
 .text.RCC_APB1PeriphClockLPModeCmd
                0x00000000       0x3c ..\obj\stm32f4xx_rcc.o
 .text.RCC_APB2PeriphClockLPModeCmd
                0x00000000       0x3c ..\obj\stm32f4xx_rcc.o
 .text.RCC_ITConfig
                0x00000000       0x4c ..\obj\stm32f4xx_rcc.o
 .text.RCC_GetFlagStatus
                0x00000000       0x74 ..\obj\stm32f4xx_rcc.o
 .text.RCC_ClearFlag
                0x00000000       0x1c ..\obj\stm32f4xx_rcc.o
 .text.RCC_GetITStatus
                0x00000000       0x34 ..\obj\stm32f4xx_rcc.o
 .text.RCC_ClearITPendingBit
                0x00000000       0x20 ..\obj\stm32f4xx_rcc.o
 .text          0x00000000        0x0 ..\obj\tm_stm32f4_spi.o
 .data          0x00000000        0x0 ..\obj\tm_stm32f4_spi.o
 .bss           0x00000000        0x0 ..\obj\tm_stm32f4_spi.o
 .text.TM_SPI_InitWithMode
                0x00000000       0x80 ..\obj\tm_stm32f4_spi.o
 .text.TM_SPI_InitFull
                0x00000000       0x88 ..\obj\tm_stm32f4_spi.o
 .text.TM_SPI_GetPrescalerFromMaxFrequency
                0x00000000       0x68 ..\obj\tm_stm32f4_spi.o
 .text.TM_SPI_SetDataSize
                0x00000000       0x78 ..\obj\tm_stm32f4_spi.o
 .text.TM_SPI_SendMulti
                0x00000000       0x98 ..\obj\tm_stm32f4_spi.o
 .text.TM_SPI_WriteMulti
                0x00000000       0x88 ..\obj\tm_stm32f4_spi.o
 .text.TM_SPI_ReadMulti
                0x00000000       0x94 ..\obj\tm_stm32f4_spi.o
 .text.TM_SPI_SendMulti16
                0x00000000       0x98 ..\obj\tm_stm32f4_spi.o
 .text.TM_SPI_WriteMulti16
                0x00000000       0x88 ..\obj\tm_stm32f4_spi.o
 .text.TM_SPI_ReadMulti16
                0x00000000       0x90 ..\obj\tm_stm32f4_spi.o
 .text          0x00000000        0x0 ..\obj\tm_stm32f4_rng.o
 .data          0x00000000        0x0 ..\obj\tm_stm32f4_rng.o
 .bss           0x00000000        0x0 ..\obj\tm_stm32f4_rng.o
 .text.TM_RNG_DeInit
                0x00000000       0x2c ..\obj\tm_stm32f4_rng.o
 .text          0x00000000        0x0 ..\obj\stm32f4xx_gpio.o
 .data          0x00000000        0x0 ..\obj\stm32f4xx_gpio.o
 .bss           0x00000000        0x0 ..\obj\stm32f4xx_gpio.o
 .text.GPIO_DeInit
                0x00000000      0x120 ..\obj\stm32f4xx_gpio.o
 .text.GPIO_StructInit
                0x00000000       0x34 ..\obj\stm32f4xx_gpio.o
 .text.GPIO_PinLockConfig
                0x00000000       0x44 ..\obj\stm32f4xx_gpio.o
 .text.GPIO_ReadInputData
                0x00000000       0x18 ..\obj\stm32f4xx_gpio.o
 .text.GPIO_ReadOutputDataBit
                0x00000000       0x34 ..\obj\stm32f4xx_gpio.o
 .text.GPIO_ReadOutputData
                0x00000000       0x18 ..\obj\stm32f4xx_gpio.o
 .text.GPIO_WriteBit
                0x00000000       0x30 ..\obj\stm32f4xx_gpio.o
 .text.GPIO_Write
                0x00000000       0x1c ..\obj\stm32f4xx_gpio.o
 .text.GPIO_ToggleBits
                0x00000000       0x24 ..\obj\stm32f4xx_gpio.o
 .text.GPIO_PinAFConfig
                0x00000000       0x90 ..\obj\stm32f4xx_gpio.o
 .text          0x00000000        0x0 ..\obj\system_stm32f4xx.o
 .data          0x00000000       0x14 ..\obj\system_stm32f4xx.o
 .bss           0x00000000        0x0 ..\obj\system_stm32f4xx.o
 .text.SystemCoreClockUpdate
                0x00000000       0xf8 ..\obj\system_stm32f4xx.o
 .text          0x00000000        0x0 ..\obj\stm32f4xx_spi.o
 .data          0x00000000        0x0 ..\obj\stm32f4xx_spi.o
 .bss           0x00000000        0x0 ..\obj\stm32f4xx_spi.o
 .text.SPI_I2S_DeInit
                0x00000000       0x74 ..\obj\stm32f4xx_spi.o
 .text.I2S_Init
                0x00000000      0x1b4 ..\obj\stm32f4xx_spi.o
 .text.I2S_StructInit
                0x00000000       0x38 ..\obj\stm32f4xx_spi.o
 .text.SPI_Cmd  0x00000000       0x40 ..\obj\stm32f4xx_spi.o
 .text.I2S_Cmd  0x00000000       0x40 ..\obj\stm32f4xx_spi.o
 .text.SPI_DataSizeConfig
                0x00000000       0x38 ..\obj\stm32f4xx_spi.o
 .text.SPI_BiDirectionalLineConfig
                0x00000000       0x40 ..\obj\stm32f4xx_spi.o
 .text.SPI_NSSInternalSoftwareConfig
                0x00000000       0x44 ..\obj\stm32f4xx_spi.o
 .text.SPI_SSOutputCmd
                0x00000000       0x40 ..\obj\stm32f4xx_spi.o
 .text.SPI_TIModeCmd
                0x00000000       0x40 ..\obj\stm32f4xx_spi.o
 .text.I2S_FullDuplexConfig
                0x00000000       0x9c ..\obj\stm32f4xx_spi.o
 .text.SPI_I2S_ReceiveData
                0x00000000       0x18 ..\obj\stm32f4xx_spi.o
 .text.SPI_I2S_SendData
                0x00000000       0x1c ..\obj\stm32f4xx_spi.o
 .text.SPI_CalculateCRC
                0x00000000       0x40 ..\obj\stm32f4xx_spi.o
 .text.SPI_TransmitCRC
                0x00000000       0x24 ..\obj\stm32f4xx_spi.o
 .text.SPI_GetCRC
                0x00000000       0x30 ..\obj\stm32f4xx_spi.o
 .text.SPI_GetCRCPolynomial
                0x00000000       0x18 ..\obj\stm32f4xx_spi.o
 .text.SPI_I2S_DMACmd
                0x00000000       0x48 ..\obj\stm32f4xx_spi.o
 .text.SPI_I2S_ITConfig
                0x00000000       0x60 ..\obj\stm32f4xx_spi.o
 .text.SPI_I2S_GetFlagStatus
                0x00000000       0x38 ..\obj\stm32f4xx_spi.o
 .text.SPI_I2S_ClearFlag
                0x00000000       0x20 ..\obj\stm32f4xx_spi.o
 .text.SPI_I2S_GetITStatus
                0x00000000       0x74 ..\obj\stm32f4xx_spi.o
 .text.SPI_I2S_ClearITPendingBit
                0x00000000       0x34 ..\obj\stm32f4xx_spi.o
 .text          0x00000000        0x0 ..\obj\misc.o
 .data          0x00000000        0x0 ..\obj\misc.o
 .bss           0x00000000        0x0 ..\obj\misc.o
 .text.NVIC_SetVectorTable
                0x00000000       0x2c ..\obj\misc.o
 .text.NVIC_SystemLPConfig
                0x00000000       0x40 ..\obj\misc.o
 .text.SysTick_CLKSourceConfig
                0x00000000       0x38 ..\obj\misc.o
 .text          0x00000000        0x0 ..\obj\tm_stm32f4_gpio.o
 .data          0x00000000        0x0 ..\obj\tm_stm32f4_gpio.o
 .text.TM_GPIO_Init
                0x00000000       0x48 ..\obj\tm_stm32f4_gpio.o
 .text.TM_GPIO_DeInit
                0x00000000       0x80 ..\obj\tm_stm32f4_gpio.o
 .text.TM_GPIO_SetPinAsInput
                0x00000000       0x50 ..\obj\tm_stm32f4_gpio.o
 .text.TM_GPIO_SetPinAsOutput
                0x00000000       0x5c ..\obj\tm_stm32f4_gpio.o
 .text.TM_GPIO_SetPinAsAnalog
                0x00000000       0x4c ..\obj\tm_stm32f4_gpio.o
 .text.TM_GPIO_SetPinAsAlternate
                0x00000000       0x60 ..\obj\tm_stm32f4_gpio.o
 .text.TM_GPIO_SetPullResistor
                0x00000000       0x64 ..\obj\tm_stm32f4_gpio.o
 .text.TM_GPIO_Lock
                0x00000000       0x38 ..\obj\tm_stm32f4_gpio.o
 .text.TM_GPIO_GetPinSource
                0x00000000       0x30 ..\obj\tm_stm32f4_gpio.o
 .text.TM_GPIO_INT_DisableClock
                0x00000000       0x30 ..\obj\tm_stm32f4_gpio.o
 .text.TM_GPIO_GetUsedPins
                0x00000000       0x24 ..\obj\tm_stm32f4_gpio.o
 .text.TM_GPIO_GetFreePins
                0x00000000       0x28 ..\obj\tm_stm32f4_gpio.o
 .text          0x00000000        0x0 ..\obj\stm32f4xx_tim.o
 .data          0x00000000        0x0 ..\obj\stm32f4xx_tim.o
 .bss           0x00000000        0x0 ..\obj\stm32f4xx_tim.o
 .text.TIM_DeInit
                0x00000000      0x1c0 ..\obj\stm32f4xx_tim.o
 .text.TIM_TimeBaseStructInit
                0x00000000       0x34 ..\obj\stm32f4xx_tim.o
 .text.TIM_PrescalerConfig
                0x00000000       0x28 ..\obj\stm32f4xx_tim.o
 .text.TIM_CounterModeConfig
                0x00000000       0x38 ..\obj\stm32f4xx_tim.o
 .text.TIM_SetAutoreload
                0x00000000       0x1c ..\obj\stm32f4xx_tim.o
 .text.TIM_GetCounter
                0x00000000       0x18 ..\obj\stm32f4xx_tim.o
 .text.TIM_GetPrescaler
                0x00000000       0x18 ..\obj\stm32f4xx_tim.o
 .text.TIM_UpdateDisableConfig
                0x00000000       0x40 ..\obj\stm32f4xx_tim.o
 .text.TIM_UpdateRequestConfig
                0x00000000       0x40 ..\obj\stm32f4xx_tim.o
 .text.TIM_ARRPreloadConfig
                0x00000000       0x40 ..\obj\stm32f4xx_tim.o
 .text.TIM_SelectOnePulseMode
                0x00000000       0x38 ..\obj\stm32f4xx_tim.o
 .text.TIM_SetClockDivision
                0x00000000       0x38 ..\obj\stm32f4xx_tim.o
 .text.TIM_OC1Init
                0x00000000       0xf4 ..\obj\stm32f4xx_tim.o
 .text.TIM_OC2Init
                0x00000000      0x110 ..\obj\stm32f4xx_tim.o
 .text.TIM_OC3Init
                0x00000000      0x10c ..\obj\stm32f4xx_tim.o
 .text.TIM_OC4Init
                0x00000000       0xcc ..\obj\stm32f4xx_tim.o
 .text.TIM_OCStructInit
                0x00000000       0x44 ..\obj\stm32f4xx_tim.o
 .text.TIM_SelectOCxM
                0x00000000       0xb0 ..\obj\stm32f4xx_tim.o
 .text.TIM_SetCompare1
                0x00000000       0x1c ..\obj\stm32f4xx_tim.o
 .text.TIM_SetCompare2
                0x00000000       0x1c ..\obj\stm32f4xx_tim.o
 .text.TIM_SetCompare3
                0x00000000       0x1c ..\obj\stm32f4xx_tim.o
 .text.TIM_SetCompare4
                0x00000000       0x1c ..\obj\stm32f4xx_tim.o
 .text.TIM_ForcedOC1Config
                0x00000000       0x38 ..\obj\stm32f4xx_tim.o
 .text.TIM_ForcedOC2Config
                0x00000000       0x3c ..\obj\stm32f4xx_tim.o
 .text.TIM_ForcedOC3Config
                0x00000000       0x38 ..\obj\stm32f4xx_tim.o
 .text.TIM_ForcedOC4Config
                0x00000000       0x3c ..\obj\stm32f4xx_tim.o
 .text.TIM_OC1PreloadConfig
                0x00000000       0x38 ..\obj\stm32f4xx_tim.o
 .text.TIM_OC2PreloadConfig
                0x00000000       0x3c ..\obj\stm32f4xx_tim.o
 .text.TIM_OC3PreloadConfig
                0x00000000       0x38 ..\obj\stm32f4xx_tim.o
 .text.TIM_OC4PreloadConfig
                0x00000000       0x3c ..\obj\stm32f4xx_tim.o
 .text.TIM_OC1FastConfig
                0x00000000       0x38 ..\obj\stm32f4xx_tim.o
 .text.TIM_OC2FastConfig
                0x00000000       0x3c ..\obj\stm32f4xx_tim.o
 .text.TIM_OC3FastConfig
                0x00000000       0x38 ..\obj\stm32f4xx_tim.o
 .text.TIM_OC4FastConfig
                0x00000000       0x3c ..\obj\stm32f4xx_tim.o
 .text.TIM_ClearOC1Ref
                0x00000000       0x38 ..\obj\stm32f4xx_tim.o
 .text.TIM_ClearOC2Ref
                0x00000000       0x3c ..\obj\stm32f4xx_tim.o
 .text.TIM_ClearOC3Ref
                0x00000000       0x38 ..\obj\stm32f4xx_tim.o
 .text.TIM_ClearOC4Ref
                0x00000000       0x3c ..\obj\stm32f4xx_tim.o
 .text.TIM_OC1PolarityConfig
                0x00000000       0x38 ..\obj\stm32f4xx_tim.o
 .text.TIM_OC1NPolarityConfig
                0x00000000       0x38 ..\obj\stm32f4xx_tim.o
 .text.TIM_OC2PolarityConfig
                0x00000000       0x3c ..\obj\stm32f4xx_tim.o
 .text.TIM_OC2NPolarityConfig
                0x00000000       0x3c ..\obj\stm32f4xx_tim.o
 .text.TIM_OC3PolarityConfig
                0x00000000       0x3c ..\obj\stm32f4xx_tim.o
 .text.TIM_OC3NPolarityConfig
                0x00000000       0x3c ..\obj\stm32f4xx_tim.o
 .text.TIM_OC4PolarityConfig
                0x00000000       0x3c ..\obj\stm32f4xx_tim.o
 .text.TIM_CCxCmd
                0x00000000       0x54 ..\obj\stm32f4xx_tim.o
 .text.TIM_CCxNCmd
                0x00000000       0x54 ..\obj\stm32f4xx_tim.o
 .text.TIM_ICInit
                0x00000000       0xa8 ..\obj\stm32f4xx_tim.o
 .text.TIM_ICStructInit
                0x00000000       0x30 ..\obj\stm32f4xx_tim.o
 .text.TIM_PWMIConfig
                0x00000000       0xb8 ..\obj\stm32f4xx_tim.o
 .text.TIM_GetCapture1
                0x00000000       0x18 ..\obj\stm32f4xx_tim.o
 .text.TIM_GetCapture2
                0x00000000       0x18 ..\obj\stm32f4xx_tim.o
 .text.TIM_GetCapture3
                0x00000000       0x18 ..\obj\stm32f4xx_tim.o
 .text.TIM_GetCapture4
                0x00000000       0x18 ..\obj\stm32f4xx_tim.o
 .text.TIM_SetIC1Prescaler
                0x00000000       0x38 ..\obj\stm32f4xx_tim.o
 .text.TIM_SetIC2Prescaler
                0x00000000       0x3c ..\obj\stm32f4xx_tim.o
 .text.TIM_SetIC3Prescaler
                0x00000000       0x38 ..\obj\stm32f4xx_tim.o
 .text.TIM_SetIC4Prescaler
                0x00000000       0x3c ..\obj\stm32f4xx_tim.o
 .text.TIM_BDTRConfig
                0x00000000       0x50 ..\obj\stm32f4xx_tim.o
 .text.TIM_BDTRStructInit
                0x00000000       0x3c ..\obj\stm32f4xx_tim.o
 .text.TIM_CtrlPWMOutputs
                0x00000000       0x4c ..\obj\stm32f4xx_tim.o
 .text.TIM_SelectCOM
                0x00000000       0x40 ..\obj\stm32f4xx_tim.o
 .text.TIM_CCPreloadControl
                0x00000000       0x40 ..\obj\stm32f4xx_tim.o
 .text.TIM_GenerateEvent
                0x00000000       0x1c ..\obj\stm32f4xx_tim.o
 .text.TIM_GetFlagStatus
                0x00000000       0x38 ..\obj\stm32f4xx_tim.o
 .text.TIM_DMAConfig
                0x00000000       0x28 ..\obj\stm32f4xx_tim.o
 .text.TIM_DMACmd
                0x00000000       0x48 ..\obj\stm32f4xx_tim.o
 .text.TIM_SelectCCDMA
                0x00000000       0x40 ..\obj\stm32f4xx_tim.o
 .text.TIM_InternalClockConfig
                0x00000000       0x24 ..\obj\stm32f4xx_tim.o
 .text.TIM_ITRxExternalClockConfig
                0x00000000       0x30 ..\obj\stm32f4xx_tim.o
 .text.TIM_TIxExternalClockConfig
                0x00000000       0x5c ..\obj\stm32f4xx_tim.o
 .text.TIM_ETRClockMode1Config
                0x00000000       0x60 ..\obj\stm32f4xx_tim.o
 .text.TIM_ETRClockMode2Config
                0x00000000       0x40 ..\obj\stm32f4xx_tim.o
 .text.TIM_SelectInputTrigger
                0x00000000       0x38 ..\obj\stm32f4xx_tim.o
 .text.TIM_SelectOutputTrigger
                0x00000000       0x38 ..\obj\stm32f4xx_tim.o
 .text.TIM_SelectSlaveMode
                0x00000000       0x38 ..\obj\stm32f4xx_tim.o
 .text.TIM_SelectMasterSlaveMode
                0x00000000       0x38 ..\obj\stm32f4xx_tim.o
 .text.TIM_ETRConfig
                0x00000000       0x54 ..\obj\stm32f4xx_tim.o
 .text.TIM_EncoderInterfaceConfig
                0x00000000       0x98 ..\obj\stm32f4xx_tim.o
 .text.TIM_SelectHallSensor
                0x00000000       0x40 ..\obj\stm32f4xx_tim.o
 .text.TIM_RemapConfig
                0x00000000       0x20 ..\obj\stm32f4xx_tim.o
 .text.TI1_Config
                0x00000000       0x84 ..\obj\stm32f4xx_tim.o
 .text.TI2_Config
                0x00000000       0x98 ..\obj\stm32f4xx_tim.o
 .text.TI3_Config
                0x00000000       0x90 ..\obj\stm32f4xx_tim.o
 .text.TI4_Config
                0x00000000       0x9c ..\obj\stm32f4xx_tim.o
 .text          0x00000000        0x0 ..\obj\tm_stm32f4_pcd8544.o
 .data          0x00000000        0x0 ..\obj\tm_stm32f4_pcd8544.o
 .rodata        0x00000000      0x386 ..\obj\tm_stm32f4_pcd8544.o
 .text.PCD8544_SetContrast
                0x00000000       0x40 ..\obj\tm_stm32f4_pcd8544.o
 .text.PCD8544_Invert
                0x00000000       0x2c ..\obj\tm_stm32f4_pcd8544.o
 .text.PCD8544_Putc
                0x00000000      0x158 ..\obj\tm_stm32f4_pcd8544.o
 .text.PCD8544_Puts
                0x00000000       0x34 ..\obj\tm_stm32f4_pcd8544.o
 .text.PCD8544_DrawLine
                0x00000000      0x1a4 ..\obj\tm_stm32f4_pcd8544.o
 .text.PCD8544_DrawRectangle
                0x00000000       0x70 ..\obj\tm_stm32f4_pcd8544.o
 .text.PCD8544_DrawFilledRectangle
                0x00000000       0x48 ..\obj\tm_stm32f4_pcd8544.o
 .text.PCD8544_DrawCircle
                0x00000000      0x1cc ..\obj\tm_stm32f4_pcd8544.o
 .text.PCD8544_DrawFilledCircle
                0x00000000      0x1d8 ..\obj\tm_stm32f4_pcd8544.o

Memory Configuration

Name             Origin             Length             Attributes
rom              0x08000000         0x00100000         xr
ram              0x20000000         0x00020000         xrw
ram1             0x10000000         0x00010000         xrw
*default*        0x00000000         0xffffffff

Linker script and memory map

                0x20020000                _eram = 0x20020000

.text           0x08000000     0xcc98
 *(.isr_vector .isr_vector.*)
 .isr_vector    0x08000000      0x188 ..\obj\startup_stm32f4xx.o
                0x08000000                g_pfnVectors
 *(.text .text.* .gnu.linkonce.t.*)
 .text.Pow      0x08000188       0x30 ..\obj\TetrisLogic.o
                0x08000188                Pow
 .text.Abs      0x080001b8       0x20 ..\obj\TetrisLogic.o
                0x080001b8                Abs
 .text.AddToRank
                0x080001d8       0x98 ..\obj\TetrisLogic.o
                0x080001d8                AddToRank
 .text.FillRank
                0x08000270       0x68 ..\obj\TetrisLogic.o
                0x08000270                FillRank
 .text.DrawRank
                0x080002d8      0x288 ..\obj\TetrisLogic.o
                0x080002d8                DrawRank
 .text.DrawA    0x08000560       0xf8 ..\obj\TetrisLogic.o
                0x08000560                DrawA
 .text.DrawB    0x08000658       0xc4 ..\obj\TetrisLogic.o
                0x08000658                DrawB
 .text.DrawC    0x0800071c       0xa0 ..\obj\TetrisLogic.o
                0x0800071c                DrawC
 .text.DrawD    0x080007bc       0x94 ..\obj\TetrisLogic.o
                0x080007bc                DrawD
 .text.DrawE    0x08000850       0xbc ..\obj\TetrisLogic.o
                0x08000850                DrawE
 .text.DrawF    0x0800090c       0x9c ..\obj\TetrisLogic.o
                0x0800090c                DrawF
 .text.DrawG    0x080009a8       0xa4 ..\obj\TetrisLogic.o
                0x080009a8                DrawG
 .text.DrawH    0x08000a4c       0xa0 ..\obj\TetrisLogic.o
                0x08000a4c                DrawH
 .text.DrawI    0x08000aec       0x5c ..\obj\TetrisLogic.o
                0x08000aec                DrawI
 .text.DrawJ    0x08000b48       0xa8 ..\obj\TetrisLogic.o
                0x08000b48                DrawJ
 .text.DrawK    0x08000bf0       0xfc ..\obj\TetrisLogic.o
                0x08000bf0                DrawK
 .text.DrawL    0x08000cec       0x88 ..\obj\TetrisLogic.o
                0x08000cec                DrawL
 .text.DrawM    0x08000d74      0x14c ..\obj\TetrisLogic.o
                0x08000d74                DrawM
 .text.DrawN    0x08000ec0      0x19c ..\obj\TetrisLogic.o
                0x08000ec0                DrawN
 .text.DrawO    0x0800105c       0xbc ..\obj\TetrisLogic.o
                0x0800105c                DrawO
 .text.DrawP    0x08001118       0xd0 ..\obj\TetrisLogic.o
                0x08001118                DrawP
 .text.DrawQ    0x080011e8       0xa0 ..\obj\TetrisLogic.o
                0x080011e8                DrawQ
 .text.DrawR    0x08001288       0xf4 ..\obj\TetrisLogic.o
                0x08001288                DrawR
 .text.DrawS    0x0800137c       0xe0 ..\obj\TetrisLogic.o
                0x0800137c                DrawS
 .text.DrawT    0x0800145c       0x58 ..\obj\TetrisLogic.o
                0x0800145c                DrawT
 .text.DrawU    0x080014b4       0xa4 ..\obj\TetrisLogic.o
                0x080014b4                DrawU
 .text.DrawV    0x08001558      0x1c0 ..\obj\TetrisLogic.o
                0x08001558                DrawV
 .text.DrawW    0x08001718      0x190 ..\obj\TetrisLogic.o
                0x08001718                DrawW
 .text.DrawX    0x080018a8      0x1f8 ..\obj\TetrisLogic.o
                0x080018a8                DrawX
 .text.DrawY    0x08001aa0      0x1a0 ..\obj\TetrisLogic.o
                0x08001aa0                DrawY
 .text.DrawZ    0x08001c40      0x19c ..\obj\TetrisLogic.o
                0x08001c40                DrawZ
 .text.DrawColon
                0x08001ddc       0x4c ..\obj\TetrisLogic.o
                0x08001ddc                DrawColon
 .text.DrawLetter
                0x08001e28      0x1fc ..\obj\TetrisLogic.o
                0x08001e28                DrawLetter
 .text.Draw0    0x08002024       0x24 ..\obj\TetrisLogic.o
                0x08002024                Draw0
 .text.Draw1    0x08002048       0x88 ..\obj\TetrisLogic.o
                0x08002048                Draw1
 .text.Draw2    0x080020d0       0xe0 ..\obj\TetrisLogic.o
                0x080020d0                Draw2
 .text.Draw3    0x080021b0       0xc0 ..\obj\TetrisLogic.o
                0x080021b0                Draw3
 .text.Draw4    0x08002270       0xc0 ..\obj\TetrisLogic.o
                0x08002270                Draw4
 .text.Draw5    0x08002330       0x24 ..\obj\TetrisLogic.o
                0x08002330                Draw5
 .text.Draw6    0x08002354       0xf8 ..\obj\TetrisLogic.o
                0x08002354                Draw6
 .text.Draw7    0x0800244c       0x84 ..\obj\TetrisLogic.o
                0x0800244c                Draw7
 .text.Draw8    0x080024d0       0x58 ..\obj\TetrisLogic.o
                0x080024d0                Draw8
 .text.Draw9    0x08002528       0x5c ..\obj\TetrisLogic.o
                0x08002528                Draw9
 .text.DrawTetrisBorder
                0x08002584       0x88 ..\obj\TetrisLogic.o
                0x08002584                DrawTetrisBorder
 .text.DrawChangePointerUP
                0x0800260c       0xe8 ..\obj\TetrisLogic.o
                0x0800260c                DrawChangePointerUP
 .text.DrawChangePointerDOWN
                0x080026f4       0xec ..\obj\TetrisLogic.o
                0x080026f4                DrawChangePointerDOWN
 .text.DrawPointer
                0x080027e0       0xd0 ..\obj\TetrisLogic.o
                0x080027e0                DrawPointer
 .text.DrawChunk
                0x080028b0       0xc8 ..\obj\TetrisLogic.o
                0x080028b0                DrawChunk
 .text.ClearChunk
                0x08002978       0xc8 ..\obj\TetrisLogic.o
                0x08002978                ClearChunk
 .text.ClearChunk2
                0x08002a40       0xe4 ..\obj\TetrisLogic.o
                0x08002a40                ClearChunk2
 .text.DrawShapeSquare
                0x08002b24       0xb0 ..\obj\TetrisLogic.o
                0x08002b24                DrawShapeSquare
 .text.DrawShapeRectangleH
                0x08002bd4       0xb0 ..\obj\TetrisLogic.o
                0x08002bd4                DrawShapeRectangleH
 .text.DrawShapeRectangleV
                0x08002c84       0xb0 ..\obj\TetrisLogic.o
                0x08002c84                DrawShapeRectangleV
 .text.DrawShapeLH
                0x08002d34       0xb8 ..\obj\TetrisLogic.o
                0x08002d34                DrawShapeLH
 .text.DrawShapeLHInv
                0x08002dec       0xa4 ..\obj\TetrisLogic.o
                0x08002dec                DrawShapeLHInv
 .text.DrawShapeLHMir
                0x08002e90       0xb8 ..\obj\TetrisLogic.o
                0x08002e90                DrawShapeLHMir
 .text.DrawShapeLHInvMir
                0x08002f48       0xa4 ..\obj\TetrisLogic.o
                0x08002f48                DrawShapeLHInvMir
 .text.DrawShapeLV
                0x08002fec       0xb8 ..\obj\TetrisLogic.o
                0x08002fec                DrawShapeLV
 .text.DrawShapeLVInv
                0x080030a4       0xb8 ..\obj\TetrisLogic.o
                0x080030a4                DrawShapeLVInv
 .text.DrawShapeLVMir
                0x0800315c       0xa4 ..\obj\TetrisLogic.o
                0x0800315c                DrawShapeLVMir
 .text.DrawShapeLVInvMir
                0x08003200       0xa4 ..\obj\TetrisLogic.o
                0x08003200                DrawShapeLVInvMir
 .text.DrawShapeTH
                0x080032a4       0xb4 ..\obj\TetrisLogic.o
                0x080032a4                DrawShapeTH
 .text.DrawShapeTHInv
                0x08003358       0xb4 ..\obj\TetrisLogic.o
                0x08003358                DrawShapeTHInv
 .text.DrawShapeTV
                0x0800340c       0xb4 ..\obj\TetrisLogic.o
                0x0800340c                DrawShapeTV
 .text.DrawShapeTVInv
                0x080034c0       0xb4 ..\obj\TetrisLogic.o
                0x080034c0                DrawShapeTVInv
 .text.DrawShapeZH
                0x08003574       0xc4 ..\obj\TetrisLogic.o
                0x08003574                DrawShapeZH
 .text.DrawShapeZHInv
                0x08003638       0xc8 ..\obj\TetrisLogic.o
                0x08003638                DrawShapeZHInv
 .text.DrawShapeZV
                0x08003700       0xb0 ..\obj\TetrisLogic.o
                0x08003700                DrawShapeZV
 .text.DrawShapeZVInv
                0x080037b0       0xb0 ..\obj\TetrisLogic.o
                0x080037b0                DrawShapeZVInv
 .text.WriteFUNCTOSTART
                0x08003860      0x108 ..\obj\TetrisLogic.o
                0x08003860                WriteFUNCTOSTART
 .text.WriteNEWGAME
                0x08003968       0xa8 ..\obj\TetrisLogic.o
                0x08003968                WriteNEWGAME
 .text.WriteRANK
                0x08003a10       0x64 ..\obj\TetrisLogic.o
                0x08003a10                WriteRANK
 .text.WriteEXIT
                0x08003a74       0x64 ..\obj\TetrisLogic.o
                0x08003a74                WriteEXIT
 .text.WriteTETRIS
                0x08003ad8       0x90 ..\obj\TetrisLogic.o
                0x08003ad8                WriteTETRIS
 .text.WriteGAMEOVER
                0x08003b68       0xcc ..\obj\TetrisLogic.o
                0x08003b68                WriteGAMEOVER
 .text.WriteSETNICK
                0x08003c34       0xa8 ..\obj\TetrisLogic.o
                0x08003c34                WriteSETNICK
 .text.TetrisMenu
                0x08003cdc      0x1f8 ..\obj\TetrisLogic.o
                0x08003cdc                TetrisMenu
 .text.MoveScreenDownFrom
                0x08003ed4       0x9c ..\obj\TetrisLogic.o
                0x08003ed4                MoveScreenDownFrom
 .text.CheckHorizontal
                0x08003f70       0xb0 ..\obj\TetrisLogic.o
                0x08003f70                CheckHorizontal
 .text.ClearRow
                0x08004020       0x44 ..\obj\TetrisLogic.o
                0x08004020                ClearRow
 .text.DrawNumber
                0x08004064       0xd8 ..\obj\TetrisLogic.o
                0x08004064                DrawNumber
 .text.ParseScore
                0x0800413c      0x444 ..\obj\TetrisLogic.o
                0x0800413c                ParseScore
 .text.ClearScreen
                0x08004580       0x5c ..\obj\TetrisLogic.o
                0x08004580                ClearScreen
 .text.DrawScreen
                0x080045dc       0x74 ..\obj\TetrisLogic.o
                0x080045dc                DrawScreen
 .text.FillREC  0x08004650       0x88 ..\obj\TetrisLogic.o
                0x08004650                FillREC
 .text.MoveRight
                0x080046d8     0x198c ..\obj\TetrisLogic.o
                0x080046d8                MoveRight
 .text.MoveLeft
                0x08006064     0x1728 ..\obj\TetrisLogic.o
                0x08006064                MoveLeft
 .text.MoveDown
                0x0800778c     0x19d0 ..\obj\TetrisLogic.o
                0x0800778c                MoveDown
 .text.SpawnBlock
                0x0800915c      0xc24 ..\obj\TetrisLogic.o
                0x0800915c                SpawnBlock
 .text.Turn     0x08009d80      0xf54 ..\obj\TetrisLogic.o
                0x08009d80                Turn
 .text.DAC_Init
                0x0800acd4       0x64 ..\obj\stm32f4xx_dac.o
                0x0800acd4                DAC_Init
 .text.DAC_Cmd  0x0800ad38       0x48 ..\obj\stm32f4xx_dac.o
                0x0800ad38                DAC_Cmd
 .text.DAC_SetChannel1Data
                0x0800ad80       0x34 ..\obj\stm32f4xx_dac.o
                0x0800ad80                DAC_SetChannel1Data
 .text.Default_Reset_Handler
                0x0800adb4       0x5c ..\obj\startup_stm32f4xx.o
                0x0800adb4                Default_Reset_Handler
                0x0800adb4                Reset_Handler
 .text.Default_Handler
                0x0800ae10        0x8 ..\obj\startup_stm32f4xx.o
                0x0800ae10                RTC_Alarm_IRQHandler
                0x0800ae10                HASH_RNG_IRQHandler
                0x0800ae10                EXTI2_IRQHandler
                0x0800ae10                TIM8_CC_IRQHandler
                0x0800ae10                DebugMon_Handler
                0x0800ae10                TIM1_CC_IRQHandler
                0x0800ae10                DMA2_Stream5_IRQHandler
                0x0800ae10                HardFault_Handler
                0x0800ae10                DMA1_Stream5_IRQHandler
                0x0800ae10                SysTick_Handler
                0x0800ae10                PVD_IRQHandler
                0x0800ae10                SDIO_IRQHandler
                0x0800ae10                TAMP_STAMP_IRQHandler
                0x0800ae10                PendSV_Handler
                0x0800ae10                NMI_Handler
                0x0800ae10                CAN2_RX1_IRQHandler
                0x0800ae10                EXTI3_IRQHandler
                0x0800ae10                TIM8_TRG_COM_TIM14_IRQHandler
                0x0800ae10                TIM1_UP_TIM10_IRQHandler
                0x0800ae10                TIM8_UP_TIM13_IRQHandler
                0x0800ae10                I2C3_ER_IRQHandler
                0x0800ae10                EXTI0_IRQHandler
                0x0800ae10                I2C2_EV_IRQHandler
                0x0800ae10                DMA1_Stream2_IRQHandler
                0x0800ae10                CAN1_RX0_IRQHandler
                0x0800ae10                FPU_IRQHandler
                0x0800ae10                OTG_HS_WKUP_IRQHandler
                0x0800ae10                UsageFault_Handler
                0x0800ae10                CAN2_SCE_IRQHandler
                0x0800ae10                DMA2_Stream2_IRQHandler
                0x0800ae10                SPI1_IRQHandler
                0x0800ae10                TIM6_DAC_IRQHandler
                0x0800ae10                TIM1_BRK_TIM9_IRQHandler
                0x0800ae10                DCMI_IRQHandler
                0x0800ae10                CAN2_RX0_IRQHandler
                0x0800ae10                DMA2_Stream3_IRQHandler
                0x0800ae10                USART6_IRQHandler
                0x0800ae10                USART3_IRQHandler
                0x0800ae10                CRYP_IRQHandler
                0x0800ae10                CAN1_RX1_IRQHandler
                0x0800ae10                UART5_IRQHandler
                0x0800ae10                DMA2_Stream0_IRQHandler
                0x0800ae10                TIM4_IRQHandler
                0x0800ae10                I2C1_EV_IRQHandler
                0x0800ae10                DMA1_Stream6_IRQHandler
                0x0800ae10                DMA1_Stream1_IRQHandler
                0x0800ae10                UART4_IRQHandler
                0x0800ae10                RCC_IRQHandler
                0x0800ae10                TIM8_BRK_TIM12_IRQHandler
                0x0800ae10                EXTI15_10_IRQHandler
                0x0800ae10                ADC_IRQHandler
                0x0800ae10                DMA1_Stream7_IRQHandler
                0x0800ae10                TIM7_IRQHandler
                0x0800ae10                CAN2_TX_IRQHandler
                0x0800ae10                DMA2_Stream7_IRQHandler
                0x0800ae10                I2C3_EV_IRQHandler
                0x0800ae10                EXTI9_5_IRQHandler
                0x0800ae10                RTC_WKUP_IRQHandler
                0x0800ae10                ETH_WKUP_IRQHandler
                0x0800ae10                SPI2_IRQHandler
                0x0800ae10                OTG_HS_EP1_IN_IRQHandler
                0x0800ae10                MemManage_Handler
                0x0800ae10                DMA1_Stream0_IRQHandler
                0x0800ae10                CAN1_TX_IRQHandler
                0x0800ae10                SVC_Handler
                0x0800ae10                EXTI4_IRQHandler
                0x0800ae10                FSMC_IRQHandler
                0x0800ae10                ETH_IRQHandler
                0x0800ae10                OTG_HS_EP1_OUT_IRQHandler
                0x0800ae10                WWDG_IRQHandler
                0x0800ae10                OTG_FS_WKUP_IRQHandler
                0x0800ae10                TIM1_TRG_COM_TIM11_IRQHandler
                0x0800ae10                OTG_HS_IRQHandler
                0x0800ae10                EXTI1_IRQHandler
                0x0800ae10                USART2_IRQHandler
                0x0800ae10                I2C2_ER_IRQHandler
                0x0800ae10                DMA2_Stream1_IRQHandler
                0x0800ae10                CAN1_SCE_IRQHandler
                0x0800ae10                FLASH_IRQHandler
                0x0800ae10                DMA2_Stream4_IRQHandler
                0x0800ae10                BusFault_Handler
                0x0800ae10                USART1_IRQHandler
                0x0800ae10                OTG_FS_IRQHandler
                0x0800ae10                SPI3_IRQHandler
                0x0800ae10                DMA1_Stream4_IRQHandler
                0x0800ae10                I2C1_ER_IRQHandler
                0x0800ae10                DMA2_Stream6_IRQHandler
                0x0800ae10                DMA1_Stream3_IRQHandler
 .text.INITSYS  0x0800ae18      0x218 ..\obj\main.o
                0x0800ae18                INITSYS
 .text.TetrisButtons
                0x0800b030       0xf4 ..\obj\main.o
                0x0800b030                TetrisButtons
 .text.TIM2_IRQHandler
                0x0800b124      0x618 ..\obj\main.o
                0x0800b124                TIM2_IRQHandler
 .text.TIM3_IRQHandler
                0x0800b73c       0xa0 ..\obj\main.o
                0x0800b73c                TIM3_IRQHandler
 .text.TIM5_IRQHandler
                0x0800b7dc       0x5c ..\obj\main.o
                0x0800b7dc                TIM5_IRQHandler
 .text.main     0x0800b838      0x2f4 ..\obj\main.o
                0x0800b838                main
 .text.RCC_AHB1PeriphClockCmd
                0x0800bb2c       0x3c ..\obj\stm32f4xx_rcc.o
                0x0800bb2c                RCC_AHB1PeriphClockCmd
 .text.RCC_APB1PeriphClockCmd
                0x0800bb68       0x3c ..\obj\stm32f4xx_rcc.o
                0x0800bb68                RCC_APB1PeriphClockCmd
 .text.TM_SPI_Init
                0x0800bba4       0x7c ..\obj\tm_stm32f4_spi.o
                0x0800bba4                TM_SPI_Init
 .text.TM_SPI_InitCustomPinsCallback
                0x0800bc20       0x18 ..\obj\tm_stm32f4_spi.o
                0x0800bc20                TM_SPI_InitCustomPinsCallback
 .text.TM_SPIx_Init
                0x0800bc38      0x11c ..\obj\tm_stm32f4_spi.o
 .text.TM_SPI1_INT_InitPins
                0x0800bd54       0x60 ..\obj\tm_stm32f4_spi.o
                0x0800bd54                TM_SPI1_INT_InitPins
 .text.TM_SPI2_INT_InitPins
                0x0800bdb4       0x98 ..\obj\tm_stm32f4_spi.o
                0x0800bdb4                TM_SPI2_INT_InitPins
 .text.TM_SPI3_INT_InitPins
                0x0800be4c       0x64 ..\obj\tm_stm32f4_spi.o
                0x0800be4c                TM_SPI3_INT_InitPins
 .text.TM_RNG_Init
                0x0800beb0       0x2c ..\obj\tm_stm32f4_rng.o
                0x0800beb0                TM_RNG_Init
 .text.TM_RNG_Get
                0x0800bedc       0x24 ..\obj\tm_stm32f4_rng.o
                0x0800bedc                TM_RNG_Get
 .text.GPIO_Init
                0x0800bf00      0x11c ..\obj\stm32f4xx_gpio.o
                0x0800bf00                GPIO_Init
 .text.GPIO_ReadInputDataBit
                0x0800c01c       0x34 ..\obj\stm32f4xx_gpio.o
                0x0800c01c                GPIO_ReadInputDataBit
 .text.GPIO_SetBits
                0x0800c050       0x1c ..\obj\stm32f4xx_gpio.o
                0x0800c050                GPIO_SetBits
 .text.GPIO_ResetBits
                0x0800c06c       0x1c ..\obj\stm32f4xx_gpio.o
                0x0800c06c                GPIO_ResetBits
 .text.SystemInit
                0x0800c088       0x5c ..\obj\system_stm32f4xx.o
                0x0800c088                SystemInit
 .text.SetSysClock
                0x0800c0e4       0xf4 ..\obj\system_stm32f4xx.o
 .text.SPI_Init
                0x0800c1d8       0x88 ..\obj\stm32f4xx_spi.o
                0x0800c1d8                SPI_Init
 .text.SPI_StructInit
                0x0800c260       0x48 ..\obj\stm32f4xx_spi.o
                0x0800c260                SPI_StructInit
 .text.NVIC_PriorityGroupConfig
                0x0800c2a8       0x24 ..\obj\misc.o
                0x0800c2a8                NVIC_PriorityGroupConfig
 .text.NVIC_Init
                0x0800c2cc       0xc0 ..\obj\misc.o
                0x0800c2cc                NVIC_Init
 .text.TM_GPIO_InitAlternate
                0x0800c38c       0xa8 ..\obj\tm_stm32f4_gpio.o
                0x0800c38c                TM_GPIO_InitAlternate
 .text.TM_GPIO_GetPortSource
                0x0800c434       0x20 ..\obj\tm_stm32f4_gpio.o
                0x0800c434                TM_GPIO_GetPortSource
 .text.TM_GPIO_INT_EnableClock
                0x0800c454       0x30 ..\obj\tm_stm32f4_gpio.o
                0x0800c454                TM_GPIO_INT_EnableClock
 .text.TM_GPIO_INT_Init
                0x0800c484      0x10c ..\obj\tm_stm32f4_gpio.o
                0x0800c484                TM_GPIO_INT_Init
 .text.TIM_TimeBaseInit
                0x0800c590       0xd4 ..\obj\stm32f4xx_tim.o
                0x0800c590                TIM_TimeBaseInit
 .text.TIM_SetCounter
                0x0800c664       0x1c ..\obj\stm32f4xx_tim.o
                0x0800c664                TIM_SetCounter
 .text.TIM_Cmd  0x0800c680       0x40 ..\obj\stm32f4xx_tim.o
                0x0800c680                TIM_Cmd
 .text.TIM_ITConfig
                0x0800c6c0       0x48 ..\obj\stm32f4xx_tim.o
                0x0800c6c0                TIM_ITConfig
 .text.TIM_ClearFlag
                0x0800c708       0x20 ..\obj\stm32f4xx_tim.o
                0x0800c708                TIM_ClearFlag
 .text.TIM_GetITStatus
                0x0800c728       0x54 ..\obj\stm32f4xx_tim.o
                0x0800c728                TIM_GetITStatus
 .text.TIM_ClearITPendingBit
                0x0800c77c       0x20 ..\obj\stm32f4xx_tim.o
                0x0800c77c                TIM_ClearITPendingBit
 .text.TM_SPI_Send
                0x0800c79c       0x74 ..\obj\tm_stm32f4_pcd8544.o
 .text.PCD8544_InitIO
                0x0800c810       0x7c ..\obj\tm_stm32f4_pcd8544.o
                0x0800c810                PCD8544_InitIO
 .text.PCD8544_send
                0x0800c88c       0x38 ..\obj\tm_stm32f4_pcd8544.o
                0x0800c88c                PCD8544_send
 .text.PCD8544_Pin
                0x0800c8c4       0x64 ..\obj\tm_stm32f4_pcd8544.o
                0x0800c8c4                PCD8544_Pin
 .text.PCD8544_Delay
                0x0800c928       0x28 ..\obj\tm_stm32f4_pcd8544.o
                0x0800c928                PCD8544_Delay
 .text.PCD8544_Init
                0x0800c950       0x7c ..\obj\tm_stm32f4_pcd8544.o
                0x0800c950                PCD8544_Init
 .text.PCD8544_Write
                0x0800c9cc       0x40 ..\obj\tm_stm32f4_pcd8544.o
                0x0800c9cc                PCD8544_Write
 .text.PCD8544_DrawPixel
                0x0800ca0c       0xbc ..\obj\tm_stm32f4_pcd8544.o
                0x0800ca0c                PCD8544_DrawPixel
 .text.PCD8544_Clear
                0x0800cac8       0x4c ..\obj\tm_stm32f4_pcd8544.o
                0x0800cac8                PCD8544_Clear
 .text.PCD8544_Home
                0x0800cb14       0x18 ..\obj\tm_stm32f4_pcd8544.o
                0x0800cb14                PCD8544_Home
 .text.PCD8544_Refresh
                0x0800cb2c       0xc4 ..\obj\tm_stm32f4_pcd8544.o
                0x0800cb2c                PCD8544_Refresh
 .text.PCD8544_UpdateArea
                0x0800cbf0       0x78 ..\obj\tm_stm32f4_pcd8544.o
                0x0800cbf0                PCD8544_UpdateArea
 .text.PCD8544_GotoXY
                0x0800cc68       0x30 ..\obj\tm_stm32f4_pcd8544.o
                0x0800cc68                PCD8544_GotoXY
 *(.glue_7t)
 .glue_7t       0x0800cc98        0x0 linker stubs
 *(.glue_7)
 .glue_7        0x0800cc98        0x0 linker stubs
 *(.rodata .rodata* .gnu.linkonce.r.*)

.vfp11_veneer   0x0800cc98        0x0
 .vfp11_veneer  0x0800cc98        0x0 linker stubs

.v4_bx          0x0800cc98        0x0
 .v4_bx         0x0800cc98        0x0 linker stubs

.iplt           0x0800cc98        0x0
 .iplt          0x0800cc98        0x0 ..\obj\stm32f4xx_syscfg.o

.rel.dyn        0x0800cc98        0x0
 .rel.iplt      0x0800cc98        0x0 ..\obj\stm32f4xx_syscfg.o

.ARM.extab
 *(.ARM.extab* .gnu.linkonce.armextab.*)
                0x0800cc98                __exidx_start = .

.ARM.exidx
 *(.ARM.exidx* .gnu.linkonce.armexidx.*)
                0x0800cc98                __exidx_end = .
                0x0800cc98                . = ALIGN (0x4)
                0x0800cc98                _etext = .
                0x0800cc98                _sidata = .

.data           0x20000000    0x19354 load address 0x0800cc98
                0x20000000                _sdata = .
 *(.data .data.*)
 .data          0x20000000        0x8 ..\obj\TetrisLogic.o
                0x20000000                z
                0x20000004                shape
 .data          0x20000008    0x19330 ..\obj\music.o
                0x20000008                music
 .data          0x20019338       0x1c ..\obj\main.o
                0x20019338                spawn
                0x2001933c                choiceX
                0x20019340                a1
                0x20019344                a2
                0x20019348                a3
                0x2001934c                a4
                0x20019350                letterPos
                0x20019354                . = ALIGN (0x4)
                0x20019354                _edata = .

.igot.plt       0x20019354        0x0 load address 0x08025fec
 .igot.plt      0x20019354        0x0 ..\obj\stm32f4xx_syscfg.o

.bss            0x20019354     0x1254 load address 0x08025fec
                0x20019354                _sbss = .
 *(.bss .bss.*)
 .bss           0x20019354       0x40 ..\obj\TetrisLogic.o
                0x20019354                collision
                0x20019355                gameOver
                0x20019358                score
                0x2001935c                rank
 .bss           0x20019394       0x18 ..\obj\main.o
                0x20019394                end
                0x20019395                movement
                0x20019396                button1
                0x20019397                button2
                0x20019398                button3
                0x20019399                button4
                0x2001939c                choice
                0x200193a0                coll
                0x200193a4                soundPlayer
                0x200193a8                letterSelect
 .bss           0x200193ac       0x16 ..\obj\tm_stm32f4_gpio.o
 .bss           0x200193c2        0x4 ..\obj\tm_stm32f4_pcd8544.o
                0x200193c2                PCD8544_UpdateXmin
                0x200193c3                PCD8544_UpdateXmax
                0x200193c4                PCD8544_UpdateYmin
                0x200193c5                PCD8544_UpdateYmax
 *(COMMON)
 *fill*         0x200193c6        0x2 
 COMMON         0x200193c8      0xfe0 ..\obj\TetrisLogic.o
                0x200193c8                screen
                0x2001a388                current
 COMMON         0x2001a3a8        0x4 ..\obj\main.o
                0x2001a3a8                actualNick
 COMMON         0x2001a3ac      0x1fc ..\obj\tm_stm32f4_pcd8544.o
                0x2001a3ac                PCD8544_y
                0x2001a3ad                PCD8544_x
                0x2001a3b0                PCD8544_Buffer
                0x2001a5a8                . = ALIGN (0x4)
                0x2001a5a8                _ebss = .

.co_stack       0x2001a5a8      0x800 load address 0x08027240
                0x2001a5a8                . = ALIGN (0x8)
 *(.co_stack .co_stack.*)
 .co_stack      0x2001a5a8      0x800 ..\obj\startup_stm32f4xx.o
                0x2001a5a8                pulStack
                0x2001ada8                . = ALIGN (0x4)
                0x2001ada8                _end = .
LOAD ..\obj\stm32f4xx_syscfg.o
LOAD ..\obj\TetrisLogic.o
LOAD ..\obj\stm32f4xx_dac.o
LOAD ..\obj\music.o
LOAD ..\obj\startup_stm32f4xx.o
LOAD ..\obj\main.o
LOAD ..\obj\stm32f4xx_rcc.o
LOAD ..\obj\tm_stm32f4_spi.o
LOAD ..\obj\tm_stm32f4_rng.o
LOAD ..\obj\stm32f4xx_gpio.o
LOAD ..\obj\system_stm32f4xx.o
LOAD ..\obj\stm32f4xx_spi.o
LOAD ..\obj\misc.o
LOAD ..\obj\tm_stm32f4_gpio.o
LOAD ..\obj\stm32f4xx_tim.o
LOAD ..\obj\tm_stm32f4_pcd8544.o
START GROUP
LOAD c:/program files (x86)/gnu tools arm embedded/5.4 2016q3/bin/../lib/gcc/arm-none-eabi/5.4.1/armv7e-m\libgcc.a
LOAD c:/program files (x86)/gnu tools arm embedded/5.4 2016q3/bin/../lib/gcc/arm-none-eabi/5.4.1/../../../../arm-none-eabi/lib/armv7e-m\libg.a
LOAD c:/program files (x86)/gnu tools arm embedded/5.4 2016q3/bin/../lib/gcc/arm-none-eabi/5.4.1/../../../../arm-none-eabi/lib/armv7e-m\libc.a
END GROUP
OUTPUT(Tetris32.elf elf32-littlearm)

.debug_info     0x00000000     0x9d2c
 .debug_info    0x00000000     0x24b6 ..\obj\TetrisLogic.o
 .debug_info    0x000024b6      0x642 ..\obj\stm32f4xx_dac.o
 .debug_info    0x00002af8       0xd3 ..\obj\music.o
 .debug_info    0x00002bcb       0xf2 ..\obj\startup_stm32f4xx.o
 .debug_info    0x00002cbd      0xa09 ..\obj\main.o
 .debug_info    0x000036c6      0xc63 ..\obj\stm32f4xx_rcc.o
 .debug_info    0x00004329      0xaa5 ..\obj\tm_stm32f4_spi.o
 .debug_info    0x00004dce      0x2cd ..\obj\tm_stm32f4_rng.o
 .debug_info    0x0000509b      0x61a ..\obj\stm32f4xx_gpio.o
 .debug_info    0x000056b5      0x5c5 ..\obj\system_stm32f4xx.o
 .debug_info    0x00005c7a      0xb0f ..\obj\stm32f4xx_spi.o
 .debug_info    0x00006789      0x556 ..\obj\misc.o
 .debug_info    0x00006cdf      0x83d ..\obj\tm_stm32f4_gpio.o
 .debug_info    0x0000751c     0x1c69 ..\obj\stm32f4xx_tim.o
 .debug_info    0x00009185      0xba7 ..\obj\tm_stm32f4_pcd8544.o

.debug_abbrev   0x00000000     0x154e
 .debug_abbrev  0x00000000      0x207 ..\obj\TetrisLogic.o
 .debug_abbrev  0x00000207      0x17e ..\obj\stm32f4xx_dac.o
 .debug_abbrev  0x00000385       0x79 ..\obj\music.o
 .debug_abbrev  0x000003fe       0xb0 ..\obj\startup_stm32f4xx.o
 .debug_abbrev  0x000004ae      0x1d4 ..\obj\main.o
 .debug_abbrev  0x00000682      0x1e5 ..\obj\stm32f4xx_rcc.o
 .debug_abbrev  0x00000867      0x1e6 ..\obj\tm_stm32f4_spi.o
 .debug_abbrev  0x00000a4d       0xc9 ..\obj\tm_stm32f4_rng.o
 .debug_abbrev  0x00000b16      0x1a7 ..\obj\stm32f4xx_gpio.o
 .debug_abbrev  0x00000cbd      0x138 ..\obj\system_stm32f4xx.o
 .debug_abbrev  0x00000df5      0x169 ..\obj\stm32f4xx_spi.o
 .debug_abbrev  0x00000f5e      0x147 ..\obj\misc.o
 .debug_abbrev  0x000010a5      0x151 ..\obj\tm_stm32f4_gpio.o
 .debug_abbrev  0x000011f6      0x189 ..\obj\stm32f4xx_tim.o
 .debug_abbrev  0x0000137f      0x1cf ..\obj\tm_stm32f4_pcd8544.o

.debug_aranges  0x00000000      0xc98
 .debug_aranges
                0x00000000      0x300 ..\obj\TetrisLogic.o
 .debug_aranges
                0x00000300       0xa0 ..\obj\stm32f4xx_dac.o
 .debug_aranges
                0x000003a0       0x18 ..\obj\music.o
 .debug_aranges
                0x000003b8       0x28 ..\obj\startup_stm32f4xx.o
 .debug_aranges
                0x000003e0       0x48 ..\obj\main.o
 .debug_aranges
                0x00000428      0x178 ..\obj\stm32f4xx_rcc.o
 .debug_aranges
                0x000005a0       0x98 ..\obj\tm_stm32f4_spi.o
 .debug_aranges
                0x00000638       0x30 ..\obj\tm_stm32f4_rng.o
 .debug_aranges
                0x00000668       0x88 ..\obj\stm32f4xx_gpio.o
 .debug_aranges
                0x000006f0       0x30 ..\obj\system_stm32f4xx.o
 .debug_aranges
                0x00000720       0xe0 ..\obj\stm32f4xx_spi.o
 .debug_aranges
                0x00000800       0x40 ..\obj\misc.o
 .debug_aranges
                0x00000840       0x98 ..\obj\tm_stm32f4_gpio.o
 .debug_aranges
                0x000008d8      0x2f8 ..\obj\stm32f4xx_tim.o
 .debug_aranges
                0x00000bd0       0xc8 ..\obj\tm_stm32f4_pcd8544.o

.debug_ranges   0x00000000      0xba0
 .debug_ranges  0x00000000      0x2f0 ..\obj\TetrisLogic.o
 .debug_ranges  0x000002f0       0x90 ..\obj\stm32f4xx_dac.o
 .debug_ranges  0x00000380       0x18 ..\obj\startup_stm32f4xx.o
 .debug_ranges  0x00000398       0x38 ..\obj\main.o
 .debug_ranges  0x000003d0      0x168 ..\obj\stm32f4xx_rcc.o
 .debug_ranges  0x00000538       0x88 ..\obj\tm_stm32f4_spi.o
 .debug_ranges  0x000005c0       0x20 ..\obj\tm_stm32f4_rng.o
 .debug_ranges  0x000005e0       0x78 ..\obj\stm32f4xx_gpio.o
 .debug_ranges  0x00000658       0x20 ..\obj\system_stm32f4xx.o
 .debug_ranges  0x00000678       0xd0 ..\obj\stm32f4xx_spi.o
 .debug_ranges  0x00000748       0x30 ..\obj\misc.o
 .debug_ranges  0x00000778       0x88 ..\obj\tm_stm32f4_gpio.o
 .debug_ranges  0x00000800      0x2e8 ..\obj\stm32f4xx_tim.o
 .debug_ranges  0x00000ae8       0xb8 ..\obj\tm_stm32f4_pcd8544.o

.debug_line     0x00000000     0x5242
 .debug_line    0x00000000     0x1cf6 ..\obj\TetrisLogic.o
 .debug_line    0x00001cf6      0x35e ..\obj\stm32f4xx_dac.o
 .debug_line    0x00002054      0x18e ..\obj\music.o
 .debug_line    0x000021e2       0x9c ..\obj\startup_stm32f4xx.o
 .debug_line    0x0000227e      0x3b2 ..\obj\main.o
 .debug_line    0x00002630      0x5b1 ..\obj\stm32f4xx_rcc.o
 .debug_line    0x00002be1      0x4ce ..\obj\tm_stm32f4_spi.o
 .debug_line    0x000030af      0x1d4 ..\obj\tm_stm32f4_rng.o
 .debug_line    0x00003283      0x36c ..\obj\stm32f4xx_gpio.o
 .debug_line    0x000035ef      0x1f8 ..\obj\system_stm32f4xx.o
 .debug_line    0x000037e7      0x465 ..\obj\stm32f4xx_spi.o
 .debug_line    0x00003c4c      0x24a ..\obj\misc.o
 .debug_line    0x00003e96      0x37c ..\obj\tm_stm32f4_gpio.o
 .debug_line    0x00004212      0xacd ..\obj\stm32f4xx_tim.o
 .debug_line    0x00004cdf      0x563 ..\obj\tm_stm32f4_pcd8544.o

.debug_str      0x00000000     0x3428
 .debug_str     0x00000000      0x56f ..\obj\TetrisLogic.o
                                0x5b3 (size before relaxing)
 .debug_str     0x0000056f      0x2e8 ..\obj\stm32f4xx_dac.o
                                0x44e (size before relaxing)
 .debug_str     0x00000857       0x35 ..\obj\music.o
                                0x16f (size before relaxing)
 .debug_str     0x0000088c       0xab ..\obj\startup_stm32f4xx.o
                                0x142 (size before relaxing)
 .debug_str     0x00000937      0x91f ..\obj\main.o
                                0xbaf (size before relaxing)
 .debug_str     0x00001256      0x637 ..\obj\stm32f4xx_rcc.o
                                0x84b (size before relaxing)
 .debug_str     0x0000188d      0x41d ..\obj\tm_stm32f4_spi.o
                                0x748 (size before relaxing)
 .debug_str     0x00001caa       0x69 ..\obj\tm_stm32f4_rng.o
                                0x2a1 (size before relaxing)
 .debug_str     0x00001d13      0x183 ..\obj\stm32f4xx_gpio.o
                                0x49e (size before relaxing)
 .debug_str     0x00001e96      0x113 ..\obj\system_stm32f4xx.o
                                0x3a5 (size before relaxing)
 .debug_str     0x00001fa9      0x2db ..\obj\stm32f4xx_spi.o
                                0x685 (size before relaxing)
 .debug_str     0x00002284      0x15c ..\obj\misc.o
                                0x3c9 (size before relaxing)
 .debug_str     0x000023e0      0x21a ..\obj\tm_stm32f4_gpio.o
                                0x5a0 (size before relaxing)
 .debug_str     0x000025fa      0xa81 ..\obj\stm32f4xx_tim.o
                                0xdcb (size before relaxing)
 .debug_str     0x0000307b      0x3ad ..\obj\tm_stm32f4_pcd8544.o
                                0x7cf (size before relaxing)

.comment        0x00000000       0x6e
 .comment       0x00000000       0x6e ..\obj\TetrisLogic.o
                                 0x6f (size before relaxing)
 .comment       0x0000006e       0x6f ..\obj\stm32f4xx_dac.o
 .comment       0x0000006e       0x6f ..\obj\music.o
 .comment       0x0000006e       0x6f ..\obj\startup_stm32f4xx.o
 .comment       0x0000006e       0x6f ..\obj\main.o
 .comment       0x0000006e       0x6f ..\obj\stm32f4xx_rcc.o
 .comment       0x0000006e       0x6f ..\obj\tm_stm32f4_spi.o
 .comment       0x0000006e       0x6f ..\obj\tm_stm32f4_rng.o
 .comment       0x0000006e       0x6f ..\obj\stm32f4xx_gpio.o
 .comment       0x0000006e       0x6f ..\obj\system_stm32f4xx.o
 .comment       0x0000006e       0x6f ..\obj\stm32f4xx_spi.o
 .comment       0x0000006e       0x6f ..\obj\misc.o
 .comment       0x0000006e       0x6f ..\obj\tm_stm32f4_gpio.o
 .comment       0x0000006e       0x6f ..\obj\stm32f4xx_tim.o
 .comment       0x0000006e       0x6f ..\obj\tm_stm32f4_pcd8544.o

.ARM.attributes
                0x00000000       0x33
 .ARM.attributes
                0x00000000       0x33 ..\obj\TetrisLogic.o
 .ARM.attributes
                0x00000033       0x33 ..\obj\stm32f4xx_dac.o
 .ARM.attributes
                0x00000066       0x33 ..\obj\music.o
 .ARM.attributes
                0x00000099       0x33 ..\obj\startup_stm32f4xx.o
 .ARM.attributes
                0x000000cc       0x33 ..\obj\main.o
 .ARM.attributes
                0x000000ff       0x33 ..\obj\stm32f4xx_rcc.o
 .ARM.attributes
                0x00000132       0x33 ..\obj\tm_stm32f4_spi.o
 .ARM.attributes
                0x00000165       0x33 ..\obj\tm_stm32f4_rng.o
 .ARM.attributes
                0x00000198       0x33 ..\obj\stm32f4xx_gpio.o
 .ARM.attributes
                0x000001cb       0x33 ..\obj\system_stm32f4xx.o
 .ARM.attributes
                0x000001fe       0x33 ..\obj\stm32f4xx_spi.o
 .ARM.attributes
                0x00000231       0x33 ..\obj\misc.o
 .ARM.attributes
                0x00000264       0x33 ..\obj\tm_stm32f4_gpio.o
 .ARM.attributes
                0x00000297       0x33 ..\obj\stm32f4xx_tim.o
 .ARM.attributes
                0x000002ca       0x33 ..\obj\tm_stm32f4_pcd8544.o

.debug_frame    0x00000000     0x36f4
 .debug_frame   0x00000000      0xde8 ..\obj\TetrisLogic.o
 .debug_frame   0x00000de8      0x2ac ..\obj\stm32f4xx_dac.o
 .debug_frame   0x00001094       0x4c ..\obj\startup_stm32f4xx.o
 .debug_frame   0x000010e0       0xd0 ..\obj\main.o
 .debug_frame   0x000011b0      0x6d4 ..\obj\stm32f4xx_rcc.o
 .debug_frame   0x00001884      0x270 ..\obj\tm_stm32f4_spi.o
 .debug_frame   0x00001af4       0x70 ..\obj\tm_stm32f4_rng.o
 .debug_frame   0x00001b64      0x23c ..\obj\stm32f4xx_gpio.o
 .debug_frame   0x00001da0       0x7c ..\obj\system_stm32f4xx.o
 .debug_frame   0x00001e1c      0x3f4 ..\obj\stm32f4xx_spi.o
 .debug_frame   0x00002210       0xd8 ..\obj\misc.o
 .debug_frame   0x000022e8      0x274 ..\obj\tm_stm32f4_gpio.o
 .debug_frame   0x0000255c      0xe54 ..\obj\stm32f4xx_tim.o
 .debug_frame   0x000033b0      0x344 ..\obj\tm_stm32f4_pcd8544.o
